ASxxxx Linker V03.00/V05.40 + sdld,  page 1.
Hexadecimal  [32-Bits]

Area                                    Addr        Size        Decimal Bytes (Attributes)
--------------------------------        ----        ----        ------- ----- ------------
.  .ABS.                            00000000    00000000 =           0. bytes (ABS,CON)

      Value  Global                              Global Defined In Module
      -----  --------------------------------   ------------------------
     00000000  .__.ABS.                           
     00000000  _rRAMG                             
     00000000  l__BASE                         
     00000000  l__BSS                          
     00000000  l__CABS                         
     00000000  l__CODE_0                       
     00000000  l__CRASH_HEADER                 
     00000000  l__CRASH_SCRATCH                
     00000000  l__DABS                         
     00000000  l__HEADER                       
     00000000  l__HEADER_LCD                   
     00000000  l__HEADER_SIO                   
     00000000  l__HEADER_TIMER                 
     00000000  l__HEAP                         
     00000000  l__HEAP_END                     
     00000000  l__HRAM                         
     00000000  l__LIT                          
     00000000  s__CABS                         
     00000000  s__CRASH_HEADER                 
     00000000  s__CRASH_HEADER0                
     00000000  s__CRASH_HEADER1                
     00000000  s__CRASH_SCRATCH                
     00000000  s__CRASH_SCRATCH2               
     00000000  s__DABS                         
     00000000  s__HEADER                       
     00000000  s__HEADER0                      
     00000000  s__HEADER1                      
     00000000  s__HEADER10                     
     00000000  s__HEADER11                     
     00000000  s__HEADER2                      
     00000000  s__HEADER3                      
     00000000  s__HEADER4                      
     00000000  s__HEADER5                      
     00000000  s__HEADER6                      
     00000000  s__HEADER7                      
     00000000  s__HEADER8                      
     00000000  s__HEADER9                      
     00000000  s__HEADER_LCD                   
     00000000  s__HEADER_LCD0                  
     00000000  s__HEADER_SIO                   
     00000000  s__HEADER_SIO0                  
     00000000  s__HEADER_TIMER                 
     00000000  s__HEADER_TIMER0                
     00000000  s__HEADERa                      
     00000000  s__HEADERb                      
     00000000  s__HEADERc                      
     00000000  s__HEADERd                      
     00000000  s__HEADERe                      
     00000000  s__HEADERf                      
     00000000  s__HRAM                         
ASxxxx Linker V03.00/V05.40 + sdld,  page 2.
Hexadecimal  [32-Bits]

Area                                    Addr        Size        Decimal Bytes (Attributes)
--------------------------------        ----        ----        ------- ----- ------------
.  .ABS.                            00000000    00000000 =           0. bytes (ABS,CON)

      Value  Global                              Global Defined In Module
      -----  --------------------------------   ------------------------
     00000000  s__HRAM12                       
     00000001  ___bank_VM_SGB                     vm_sgb
     00000001  ___bank_bg_lencityopen_tilemap_a   bg_lencityopen_tilemap_attr
     00000001  ___bank_scene_15_triggers          scene_15_triggers
     00000001  b_do_load_palette                  data_manager
     00000001  b_load_background                  data_manager
     00000001  b_load_bkg_tileset                 data_manager
     00000001  b_load_bounds                      data_manager
     00000001  b_load_emote                       data_manager
     00000001  b_load_init                        data_manager
     00000001  b_load_player                      data_manager
     00000001  b_load_scene                       data_manager
     00000001  b_load_sprite                      data_manager
     00000001  b_set_sgb_border                   sgb_border
     00000001  b_ui_draw_frame                    ui
     00000001  b_ui_draw_text_buffer_char         ui
     00000001  b_ui_init                          ui
     00000001  b_ui_load_tiles                    ui
     00000001  b_ui_run_menu                      ui
     00000001  b_ui_run_modal                     ui
     00000001  b_ui_set_start_tile                ui
     00000001  l__GSFINAL                      
     00000001  l__HEADER0                      
     00000001  l__HEADER5                      
     00000001  l__HEADERa                      
     00000001  l__HEADERb                      
     00000001  l__HEADERc                      
     00000001  l__HEADERe                      
     00000001  l__HEADERf                      
     00000002  ___bank_VM_PALETTE                 vm_palette
     00000002  ___bank_bg_controls_gb_copy__til   bg_controls_gb_copy__tileset
     00000002  ___bank_bg_lencityopen_tilemap     bg_lencityopen_tilemap
     00000002  ___bank_scene_17_sprites           scene_17_sprites
     00000002  ___bank_scene_18_sprites           scene_18_sprites
     00000002  ___bank_sprite_dhilly_saveselect   sprite_dhilly_saveselect
     00000002  b_vm_load_palette                  vm_palette
     00000002  l__HEADER10                     
     00000002  l__HEADER6                      
     00000002  l__HEADERd                      
     00000003  ___bank_bg_controls_gb_copy__til   bg_controls_gb_copy__tilemap
     00000003  ___bank_bg_controls_gba_copy__ti   bg_controls_gba_copy__tilese
     00000003  ___bank_scene_18_collisions        scene_18_collisions
     00000003  b_erase_flash                      
     00000003  b_save_sram_banks                  
     00000003  l__HEADER9                      
     00000003  l__HEADER_LCD0                  
     00000003  l__HRAM12                       
     00000004  ___bank_SGB_border_chr             border
     00000004  ___bank_SGB_border_map             border
     00000004  ___bank_SGB_border_pal             border
     00000004  ___bank_bg_controls_gba_copy_0_t   bg_controls_gba_copy_0_tiles
ASxxxx Linker V03.00/V05.40 + sdld,  page 3.
Hexadecimal  [32-Bits]

Area                                    Addr        Size        Decimal Bytes (Attributes)
--------------------------------        ----        ----        ------- ----- ------------
.  .ABS.                            00000000    00000000 =           0. bytes (ABS,CON)

      Value  Global                              Global Defined In Module
      -----  --------------------------------   ------------------------
     00000004  ___bank_bg_controls_gba_copy__ti   bg_controls_gba_copy__tilema
     00000004  ___bank_scene_18_triggers          scene_18_triggers
     00000004  b_CGBZeroPalette                   palette
     00000004  b_SGBTransferPalettes              palette
     00000004  b_palette_init                     palette
     00000004  b_shmup_init                       shmup
     00000004  b_shmup_update                     shmup
     00000004  l__CRASH_HEADER1                
     00000004  l__HEADER_SIO0                  
     00000004  l__HEADER_TIMER0                
     00000005  ___bank_VM_MAIN                    vm
     00000005  ___bank_VM_RTC                     vm_rtc
     00000005  ___bank_bg_controls_gba_copy__ti   bg_controls_gba_copy__tilema
     00000005  ___bank_bg_controls_gbc_copy__ti   bg_controls_gbc_copy__tilese
     00000005  ___bank_bg_controls_mobile_copy_   bg_controls_mobile_copy__til
     00000005  b_script_detach_hthread            vm
     00000005  b_script_execute                   vm
     00000005  b_script_runner_init               vm
     00000005  b_script_terminate                 vm
     00000005  b_vm_call                          vm
     00000005  b_vm_call_far                      vm
     00000005  b_vm_get_indirect                  vm
     00000005  b_vm_get_int16                     vm
     00000005  b_vm_get_int8                      vm
     00000005  b_vm_get_tlocal                    vm
     00000005  b_vm_get_uint8                     vm
     00000005  b_vm_idle                          vm
     00000005  b_vm_if                            vm
     00000005  b_vm_if_const                      vm
     00000005  b_vm_init_rng                      vm
     00000005  b_vm_invoke                        vm
     00000005  b_vm_join                          vm
     00000005  b_vm_jump                          vm
     00000005  b_vm_lock                          vm
     00000005  b_vm_loop                          vm
     00000005  b_vm_memcpy                        vm
     00000005  b_vm_memset                        vm
     00000005  b_vm_poll_loaded                   vm
     00000005  b_vm_pop                           vm
     00000005  b_vm_push                          vm
     00000005  b_vm_push_reference                vm
     00000005  b_vm_push_value                    vm
     00000005  b_vm_push_value_ind                vm
     00000005  b_vm_raise                         vm
     00000005  b_vm_rand                          vm
     00000005  b_vm_reserve                       vm
     00000005  b_vm_ret                           vm
     00000005  b_vm_ret_far                       vm
     00000005  b_vm_rtc_get                       vm_rtc
     00000005  b_vm_rtc_latch                     vm_rtc
     00000005  b_vm_rtc_set                       vm_rtc
ASxxxx Linker V03.00/V05.40 + sdld,  page 4.
Hexadecimal  [32-Bits]

Area                                    Addr        Size        Decimal Bytes (Attributes)
--------------------------------        ----        ----        ------- ----- ------------
.  .ABS.                            00000000    00000000 =           0. bytes (ABS,CON)

      Value  Global                              Global Defined In Module
      -----  --------------------------------   ------------------------
     00000005  b_vm_rtc_start                     vm_rtc
     00000005  b_vm_set                           vm
     00000005  b_vm_set_const                     vm
     00000005  b_vm_set_const_int16               vm
     00000005  b_vm_set_const_int8                vm
     00000005  b_vm_set_indirect                  vm
     00000005  b_vm_set_int16                     vm
     00000005  b_vm_set_int8                      vm
     00000005  b_vm_set_uint8                     vm
     00000005  b_vm_terminate                     vm
     00000005  b_vm_test_terminate                vm
     00000005  b_vm_unlock                        vm
     00000005  b_wait_frames                      vm
     00000005  l__CRASH_HEADER0                
     00000005  l__HEADER1                      
     00000006  ___bank_bg_controls_mobile_copy_   bg_controls_mobile_copy_0_ti
     00000006  ___bank_bg_options_copy__tileset   bg_options_copy__tileset
     00000006  ___bank_font_gbs_variable_width    font_gbs_variable_width
     00000006  ___bank_sprite_dhilly_saveselect   sprite_dhilly_saveselect_co_
     00000006  b_projectile_launch                projectiles
     00000006  b_projectiles_init                 projectiles
     00000006  l__HEADER8                      
     00000007  ___bank_VM_UI                      vm_ui
     00000007  ___bank_bg_title_copy_1_tileset    bg_title_copy_1_tileset
     00000007  ___bank_bg_title_tileset           bg_title_tileset
     00000007  ___bank_scene_3_sprites            scene_3_sprites
     00000007  b_core_reset                       core
     00000007  b_core_run                         core
     00000007  b_restore_sram                     flasher
     00000007  b_restore_sram_bank                flasher
     00000007  b_save_sram                        flasher
     00000007  b_scroll_init                      scroll
     00000007  b_scroll_repaint                   scroll
     00000007  b_scroll_reset                     scroll
     00000007  b_scroll_update                    scroll
     00000007  b_vm_choice                        vm_ui
     00000007  b_vm_display_text                  vm_ui
     00000007  b_vm_overlay_clear                 vm_ui
     00000007  b_vm_overlay_move_to               vm_ui
     00000007  b_vm_overlay_scroll                vm_ui
     00000007  b_vm_overlay_set_map               vm_ui
     00000007  b_vm_overlay_set_scroll            vm_ui
     00000007  b_vm_overlay_set_submap            vm_ui
     00000007  b_vm_overlay_set_submap_ex         vm_ui
     00000007  b_vm_overlay_setpos                vm_ui
     00000007  b_vm_overlay_show                  vm_ui
     00000007  b_vm_overlay_wait                  vm_ui
     00000007  b_vm_set_font                      vm_ui
     00000007  b_vm_set_text_sound                vm_ui
     00000007  b_vm_switch_text_layer             vm_ui
     00000007  l__HEADER2                      
ASxxxx Linker V03.00/V05.40 + sdld,  page 5.
Hexadecimal  [32-Bits]

Area                                    Addr        Size        Decimal Bytes (Attributes)
--------------------------------        ----        ----        ------- ----- ------------
.  .ABS.                            00000000    00000000 =           0. bytes (ABS,CON)

      Value  Global                              Global Defined In Module
      -----  --------------------------------   ------------------------
     00000008  ___bank_ACTOR                      actor
     00000008  ___bank_VM_ACTOR                   vm_actor
     00000008  ___bank_script_engine_init         
     00000008  b_activate_actor                   actor
     00000008  b_activate_actors_in_col           actor
     00000008  b_activate_actors_in_row           actor
     00000008  b_actor_at_tile                    actor
     00000008  b_actor_get_frame_offset           actor
     00000008  b_actor_in_front_of_player         actor
     00000008  b_actor_overlapping_bb             actor
     00000008  b_actor_overlapping_player         actor
     00000008  b_actor_set_anim_idle              actor
     00000008  b_actor_set_anim_moving            actor
     00000008  b_actor_set_dir                    actor
     00000008  b_actor_set_frame_offset           actor
     00000008  b_actor_set_frames                 actor
     00000008  b_actors_handle_player_collision   actor
     00000008  b_actors_init                      actor
     00000008  b_check_collision_in_direction     actor
     00000008  b_deactivate_actor                 actor
     00000008  b_platform_init                    platform
     00000008  b_platform_update                  platform
     00000008  b_player_init                      actor
     00000008  b_vm_actor_activate                vm_actor
     00000008  b_vm_actor_begin_update            vm_actor
     00000008  b_vm_actor_deactivate              vm_actor
     00000008  b_vm_actor_emote                   vm_actor
     00000008  b_vm_actor_get_angle               vm_actor
     00000008  b_vm_actor_get_anim_frame          vm_actor
     00000008  b_vm_actor_get_dir                 vm_actor
     00000008  b_vm_actor_get_pos                 vm_actor
     00000008  b_vm_actor_move_cancel             vm_actor
     00000008  b_vm_actor_move_to                 vm_actor
     00000008  b_vm_actor_replace_tile            vm_actor
     00000008  b_vm_actor_set_anim                vm_actor
     00000008  b_vm_actor_set_anim_frame          vm_actor
     00000008  b_vm_actor_set_anim_set            vm_actor
     00000008  b_vm_actor_set_anim_tick           vm_actor
     00000008  b_vm_actor_set_bounds              vm_actor
     00000008  b_vm_actor_set_dir                 vm_actor
     00000008  b_vm_actor_set_flags               vm_actor
     00000008  b_vm_actor_set_move_speed          vm_actor
     00000008  b_vm_actor_set_pos                 vm_actor
     00000008  b_vm_actor_set_spritesheet         vm_actor
     00000008  b_vm_actor_set_spritesheet_by_re   vm_actor
     00000008  b_vm_actor_terminate_update        vm_actor
     00000008  l__HEADER3                      
     00000009  ___bank_VM_GAMEBOY                 vm_gameboy
     00000009  ___bank_bg_controls_gb_copy_0_ti   bg_controls_gb_copy_0_tilema
     00000009  ___bank_bg_controls_gb_copy_0_ti   bg_controls_gb_copy_0_tilema
     00000009  ___bank_bg_intro_scenary_copy__t   bg_intro_scenary_copy__tilem
ASxxxx Linker V03.00/V05.40 + sdld,  page 6.
Hexadecimal  [32-Bits]

Area                                    Addr        Size        Decimal Bytes (Attributes)
--------------------------------        ----        ----        ------- ----- ------------
.  .ABS.                            00000000    00000000 =           0. bytes (ABS,CON)

      Value  Global                              Global Defined In Module
      -----  --------------------------------   ------------------------
     00000009  ___bank_bg_intro_scenary_copy__t   bg_intro_scenary_copy__tilem
     00000009  ___bank_bg_title_copy__tileset     bg_title_copy__tileset
     00000009  ___bank_scene_15_collisions        scene_15_collisions
     00000009  ___bank_scene_17_collisions        scene_17_collisions
     00000009  ___bank_scene_7_init               scene_7_init
     00000009  ___bank_trigger_1_interact         trigger_1_interact
     00000009  b_adventure_init                   adventure
     00000009  b_adventure_update                 adventure
     00000009  b_data_clear                       load_save
     00000009  b_data_init                        load_save
     00000009  b_data_load                        load_save
     00000009  b_data_peek                        load_save
     00000009  b_data_save                        load_save
     00000009  b_parallax_init                    parallax
     00000009  b_topdown_init                     topdown
     00000009  b_topdown_update                   topdown
     00000009  b_vm_context_prepare               vm_gameboy
     00000009  b_vm_fade                          vm_gameboy
     00000009  b_vm_get_tile_xy                   vm_gameboy
     00000009  b_vm_input_attach                  vm_gameboy
     00000009  b_vm_input_detach                  vm_gameboy
     00000009  b_vm_input_get                     vm_gameboy
     00000009  b_vm_input_wait                    vm_gameboy
     00000009  b_vm_load_tiles                    vm_gameboy
     00000009  b_vm_load_tileset                  vm_gameboy
     00000009  b_vm_poll                          vm_gameboy
     00000009  b_vm_replace_tile                  vm_gameboy
     00000009  b_vm_replace_tile_xy               vm_gameboy
     00000009  b_vm_rumble                        vm_gameboy
     00000009  b_vm_set_sprite_mode               vm_gameboy
     00000009  b_vm_set_sprites_visible           vm_gameboy
     00000009  b_vm_timer_prepare                 vm_gameboy
     00000009  b_vm_timer_reset                   vm_gameboy
     00000009  b_vm_timer_set                     vm_gameboy
     00000009  b_vm_timer_stop                    vm_gameboy
     0000000A  ___bank_VM_CAMERA                  vm_camera
     0000000A  ___bank_VM_SIO                     vm_sio
     0000000A  ___bank_bg_controls_gb_copy_0_ti   bg_controls_gb_copy_0_tilese
     0000000A  ___bank_bg_controls_gba_copy_0_t   bg_controls_gba_copy_0_tilem
     0000000A  ___bank_bg_controls_gbc_copy__ti   bg_controls_gbc_copy__tilema
     0000000A  ___bank_bg_controls_mobile_copy_   bg_controls_mobile_copy_0_ti
     0000000A  ___bank_bg_controls_mobile_copy_   bg_controls_mobile_copy__til
     0000000A  ___bank_bg_intro_weather_copy__t   bg_intro_weather_copy__tilem
     0000000A  ___bank_bg_intro_weather_copy__t   bg_intro_weather_copy__tilem
     0000000A  ___bank_bg_lencityopen_tileset     bg_lencityopen_tileset
     0000000A  ___bank_bg_options_copy__tilemap   bg_options_copy__tilemap_att
     0000000A  ___bank_bg_pixil_frame_0_copy_co   bg_pixil_frame_0_copy_copy__
     0000000A  ___bank_bg_pixil_frame_0_copy_co   bg_pixil_frame_0_copy_copy__
     0000000A  ___bank_bg_pixil_frame_0_copy_co   bg_pixil_frame_0_copy_copy__
     0000000A  ___bank_bg_title_copy_0_tilemap    bg_title_copy_0_tilemap
     0000000A  ___bank_bg_title_copy_0_tileset    bg_title_copy_0_tileset
ASxxxx Linker V03.00/V05.40 + sdld,  page 7.
Hexadecimal  [32-Bits]

Area                                    Addr        Size        Decimal Bytes (Attributes)
--------------------------------        ----        ----        ------- ----- ------------
.  .ABS.                            00000000    00000000 =           0. bytes (ABS,CON)

      Value  Global                              Global Defined In Module
      -----  --------------------------------   ------------------------
     0000000A  ___bank_bg_title_copy__tilemap     bg_title_copy__tilemap
     0000000A  ___bank_bg_title_tilemap_attr      bg_title_tilemap_attr
     0000000A  ___bank_scene_10_collisions        scene_10_collisions
     0000000A  ___bank_scene_11_collisions        scene_11_collisions
     0000000A  ___bank_scene_12_collisions        scene_12_collisions
     0000000A  ___bank_scene_1_collisions         scene_1_collisions
     0000000A  ___bank_script_input_3             script_input_3
     0000000A  ___bank_script_input_6             script_input_6
     0000000A  b___HandleCrash_banked             
     0000000A  b_atan2                            math_atan2
     0000000A  b_camera_shake_frames              vm_camera
     0000000A  b_fade_applypalettechange          fade_manager
     0000000A  b_fade_in                          fade_manager
     0000000A  b_fade_in_modal                    fade_manager
     0000000A  b_fade_init                        fade_manager
     0000000A  b_fade_out                         fade_manager
     0000000A  b_fade_out_modal                   fade_manager
     0000000A  b_fade_setspeed                    fade_manager
     0000000A  b_fade_update                      fade_manager
     0000000A  b_gbprinter_detect                 gbprinter
     0000000A  b_gbprinter_print_overlay          gbprinter
     0000000A  b_pointnclick_init                 pointnclick
     0000000A  b_pointnclick_update               pointnclick
     0000000A  b_trigger_activate_at              trigger
     0000000A  b_trigger_activate_at_intersecti   trigger
     0000000A  b_trigger_at_intersection          trigger
     0000000A  b_trigger_at_tile                  trigger
     0000000A  b_trigger_interact                 trigger
     0000000A  b_trigger_reset                    trigger
     0000000A  b_vm_camera_move_to                vm_camera
     0000000A  b_vm_camera_set_pos                vm_camera
     0000000A  b_vm_sio_exchange                  vm_sio
     0000000A  b_vm_sio_set_mode                  vm_sio
     0000000B  ___bank_VM_GBPRINTER               vm_gbprinter
     0000000B  ___bank_VM_LOAD_SAVE               vm_load_save
     0000000B  ___bank_VM_MATH                    vm_math
     0000000B  ___bank_VM_MUSIC                   vm_music
     0000000B  ___bank_VM_PROJECTILE              vm_projectiles
     0000000B  ___bank_VM_SCENE                   vm_scene
     0000000B  ___bank_actor_6_interact           actor_6_interact
     0000000B  ___bank_avatar_font_0              avatar_font_0
     0000000B  ___bank_bg_controls_gb_copy_       bg_controls_gb_copy_
     0000000B  ___bank_bg_controls_gb_copy_0      bg_controls_gb_copy_0
     0000000B  ___bank_bg_controls_gba_copy_      bg_controls_gba_copy_
     0000000B  ___bank_bg_controls_gba_copy_0     bg_controls_gba_copy_0
     0000000B  ___bank_bg_controls_gbc_copy_      bg_controls_gbc_copy_
     0000000B  ___bank_bg_controls_mobile_copy_   bg_controls_mobile_copy_
     0000000B  ___bank_bg_controls_mobile_copy_   bg_controls_mobile_copy_0
     0000000B  ___bank_bg_intro_scenary_copy_     bg_intro_scenary_copy_
     0000000B  ___bank_bg_intro_scenary_copy__t   bg_intro_scenary_copy__tiles
     0000000B  ___bank_bg_intro_weather_copy_     bg_intro_weather_copy_
ASxxxx Linker V03.00/V05.40 + sdld,  page 8.
Hexadecimal  [32-Bits]

Area                                    Addr        Size        Decimal Bytes (Attributes)
--------------------------------        ----        ----        ------- ----- ------------
.  .ABS.                            00000000    00000000 =           0. bytes (ABS,CON)

      Value  Global                              Global Defined In Module
      -----  --------------------------------   ------------------------
     0000000B  ___bank_bg_intro_weather_copy__t   bg_intro_weather_copy__tiles
     0000000B  ___bank_bg_lencityopen             bg_lencityopen
     0000000B  ___bank_bg_options_copy_           bg_options_copy_
     0000000B  ___bank_bg_pixil_frame_0_copy_co   bg_pixil_frame_0_copy_copy_
     0000000B  ___bank_bg_title                   bg_title
     0000000B  ___bank_bg_title_copy_             bg_title_copy_
     0000000B  ___bank_bg_title_copy_0            bg_title_copy_0
     0000000B  ___bank_bg_title_copy_1            bg_title_copy_1
     0000000B  ___bank_bootstrap_script           
     0000000B  ___bank_cursor_image               cursor_image
     0000000B  ___bank_frame_image                frame_image
     0000000B  ___bank_palette_0                  palette_0
     0000000B  ___bank_palette_1                  palette_1
     0000000B  ___bank_palette_10                 palette_10
     0000000B  ___bank_palette_11                 palette_11
     0000000B  ___bank_palette_12                 palette_12
     0000000B  ___bank_palette_13                 palette_13
     0000000B  ___bank_palette_14                 palette_14
     0000000B  ___bank_palette_15                 palette_15
     0000000B  ___bank_palette_16                 palette_16
     0000000B  ___bank_palette_17                 palette_17
     0000000B  ___bank_palette_2                  palette_2
     0000000B  ___bank_palette_3                  palette_3
     0000000B  ___bank_palette_4                  palette_4
     0000000B  ___bank_palette_5                  palette_5
     0000000B  ___bank_palette_6                  palette_6
     0000000B  ___bank_palette_7                  palette_7
     0000000B  ___bank_palette_8                  palette_8
     0000000B  ___bank_palette_9                  palette_9
     0000000B  ___bank_scene_1                    scene_1
     0000000B  ___bank_scene_10                   scene_10
     0000000B  ___bank_scene_10_init              scene_10_init
     0000000B  ___bank_scene_11                   scene_11
     0000000B  ___bank_scene_11_init              scene_11_init
     0000000B  ___bank_scene_12                   scene_12
     0000000B  ___bank_scene_12_init              scene_12_init
     0000000B  ___bank_scene_13                   scene_13
     0000000B  ___bank_scene_13_collisions        scene_13_collisions
     0000000B  ___bank_scene_13_init              scene_13_init
     0000000B  ___bank_scene_14                   scene_14
     0000000B  ___bank_scene_14_collisions        scene_14_collisions
     0000000B  ___bank_scene_14_init              scene_14_init
     0000000B  ___bank_scene_15                   scene_15
     0000000B  ___bank_scene_15_init              scene_15_init
     0000000B  ___bank_scene_16                   scene_16
     0000000B  ___bank_scene_16_collisions        scene_16_collisions
     0000000B  ___bank_scene_16_init              scene_16_init
     0000000B  ___bank_scene_17                   scene_17
     0000000B  ___bank_scene_17_actors            scene_17_actors
     0000000B  ___bank_scene_17_init              scene_17_init
     0000000B  ___bank_scene_17_triggers          scene_17_triggers
ASxxxx Linker V03.00/V05.40 + sdld,  page 9.
Hexadecimal  [32-Bits]

Area                                    Addr        Size        Decimal Bytes (Attributes)
--------------------------------        ----        ----        ------- ----- ------------
.  .ABS.                            00000000    00000000 =           0. bytes (ABS,CON)

      Value  Global                              Global Defined In Module
      -----  --------------------------------   ------------------------
     0000000B  ___bank_scene_18                   scene_18
     0000000B  ___bank_scene_18_actors            scene_18_actors
     0000000B  ___bank_scene_18_init              scene_18_init
     0000000B  ___bank_scene_1_init               scene_1_init
     0000000B  ___bank_scene_2                    scene_2
     0000000B  ___bank_scene_2_actors             scene_2_actors
     0000000B  ___bank_scene_2_collisions         scene_2_collisions
     0000000B  ___bank_scene_2_init               scene_2_init
     0000000B  ___bank_scene_3                    scene_3
     0000000B  ___bank_scene_3_actors             scene_3_actors
     0000000B  ___bank_scene_3_collisions         scene_3_collisions
     0000000B  ___bank_scene_3_init               scene_3_init
     0000000B  ___bank_scene_4                    scene_4
     0000000B  ___bank_scene_4_collisions         scene_4_collisions
     0000000B  ___bank_scene_4_init               scene_4_init
     0000000B  ___bank_scene_5                    scene_5
     0000000B  ___bank_scene_5_collisions         scene_5_collisions
     0000000B  ___bank_scene_5_init               scene_5_init
     0000000B  ___bank_scene_6                    scene_6
     0000000B  ___bank_scene_6_collisions         scene_6_collisions
     0000000B  ___bank_scene_6_init               scene_6_init
     0000000B  ___bank_scene_7                    scene_7
     0000000B  ___bank_scene_7_collisions         scene_7_collisions
     0000000B  ___bank_scene_8                    scene_8
     0000000B  ___bank_scene_8_collisions         scene_8_collisions
     0000000B  ___bank_scene_8_init               scene_8_init
     0000000B  ___bank_scene_9                    scene_9
     0000000B  ___bank_scene_9_collisions         scene_9_collisions
     0000000B  ___bank_scene_9_init               scene_9_init
     0000000B  ___bank_script_input_0             script_input_0
     0000000B  ___bank_script_input_1             script_input_1
     0000000B  ___bank_script_input_2             script_input_2
     0000000B  ___bank_script_input_4             script_input_4
     0000000B  ___bank_script_input_5             script_input_5
     0000000B  ___bank_script_timer_0             script_timer_0
     0000000B  ___bank_script_timer_1             script_timer_1
     0000000B  ___bank_script_timer_2             script_timer_2
     0000000B  ___bank_sprite_dhilly_saveselect   sprite_dhilly_saveselect_co
     0000000B  ___bank_sprite_dhilly_saveselect   sprite_dhilly_saveselect_co_
     0000000B  ___bank_sprite_highlight_options   sprite_highlight_options_co
     0000000B  ___bank_sprite_highlight_options   sprite_highlight_options_co_
     0000000B  ___bank_sprite_square_cart_copy_   sprite_square_cart_copy_
     0000000B  ___bank_sprite_square_cart_copy_   sprite_square_cart_copy__til
     0000000B  ___bank_sprite_square_platformin   sprite_square_platforming_c
     0000000B  ___bank_sprite_square_platformin   sprite_square_platforming_c_
     0000000B  ___bank_sprite_static_copy         sprite_static_copy
     0000000B  ___bank_sprite_static_copy_tiles   sprite_static_copy_tileset
     0000000B  ___bank_spritesheet_none           spritesheet_none
     0000000B  ___bank_trigger_0_interact         trigger_0_interact
     0000000B  ___bank_trigger_2_interact         trigger_2_interact
     0000000B  ___bank_trigger_3_interact         trigger_3_interact
ASxxxx Linker V03.00/V05.40 + sdld,  page 10.
Hexadecimal  [32-Bits]

Area                                    Addr        Size        Decimal Bytes (Attributes)
--------------------------------        ----        ----        ------- ----- ------------
.  .ABS.                            00000000    00000000 =           0. bytes (ABS,CON)

      Value  Global                              Global Defined In Module
      -----  --------------------------------   ------------------------
     0000000B  b_SIO_init                         sio
     0000000B  b_camera_init                      camera
     0000000B  b_camera_reset                     camera
     0000000B  b_events_init                      events
     0000000B  b_input_init                       input
     0000000B  b_itoa_fmt                         vm_ui_a
     0000000B  b_logo_init                        logo
     0000000B  b_logo_update                      logo
     0000000B  b_music_events_poll                music_manager
     0000000B  b_music_init_driver                music_manager
     0000000B  b_music_init_events                music_manager
     0000000B  b_remove_LCD_ISRs                  interrupts
     0000000B  b_scroll_rect                      
     0000000B  b_timers_init                      events
     0000000B  b_vm_cos_scale                     vm_math
     0000000B  b_vm_music_mute                    vm_music
     0000000B  b_vm_music_play                    vm_music
     0000000B  b_vm_music_routine                 vm_music
     0000000B  b_vm_music_setpos                  vm_music
     0000000B  b_vm_music_stop                    vm_music
     0000000B  b_vm_print_detect                  vm_gbprinter
     0000000B  b_vm_print_overlay                 vm_gbprinter
     0000000B  b_vm_projectile_launch             vm_projectiles
     0000000B  b_vm_projectile_load_type          vm_projectiles
     0000000B  b_vm_save_clear                    vm_load_save
     0000000B  b_vm_save_peek                     vm_load_save
     0000000B  b_vm_scene_pop                     vm_scene
     0000000B  b_vm_scene_pop_all                 vm_scene
     0000000B  b_vm_scene_push                    vm_scene
     0000000B  b_vm_scene_stack_reset             vm_scene
     0000000B  b_vm_sfx_play                      vm_music
     0000000B  b_vm_sin_scale                     vm_math
     0000000B  b_vm_sound_mastervol               vm_music
     0000000C  __start_save                    
     0000001A  l__INITIALIZED                  
     0000001A  l__INITIALIZER                  
     00000027  l__GSINIT                       
     00000030  l__HEADER7                      
     00000060  l__HEADER4                      
     00000080  ___size_SGB_border_pal             border
     000000AB  l__HEADER11                     
     000001CB  l__CRASH_SCRATCH2               
     00000200  s__CODE                         
     00000700  ___size_SGB_border_map             border
     00000ECE  l__CODE                         
     000010CE  s__HOME                         
     00001800  ___size_SGB_border_chr             border
     00001992  l__DATA                         
     00002000  _rROMB0                            
     00002B07  l__HOME                         
     00003000  _rROMB1                            
ASxxxx Linker V03.00/V05.40 + sdld,  page 11.
Hexadecimal  [32-Bits]

Area                                    Addr        Size        Decimal Bytes (Attributes)
--------------------------------        ----        ----        ------- ----- ------------
.  .ABS.                            00000000    00000000 =           0. bytes (ABS,CON)

      Value  Global                              Global Defined In Module
      -----  --------------------------------   ------------------------
     00003041  l__CODE_11                      
     00003BD5  s__BASE                         
     00003BD5  s__CODE_0                       
     00003BD5  s__INITIALIZER                  
     00003BD5  s__LIT                          
     00003BEF  s__GSINIT                       
     00003C16  s__GSFINAL                      
     00003FFD  l__CODE_10                      
     00003FFE  l__CODE_4                       
     00003FFE  l__CODE_8                       
     00003FFF  l__CODE_1                       
     00004000  _RTC_SELECT_REG                    vm_rtc
     00004000  _rRAMB                             
     00004000  l__CODE_2                       
     00004000  l__CODE_3                       
     00004000  l__CODE_5                       
     00004000  l__CODE_6                       
     00004000  l__CODE_7                       
     00004000  l__CODE_9                       
     00006000  _RTC_LATCH_REG                     vm_rtc
     00008000  __VRAM                             
     00008000  __VRAM8000                         
     00008800  __VRAM8800                         
     00009000  __VRAM9000                         
     00009800  __SCRN0                            
     00009C00  __SCRN1                            
     0000A000  _RTC_VALUE_REG                     vm_rtc
     0000A000  __SRAM                             
     0000C000  __RAM                              
     0000C000  _shadow_OAM                     
     0000C0A0  s__DATA                         
     0000D000  __RAMBANK                          
     0000DA32  s__BSS                          
     0000DA32  s__INITIALIZED                  
     0000DA4C  s__HEAP                         
     0000DA4C  s__HEAP_END                     
     0000DF00  .STACK                          
     0000DF00  _shadow_OAM2                       absolute
     0000DFA0  _BkgPalette                        absolute
     0000DFE0  _vwf_tile_data                     absolute
     0000FE00  __OAMRAM                           
     0000FF00  _P1_REG                            
     0000FF00  __IO                               
     0000FF01  _SB_REG                            
     0000FF02  _SC_REG                            
     0000FF04  _DIV_REG                           
     0000FF05  _TIMA_REG                          
     0000FF06  _TMA_REG                           
     0000FF07  _TAC_REG                           
     0000FF0F  _IF_REG                            
     0000FF10  _NR10_REG                          
ASxxxx Linker V03.00/V05.40 + sdld,  page 12.
Hexadecimal  [32-Bits]

Area                                    Addr        Size        Decimal Bytes (Attributes)
--------------------------------        ----        ----        ------- ----- ------------
.  .ABS.                            00000000    00000000 =           0. bytes (ABS,CON)

      Value  Global                              Global Defined In Module
      -----  --------------------------------   ------------------------
     0000FF11  _NR11_REG                          
     0000FF12  _NR12_REG                          
     0000FF13  _NR13_REG                          
     0000FF14  _NR14_REG                          
     0000FF16  _NR21_REG                          
     0000FF17  _NR22_REG                          
     0000FF18  _NR23_REG                          
     0000FF19  _NR24_REG                          
     0000FF1A  _NR30_REG                          
     0000FF1B  _NR31_REG                          
     0000FF1C  _NR32_REG                          
     0000FF1D  _NR33_REG                          
     0000FF1E  _NR34_REG                          
     0000FF20  _NR41_REG                          
     0000FF21  _NR42_REG                          
     0000FF22  _NR43_REG                          
     0000FF23  _NR44_REG                          
     0000FF24  _NR50_REG                          
     0000FF25  _NR51_REG                          
     0000FF26  _NR52_REG                          
     0000FF30  _AUD3WAVE                          
     0000FF30  _PCM_SAMPLE                        
     0000FF30  __AUD3WAVERAM                      
     0000FF40  _LCDC_REG                          
     0000FF41  _STAT_REG                          
     0000FF42  _SCY_REG                           
     0000FF43  _SCX_REG                           
     0000FF44  _LY_REG                            
     0000FF45  _LYC_REG                           
     0000FF46  _DMA_REG                           
     0000FF47  _BGP_REG                           
     0000FF48  _OBP0_REG                          
     0000FF49  _OBP1_REG                          
     0000FF4A  _WY_REG                            
     0000FF4B  _WX_REG                            
     0000FF4D  _KEY1_REG                          
     0000FF4F  _VBK_REG                           
     0000FF51  _HDMA1_REG                         
     0000FF52  _HDMA2_REG                         
     0000FF53  _HDMA3_REG                         
     0000FF54  _HDMA4_REG                         
     0000FF55  _HDMA5_REG                         
     0000FF56  _RP_REG                            
     0000FF68  _BCPS_REG                          
     0000FF69  _BCPD_REG                          
     0000FF6A  _OCPS_REG                          
     0000FF6B  _OCPD_REG                          
     0000FF70  _SVBK_REG                          
     0000FF76  _PCM12_REG                         
     0000FF77  _PCM34_REG                         
     0000FF80  .refresh_OAM                    
ASxxxx Linker V03.00/V05.40 + sdld,  page 13.
Hexadecimal  [32-Bits]

Area                                    Addr        Size        Decimal Bytes (Attributes)
--------------------------------        ----        ----        ------- ----- ------------
.  .ABS.                            00000000    00000000 =           0. bytes (ABS,CON)

      Value  Global                              Global Defined In Module
      -----  --------------------------------   ------------------------
     0000FF80  __HRAM                             
     0000FFFF  _IE_REG                            
     00014000  s__CODE_1                       
     00024000  s__CODE_2                       
     00034000  s__CODE_3                       
     00044000  s__CODE_4                       
     00054000  s__CODE_5                       
     00064000  s__CODE_6                       
     00074000  s__CODE_7                       
     00084000  s__CODE_8                       
     00094000  s__CODE_9                       
     000A4000  s__CODE_10                      
     000B4000  s__CODE_11                      
ASxxxx Linker V03.00/V05.40 + sdld,  page 14.
Hexadecimal  [32-Bits]

Area                                    Addr        Size        Decimal Bytes (Attributes)
--------------------------------        ----        ----        ------- ----- ------------
_CODE                               00000200    00000ECE =        3790. bytes (REL,CON)

      Value  Global                              Global Defined In Module
      -----  --------------------------------   ------------------------
     00000200  ___HandleCrash                     
     0000020A  _SIO_send_byte                     
     0000021D  _SIO_receive                       
     0000022E  _GetWinAddr                        
     00000236  _GetBkgAddr                        
     00000244  _state_init                        
     00000249  _state_update                      
     0000026B  _ui_time_masks                     
     00000273  _ui_print_shift_char               
     000002F6  _ui_draw_frame_row                 
     000002FF  .ui_draw_frame_row                 
     00000328  _script_cmds                       vm_instructions
     00000560  _save_signature                    game_signature
     00000564  _start_scene_x                     
     00000566  _start_scene_y                     
     00000568  _start_scene_dir                   
     00000569  _start_scene                       
     0000056C  _start_player_move_speed           
     0000056D  _start_player_anim_tick            
     0000056E  _ui_fonts                          
     00000574  _core_reset_hook                   main
     0000057C  _main                              main
     00000584  _state_start_fns                   
     00000596  _state_update_fns                  
     000005A8  _hUGE_init                         hUGEDriver_obj
     000005AA  hUGE_init                          hUGEDriver_obj
     00000600  _hUGE_mute_channel                 hUGEDriver_obj
     00000602  hUGE_mute_channel                  hUGEDriver_obj
     00000850  _hUGE_set_position                 hUGEDriver_obj
     00000852  hUGE_set_position                  hUGEDriver_obj
     00000A17  _hUGE_dosound                      hUGEDriver_obj
     00000A17  hUGE_dosound                       hUGEDriver_obj
     00000D43  _get_vram_byte                     
     00000D4B  _get_win_tile_xy                   
     00000D53  _get_bkg_tile_xy                   
     00000D7A  _set_sprite_palette                CGB
     00000D7F  _set_bkg_palette                   CGB
     00000D82  .set_palette                       CGB
     00000DA1  _set_sprite_palette_entry          CGB
     00000DA6  _set_bkg_palette_entry             CGB
     00000DA9  .set_palette_entry                 CGB
     00000DC5  _hide_sprites_range                Metasprites
     00000DF4  __mulsuchar                        mul
     00000DF7  __muluschar                        mul
     00000E00  __mulschar                         mul
     00000E08  __mulint                           mul
     00000E27  __muluchar                         mul
     00000E39  _set_vram_byte                     
     00000E42  _set_win_tile_xy                   
     00000E4A  _set_bkg_tile_xy                   
ASxxxx Linker V03.00/V05.40 + sdld,  page 15.
Hexadecimal  [32-Bits]

Area                                    Addr        Size        Decimal Bytes (Attributes)
--------------------------------        ----        ----        ------- ----- ------------
_CODE                               00000200    00000ECE =        3790. bytes (REL,CON)

      Value  Global                              Global Defined In Module
      -----  --------------------------------   ------------------------
     00000E74  .sgb_check                         
     00000E74  _sgb_check                         
     00000EBC  _sgb_transfer                      
     00000EC1  .sgb_transfer                      
     00000F02  .copy_vram                         
     00000F08  _get_data                          
     00000F08  _set_data                          
     00000F08  _vmemcpy                           
     00000F56  ___move_metasprite                 Metasprites
     00000F93  ___memcpy                          
     00000F93  _memcpy                            
     00000FC5  _cpu_slow                          CGB
     00000FE0  _cpu_fast                          CGB
     00000FE7  __divsuchar                        divmod
     00000FED  __modsuchar                        divmod
     00000FF6  __divuschar                        divmod
     00000FFF  __moduschar                        divmod
     0000100B  __divschar                         divmod
     00001010  __modschar                         divmod
     00001017  __divsint                          divmod
     00001020  __modsint                          divmod
     0000102C  __divuchar                         divmod
     00001031  __moduchar                         divmod
     00001038  __divuint                          divmod
     00001041  __moduint                          divmod
     0000104D  .div8                              divmod
     0000104D  .mod8                              divmod
     00001055  .div16                             divmod
     00001055  .mod16                             divmod
     0000108B  .divu8                             divmod
     0000108B  .modu8                             divmod
     0000108E  .divu16                            divmod
     0000108E  .modu16                            divmod

ASxxxx Linker V03.00/V05.40 + sdld,  page 16.
Hexadecimal  [32-Bits]

Area                                    Addr        Size        Decimal Bytes (Attributes)
--------------------------------        ----        ----        ------- ----- ------------
_HEADER0                            00000000    00000001 =           1. bytes (ABS,CON)

      Value  Global                              Global Defined In Module
      -----  --------------------------------   ------------------------
     00000020  .call_hl                           Runtime

ASxxxx Linker V03.00/V05.40 + sdld,  page 17.
Hexadecimal  [32-Bits]

Area                                    Addr        Size        Decimal Bytes (Attributes)
--------------------------------        ----        ----        ------- ----- ------------
_HEADER1                            00000000    00000005 =           5. bytes (ABS,CON)

      Value  Global                              Global Defined In Module
      -----  --------------------------------   ------------------------
     00000028  .MemsetSmall                       Runtime

ASxxxx Linker V03.00/V05.40 + sdld,  page 18.
Hexadecimal  [32-Bits]

Area                                    Addr        Size        Decimal Bytes (Attributes)
--------------------------------        ----        ----        ------- ----- ------------
_HEADER2                            00000000    00000007 =           7. bytes (ABS,CON)

      Value  Global                              Global Defined In Module
      -----  --------------------------------   ------------------------
     00000030  .MemcpySmall                       Runtime

ASxxxx Linker V03.00/V05.40 + sdld,  page 19.
Hexadecimal  [32-Bits]

Area                                    Addr        Size        Decimal Bytes (Attributes)
--------------------------------        ----        ----        ------- ----- ------------
_HEADER3                            00000000    00000008 =           8. bytes (ABS,CON)

      Value  Global                              Global Defined In Module
      -----  --------------------------------   ------------------------
ASxxxx Linker V03.00/V05.40 + sdld,  page 20.
Hexadecimal  [32-Bits]

Area                                    Addr        Size        Decimal Bytes (Attributes)
--------------------------------        ----        ----        ------- ----- ------------
_HEADER4                            00000000    00000060 =          96. bytes (ABS,CON)

      Value  Global                              Global Defined In Module
      -----  --------------------------------   ------------------------
     00000080  .int                               Runtime
     0000008F  _wait_int_handler                  Runtime
     0000009C  __standard_VBL_handler             Runtime
     000000AB  _refresh_OAM                       Runtime
     000000CC  _set_interrupts                    Runtime

ASxxxx Linker V03.00/V05.40 + sdld,  page 21.
Hexadecimal  [32-Bits]

Area                                    Addr        Size        Decimal Bytes (Attributes)
--------------------------------        ----        ----        ------- ----- ------------
_HEADER5                            00000000    00000001 =           1. bytes (ABS,CON)

      Value  Global                              Global Defined In Module
      -----  --------------------------------   ------------------------
ASxxxx Linker V03.00/V05.40 + sdld,  page 22.
Hexadecimal  [32-Bits]

Area                                    Addr        Size        Decimal Bytes (Attributes)
--------------------------------        ----        ----        ------- ----- ------------
_HEADER6                            00000000    00000002 =           2. bytes (ABS,CON)

      Value  Global                              Global Defined In Module
      -----  --------------------------------   ------------------------
ASxxxx Linker V03.00/V05.40 + sdld,  page 23.
Hexadecimal  [32-Bits]

Area                                    Addr        Size        Decimal Bytes (Attributes)
--------------------------------        ----        ----        ------- ----- ------------
_HEADER7                            00000000    00000030 =          48. bytes (ABS,CON)

      Value  Global                              Global Defined In Module
      -----  --------------------------------   ------------------------
ASxxxx Linker V03.00/V05.40 + sdld,  page 24.
Hexadecimal  [32-Bits]

Area                                    Addr        Size        Decimal Bytes (Attributes)
--------------------------------        ----        ----        ------- ----- ------------
_HEADER8                            00000000    00000006 =           6. bytes (ABS,CON)

      Value  Global                              Global Defined In Module
      -----  --------------------------------   ------------------------
ASxxxx Linker V03.00/V05.40 + sdld,  page 25.
Hexadecimal  [32-Bits]

Area                                    Addr        Size        Decimal Bytes (Attributes)
--------------------------------        ----        ----        ------- ----- ------------
_HEADER9                            00000000    00000003 =           3. bytes (ABS,CON)

      Value  Global                              Global Defined In Module
      -----  --------------------------------   ------------------------
ASxxxx Linker V03.00/V05.40 + sdld,  page 26.
Hexadecimal  [32-Bits]

Area                                    Addr        Size        Decimal Bytes (Attributes)
--------------------------------        ----        ----        ------- ----- ------------
_HEADERa                            00000000    00000001 =           1. bytes (ABS,CON)

      Value  Global                              Global Defined In Module
      -----  --------------------------------   ------------------------
ASxxxx Linker V03.00/V05.40 + sdld,  page 27.
Hexadecimal  [32-Bits]

Area                                    Addr        Size        Decimal Bytes (Attributes)
--------------------------------        ----        ----        ------- ----- ------------
_HEADERb                            00000000    00000001 =           1. bytes (ABS,CON)

      Value  Global                              Global Defined In Module
      -----  --------------------------------   ------------------------
ASxxxx Linker V03.00/V05.40 + sdld,  page 28.
Hexadecimal  [32-Bits]

Area                                    Addr        Size        Decimal Bytes (Attributes)
--------------------------------        ----        ----        ------- ----- ------------
_HEADERc                            00000000    00000001 =           1. bytes (ABS,CON)

      Value  Global                              Global Defined In Module
      -----  --------------------------------   ------------------------
ASxxxx Linker V03.00/V05.40 + sdld,  page 29.
Hexadecimal  [32-Bits]

Area                                    Addr        Size        Decimal Bytes (Attributes)
--------------------------------        ----        ----        ------- ----- ------------
_HEADERd                            00000000    00000002 =           2. bytes (ABS,CON)

      Value  Global                              Global Defined In Module
      -----  --------------------------------   ------------------------
ASxxxx Linker V03.00/V05.40 + sdld,  page 30.
Hexadecimal  [32-Bits]

Area                                    Addr        Size        Decimal Bytes (Attributes)
--------------------------------        ----        ----        ------- ----- ------------
_HEADERe                            00000000    00000001 =           1. bytes (ABS,CON)

      Value  Global                              Global Defined In Module
      -----  --------------------------------   ------------------------
ASxxxx Linker V03.00/V05.40 + sdld,  page 31.
Hexadecimal  [32-Bits]

Area                                    Addr        Size        Decimal Bytes (Attributes)
--------------------------------        ----        ----        ------- ----- ------------
_HEADERf                            00000000    00000001 =           1. bytes (ABS,CON)

      Value  Global                              Global Defined In Module
      -----  --------------------------------   ------------------------
ASxxxx Linker V03.00/V05.40 + sdld,  page 32.
Hexadecimal  [32-Bits]

Area                                    Addr        Size        Decimal Bytes (Attributes)
--------------------------------        ----        ----        ------- ----- ------------
_HEADER10                           00000000    00000002 =           2. bytes (ABS,CON)

      Value  Global                              Global Defined In Module
      -----  --------------------------------   ------------------------
ASxxxx Linker V03.00/V05.40 + sdld,  page 33.
Hexadecimal  [32-Bits]

Area                                    Addr        Size        Decimal Bytes (Attributes)
--------------------------------        ----        ----        ------- ----- ------------
_HEADER11                           00000000    000000AB =         171. bytes (ABS,CON)

      Value  Global                              Global Defined In Module
      -----  --------------------------------   ------------------------
     00000150  .reset                             Runtime
     00000150  _reset                             Runtime
     00000157  .code_start                        Runtime
     000001B9  _exit                              Runtime
     000001BD  .wait_vbl_done                     Runtime
     000001BD  _vsync                             Runtime
     000001BD  _wait_vbl_done                     Runtime
     000001CD  .remove_VBL                        Runtime
     000001CD  _remove_VBL                        Runtime
     000001D0  .remove_int                        Runtime
     000001ED  .add_VBL                           Runtime
     000001ED  _add_VBL                           Runtime
     000001F0  .add_int                           Runtime

ASxxxx Linker V03.00/V05.40 + sdld,  page 34.
Hexadecimal  [32-Bits]

Area                                    Addr        Size        Decimal Bytes (Attributes)
--------------------------------        ----        ----        ------- ----- ------------
_HOME                               000010CE    00002B07 =       11015. bytes (REL,CON)

      Value  Global                              Global Defined In Module
      -----  --------------------------------   ------------------------
     000010CE  .memset_simple                     Runtime
     000010D7  .memcpy_simple                     Runtime
     000010F4  .display_off                       Runtime
     000010F4  _display_off                       Runtime
     0000110C  _actors_update                     actor
     0000150B  _SetBankedBkgData                  bankdata
     00001527  _SetBankedSpriteData               bankdata
     00001543  _SetBankedBkgTiles                 bankdata
     0000155F  _SetBankedWinTiles                 bankdata
     0000157B  _ReadBankedFarPtr                  bankdata
     0000159D  _ReadBankedUWORD                   bankdata
     000015B7  _MemcpyBanked                      bankdata
     000015D9  _MemcpyVRAMBanked                  bankdata
     00001608  _IndexOfFarPtr                     bankdata
     0000168D  _camera_update                     camera
     000017C0  _load_animations                   data_manager
     00001819  _events_update                     events
     000018EC  _timers_update                     events
     00001975  _input_update                      input
     0000199B  .sio_ISR                           
     000019F5  .timer_ISR                         
     00001A0A  _simple_LCD_isr                    interrupts
     00001A89  _fullscreen_LCD_isr                interrupts
     00001AB5  _VBL_isr                           interrupts
     00001AFF  _isqrt                             math
     00001B5C  _sine_wave                         math
     00001C5C  _dir_lookup                        math
     00001C64  _dir_angle_lookup                  math
     00001C68  _hUGETrackerRoutine                music_manager
     00001C8F  _music_events_update               music_manager
     00001D11  _music_play_isr                    music_manager
     00001DB2  _parallax_LCD_isr                  parallax
     00001DEF  _projectiles_update                projectiles
     00002270  _projectiles_render                projectiles
     000023C5  _scroll_load_pending_row           scroll
     0000244B  _scroll_load_row                   scroll
     000024C0  _scroll_load_col                   scroll
     00002529  _scroll_load_pending_col           scroll
     000025B1  _set_bkg_submap                    
     000025F4  _set_xy_win_submap                 
     00002621  .set_xy_win_submap                 
     0000262A  .set_xy_bkg_submap                 
     00002639  .set_xy_submap                     
     00002683  _sfx_play_isr                      sfx_player
     0000275C  _on_SIO_receive                    sio
     0000279D  _SIO_update                        sio
     00002804  _ui_update                         ui
     0000293C  _vm_sgb_transfer                   vm_sgb
     00002989  _vm_load_text                      vm_ui
     00002BDF  _vm_switch                         vm
ASxxxx Linker V03.00/V05.40 + sdld,  page 35.
Hexadecimal  [32-Bits]

Area                                    Addr        Size        Decimal Bytes (Attributes)
--------------------------------        ----        ----        ------- ----- ------------
_HOME                               000010CE    00002B07 =       11015. bytes (REL,CON)

      Value  Global                              Global Defined In Module
      -----  --------------------------------   ------------------------
     00002D10  _vm_beginthread                    vm
     00002E34  _vm_rpn                            vm
     0000360D  _vm_get_far                        vm
     0000367B  _vm_call_native                    vm
     0000368E  _VM_STEP                           vm
     000036F8  _script_runner_update              vm
     0000385D  _fill_win_rect                     
     0000386F  _rand                              
     0000386F  _randw                             
     0000389A  _initrand                          
     0000389C  .initrand                          
     000038A5  _get_bkg_data                      
     000038A5  _get_win_data                      
     000038F2  _get_sprite_data                   
     00003925  _abs                               abs
     00003934  _set_win_tiles                     
     00003948  _set_tile_data                     
     0000394D  _set_bkg_data                      
     0000394D  _set_win_data                      
     00003955  _set_sprite_data                   
     00003985  _reverse                           reverse
     000039B9  ___call__banked                    far_ptr
     000039D6  _to_far_ptr                        far_ptr
     00003A0C  .add_LCD                           
     00003A0C  _add_LCD                           
     00003A12  .remove_LCD                        
     00003A12  _remove_LCD                        
     00003A18  .fill_rect_wtt                     
     00003A21  .fill_rect_btt                     
     00003A6E  _joypad_init                       
     00003ABC  .joypad_ex                         
     00003ABC  _joypad_ex                         
     00003B07  _fill_bkg_rect                     
     00003B19  ___sdcc_call_hl                    call_hl
     00003B1A  _memset                            memset
     00003B4D  .set_xy_wtt                        SetTileMap
     00003B56  .set_xy_btt                        SetTileMap
     00003B65  .set_xy_tt                         SetTileMap
     00003BA7  ___sdcc_bcall_ehl                  
     00003BC1  _set_bkg_tiles                     
ASxxxx Linker V03.00/V05.40 + sdld,  page 36.
Hexadecimal  [32-Bits]

Area                                    Addr        Size        Decimal Bytes (Attributes)
--------------------------------        ----        ----        ------- ----- ------------
_INITIALIZER                        00003BD5    0000001A =          26. bytes (REL,CON)

      Value  Global                              Global Defined In Module
      -----  --------------------------------   ------------------------
ASxxxx Linker V03.00/V05.40 + sdld,  page 37.
Hexadecimal  [32-Bits]

Area                                    Addr        Size        Decimal Bytes (Attributes)
--------------------------------        ----        ----        ------- ----- ------------
_GSINIT                             00003BEF    00000027 =          39. bytes (REL,CON)

      Value  Global                              Global Defined In Module
      -----  --------------------------------   ------------------------
     00003BEF  gsinit                             Runtime

ASxxxx Linker V03.00/V05.40 + sdld,  page 38.
Hexadecimal  [32-Bits]

Area                                    Addr        Size        Decimal Bytes (Attributes)
--------------------------------        ----        ----        ------- ----- ------------
_GSFINAL                            00003C16    00000001 =           1. bytes (REL,CON)

      Value  Global                              Global Defined In Module
      -----  --------------------------------   ------------------------
ASxxxx Linker V03.00/V05.40 + sdld,  page 39.
Hexadecimal  [32-Bits]

Area                                    Addr        Size        Decimal Bytes (Attributes)
--------------------------------        ----        ----        ------- ----- ------------
_DATA                               0000C0A0    00001992 =        6546. bytes (REL,CON)

      Value  Global                              Global Defined In Module
      -----  --------------------------------   ------------------------
     0000C0A0  __cpu                              Runtime
     0000C0A1  __is_GBA                           Runtime
     0000C0A2  .mode                              Runtime
     0000C0A3  .sys_time                          Runtime
     0000C0A3  _sys_time                          Runtime
     0000C0A5  .int_0x40                          Runtime
     0000C0B1  _actors                            actor
     0000C4F5  _actors_active_head                actor
     0000C4F7  _actors_active_tail                actor
     0000C4F9  _actors_inactive_head              actor
     0000C4FB  _screen_x                          actor
     0000C4FC  _screen_y                          actor
     0000C4FD  _invalid                           actor
     0000C4FF  _player_moving                     actor
     0000C500  _player_iframes                    actor
     0000C501  _player_collision_actor            actor
     0000C503  _emote_actor                       actor
     0000C505  _emote_timer                       actor
     0000C506  _allocated_sprite_tiles            actor
     0000C507  _allocated_hardware_sprites        actor
     0000C513  _camera_x                          camera
     0000C515  _camera_y                          camera
     0000C517  _camera_offset_x                   camera
     0000C518  _camera_offset_y                   camera
     0000C519  _camera_deadzone_x                 camera
     0000C51A  _camera_deadzone_y                 camera
     0000C51B  _camera_settings                   camera
     0000C51F  _current_scene                     data_manager
     0000C522  _image_bank                        data_manager
     0000C523  _image_ptr                         data_manager
     0000C525  _image_attr_bank                   data_manager
     0000C526  _image_attr_ptr                    data_manager
     0000C528  _collision_bank                    data_manager
     0000C529  _collision_ptr                     data_manager
     0000C52B  _image_tile_width                  data_manager
     0000C52C  _image_tile_height                 data_manager
     0000C52D  _image_width                       data_manager
     0000C52F  _image_height                      data_manager
     0000C531  _sprites_len                       data_manager
     0000C532  _actors_len                        data_manager
     0000C533  _projectiles_len                   data_manager
     0000C534  _player_sprite_len                 data_manager
     0000C535  _scene_type                        data_manager
     0000C536  _scene_LCD_type                    data_manager
     0000C537  _scene_stack                       data_manager
     0000C577  _scene_stack_ptr                   data_manager
     0000C579  _scene_sprites_base_tiles          data_manager
     0000C5B9  _input_events                      events
     0000C5E1  _input_slots                       events
     0000C5E9  _timer_events                      events
ASxxxx Linker V03.00/V05.40 + sdld,  page 40.
Hexadecimal  [32-Bits]

Area                                    Addr        Size        Decimal Bytes (Attributes)
--------------------------------        ----        ----        ------- ----- ------------
_DATA                               0000C0A0    00001992 =        6546. bytes (REL,CON)

      Value  Global                              Global Defined In Module
      -----  --------------------------------   ------------------------
     0000C5FD  _timer_values                      events
     0000C605  _fade_running                      fade_manager
     0000C606  _fade_frames_per_step              fade_manager
     0000C607  _fade_timer                        fade_manager
     0000C60F  _joypads                           input
     0000C614  _frame_joy                         input
     0000C615  _last_joy                          input
     0000C616  _recent_joy                        input
     0000C617  _SIO_status                        
     0000C618  _link_byte_sent                    
     0000C619  _link_next_mode                    
     0000C61A  _save_blob_size                    load_save
     0000C61C  _routine_queue                     music_manager
     0000C620  _routine_queue_head                music_manager
     0000C621  _routine_queue_tail                music_manager
     0000C622  _music_events                      music_manager
     0000C636  _music_current_track_bank          music_manager
     0000C637  _music_mute_mask                   music_manager
     0000C638  _music_effective_mute              music_manager
     0000C639  _music_next_track                  music_manager
     0000C63B  _music_current_track               music_manager
     0000C63D  _music_play_isr_counter            music_manager
     0000C63E  _music_play_isr_pause              music_manager
     0000C63F  _music_global_mute_mask            music_manager
     0000C640  _music_sfx_priority                music_manager
     0000C641  _DMG_palette                       palette
     0000C644  _SprPalette                        palette
     0000C684  _parallax_rows                     parallax
     0000C696  _parallax_row                      parallax
     0000C698  _projectiles                       projectiles
     0000C751  _projectile_defs                   projectiles
     0000C7C4  _projectiles_active_head           projectiles
     0000C7C6  _projectiles_inactive_head         projectiles
     0000C7CD  _scroll_x                          scroll
     0000C7CF  _scroll_y                          scroll
     0000C7D1  _draw_scroll_x                     scroll
     0000C7D3  _draw_scroll_y                     scroll
     0000C7D5  _scroll_x_max                      scroll
     0000C7D7  _scroll_y_max                      scroll
     0000C7D9  _scroll_offset_x                   scroll
     0000C7DA  _scroll_offset_y                   scroll
     0000C7DB  _pending_h_x                       scroll
     0000C7DC  _pending_h_y                       scroll
     0000C7DD  _pending_h_i                       scroll
     0000C7DE  _pending_w_x                       scroll
     0000C7DF  _pending_w_y                       scroll
     0000C7E0  _pending_w_i                       scroll
     0000C7E1  _current_row                       scroll
     0000C7E3  _new_row                           scroll
     0000C7E5  _current_col                       scroll
     0000C7E7  _new_col                           scroll
ASxxxx Linker V03.00/V05.40 + sdld,  page 41.
Hexadecimal  [32-Bits]

Area                                    Addr        Size        Decimal Bytes (Attributes)
--------------------------------        ----        ----        ------- ----- ------------
_DATA                               0000C0A0    00001992 =        6546. bytes (REL,CON)

      Value  Global                              Global Defined In Module
      -----  --------------------------------   ------------------------
     0000C7E9  .image_tile_width                  
     0000C7EA  _sfx_play_bank                     sfx_player
     0000C7EB  _sfx_play_sample                   sfx_player
     0000C7ED  _sfx_frame_skip                    sfx_player
     0000C7EE  _link_operation_mode               sio
     0000C7EF  _link_packet                       sio
     0000C80F  _link_packet_len                   sio
     0000C810  _link_packet_ptr                   sio
     0000C812  _link_packet_received              sio
     0000C813  _link_packet_snd_len               sio
     0000C814  _link_packet_snd_ptr               sio
     0000C816  _link_packet_sent                  sio
     0000C817  __is_CGB                           system
     0000C818  __is_SGB                           system
     0000C819  __current_ram_bank                 system
     0000C81A  _triggers                          trigger
     0000C912  _last_trigger_tx                   trigger
     0000C913  _last_trigger_ty                   trigger
     0000C914  _last_trigger                      trigger
     0000C915  _win_pos_x                         ui
     0000C916  _win_dest_pos_x                    ui
     0000C917  _win_pos_y                         ui
     0000C918  _win_dest_pos_y                    ui
     0000C919  _win_speed                         ui
     0000C91A  _text_drawn                        ui
     0000C91B  _current_text_speed                ui
     0000C91C  _text_wait                         ui
     0000C91D  _text_options                      ui
     0000C91E  _text_in_speed                     ui
     0000C91F  _text_out_speed                    ui
     0000C920  _text_draw_speed                   ui
     0000C921  _text_ff_joypad                    ui
     0000C922  _text_ff                           ui
     0000C923  _text_bkg_fill                     ui
     0000C924  _ui_text_data                      ui
     0000CA2E  _vwf_current_mask                  ui
     0000CA2F  _vwf_current_rotate                ui
     0000CA30  _vwf_inverse_map                   ui
     0000CA31  _vwf_direction                     ui
     0000CA32  _vwf_current_font_desc             ui
     0000CA3A  _vwf_current_font_bank             ui
     0000CA3B  _vwf_current_font_idx              ui
     0000CA3C  _text_render_base_addr             ui
     0000CA3E  _text_scroll_addr                  ui
     0000CA40  _text_scroll_width                 ui
     0000CA41  _text_scroll_height                ui
     0000CA42  _text_scroll_fill                  ui
     0000CA43  _text_sound_mask                   ui
     0000CA44  _text_sound_bank                   ui
     0000CA45  _text_sound_data                   ui
     0000CA47  _overlay_priority                  ui
ASxxxx Linker V03.00/V05.40 + sdld,  page 42.
Hexadecimal  [32-Bits]

Area                                    Addr        Size        Decimal Bytes (Attributes)
--------------------------------        ----        ----        ------- ----- ------------
_DATA                               0000C0A0    00001992 =        6546. bytes (REL,CON)

      Value  Global                              Global Defined In Module
      -----  --------------------------------   ------------------------
     0000CA48  _text_palette                      ui
     0000CA4F  __itoa_fmt_len                     vm_ui_a
     0000CA50  .itoa_fmt_buf                      vm_ui_a
     0000CA53  _CTXS                              vm
     0000CB83  _first_ctx                         vm
     0000CB85  _free_ctxs                         vm
     0000CB87  _old_executing_ctx                 vm
     0000CB89  _executing_ctx                     vm
     0000CB8B  _vm_lock_state                     vm
     0000CB8C  _vm_loaded_state                   vm
     0000CB8D  _vm_exception_code                 vm
     0000CB8E  _vm_exception_params_length        vm
     0000CB8F  _vm_exception_params_bank          vm
     0000CB90  _vm_exception_params_offset        vm
     0000CB93  _script_memory                     vm
     0000D999  _grounded                          platform
     0000D99A  _on_slope                          platform
     0000D99B  _slope_y                           platform
     0000D99C  _on_ladder                         platform
     0000D99D  _pl_vel_x                          platform
     0000D99F  _pl_vel_y                          platform
     0000D9A1  _plat_min_vel                      platform
     0000D9A3  _plat_walk_vel                     platform
     0000D9A5  _plat_climb_vel                    platform
     0000D9A7  _plat_run_vel                      platform
     0000D9A9  _plat_walk_acc                     platform
     0000D9AB  _plat_run_acc                      platform
     0000D9AD  _plat_dec                          platform
     0000D9AF  _plat_jump_vel                     platform
     0000D9B1  _plat_grav                         platform
     0000D9B3  _plat_hold_grav                    platform
     0000D9B5  _plat_max_fall_vel                 platform
     0000D9B7  _shooter_reached_end               shmup
     0000D9B8  _shooter_dest                      shmup
     0000D9BA  _shooter_direction                 shmup
     0000D9BB  _topdown_grid                      topdown
     0000D9BC  ___rand_seed                       
     0000D9DA  _hUGE_current_wave                 hUGEDriver_obj
     0000D9DA  hUGE_current_wave                  hUGEDriver_obj
     0000D9DB  _hUGE_mute_mask                    hUGEDriver_obj
     0000DA22  ___call_banked_addr                far_ptr
     0000DA22  ___call_banked_ptr                 far_ptr
     0000DA24  ___call_banked_bank                far_ptr
     0000DA26  .int_0x48                          
     0000DA2E  ___current_metasprite              Metasprites
     0000DA30  ___current_base_tile               Metasprites
     0000DA31  ___current_base_prop               Metasprites

ASxxxx Linker V03.00/V05.40 + sdld,  page 43.
Hexadecimal  [32-Bits]

Area                                    Addr        Size        Decimal Bytes (Attributes)
--------------------------------        ----        ----        ------- ----- ------------
_INITIALIZED                        0000DA32    0000001A =          26. bytes (REL,CON)

      Value  Global                              Global Defined In Module
      -----  --------------------------------   ------------------------
     0000DA32  _fade_style                        fade_manager
     0000DA33  _game_time                         game_time
     0000DA34  _PRN_PKT_START                     gbprinter
     0000DA42  _hide_sprites                      interrupts
     0000DA43  _show_actors_on_overlay            interrupts
     0000DA44  _overlay_cut_scanline              interrupts
     0000DA45  __submap_tile_offset               
     0000DA46  _triggers_len                      trigger
     0000DA47  _exchange_state                    vm_sio
     0000DA48  _last_hit_trigger                  pointnclick
[...]
/tmp/_gbsbuild/obj/data_manager.rel       [ data_manager ]
/tmp/_gbsbuild/obj/events.rel             [ events ]
/tmp/_gbsbuild/obj/fade_manager.rel       [ fade_manager ]
/tmp/_gbsbuild/obj/flasher_s.rel          [  ]
/tmp/_gbsbuild/obj/flasher.rel            [ flasher ]
/tmp/_gbsbuild/obj/game_time.rel          [ game_time ]
/tmp/_gbsbuild/obj/gbprinter.rel          [ gbprinter ]
/tmp/_gbsbuild/obj/input.rel              [ input ]
/tmp/_gbsbuild/obj/interrupt_sio.rel      [  ]
/tmp/_gbsbuild/obj/interrupt_timer.rel    [  ]
/tmp/_gbsbuild/obj/interrupts.rel         [ interrupts ]
/tmp/_gbsbuild/obj/load_save.rel          [ load_save ]
/tmp/_gbsbuild/obj/math_atan2.rel         [ math_atan2 ]
/tmp/_gbsbuild/obj/math.rel               [ math ]
/tmp/_gbsbuild/obj/music_manager.rel      [ music_manager ]
/tmp/_gbsbuild/obj/palette.rel            [ palette ]
/tmp/_gbsbuild/obj/parallax.rel           [ parallax ]
/tmp/_gbsbuild/obj/projectiles.rel        [ projectiles ]
/tmp/_gbsbuild/obj/scroll_a.rel           [  ]
/tmp/_gbsbuild/obj/scroll.rel             [ scroll ]
/tmp/_gbsbuild/obj/set_tile_submap.rel    [  ]
/tmp/_gbsbuild/obj/sfx_player.rel         [ sfx_player ]
/tmp/_gbsbuild/obj/sgb_border.rel         [ sgb_border ]
/tmp/_gbsbuild/obj/sio.rel                [ sio ]
/tmp/_gbsbuild/obj/states_caller.rel      [  ]
/tmp/_gbsbuild/obj/system.rel             [ system ]
/tmp/_gbsbuild/obj/trigger.rel            [ trigger ]
/tmp/_gbsbuild/obj/ui_a.rel               [  ]
/tmp/_gbsbuild/obj/ui.rel                 [ ui ]
/tmp/_gbsbuild/obj/vm_actor.rel           [ vm_actor ]
/tmp/_gbsbuild/obj/vm_camera.rel          [ vm_camera ]
/tmp/_gbsbuild/obj/vm_gameboy.rel         [ vm_gameboy ]
/tmp/_gbsbuild/obj/vm_gbprinter.rel       [ vm_gbprinter ]
/tmp/_gbsbuild/obj/vm_instructions.rel    [ vm_instructions ]
/tmp/_gbsbuild/obj/vm_load_save.rel       [ vm_load_save ]
/tmp/_gbsbuild/obj/vm_math.rel            [ vm_math ]
/tmp/_gbsbuild/obj/vm_music.rel           [ vm_music ]
/tmp/_gbsbuild/obj/vm_palette.rel         [ vm_palette ]
/tmp/_gbsbuild/obj/vm_projectiles.rel     [ vm_projectiles ]
/tmp/_gbsbuild/obj/vm_rtc.rel             [ vm_rtc ]
/tmp/_gbsbuild/obj/vm_scene.rel           [ vm_scene ]
/tmp/_gbsbuild/obj/vm_sgb.rel             [ vm_sgb ]
/tmp/_gbsbuild/obj/vm_sio.rel             [ vm_sio ]
/tmp/_gbsbuild/obj/vm_ui_a.rel            [ vm_ui_a ]
/tmp/_gbsbuild/obj/vm_ui.rel              [ vm_ui ]
/tmp/_gbsbuild/obj/vm.rel                 [ vm ]
/tmp/_gbsbuild/obj/actor_6_interact.rel   [ actor_6_interact ]
/tmp/_gbsbuild/obj/avatar_font_0.rel      [ avatar_font_0 ]
/tmp/_gbsbuild/obj/bg_controls_gb_copy__tilemap_attr.rel
                                          [ bg_controls_gb_copy__tilemap_att ]
/tmp/_gbsbuild/obj/bg_controls_gb_copy__tileset.rel
                                          [ bg_controls_gb_copy__tileset ]
/tmp/_gbsbuild/obj/bg_controls_gb_copy_.rel
                                          [ bg_controls_gb_copy_ ]
/tmp/_gbsbuild/obj/bg_controls_gb_copy_0_tilemap_attr.rel
                                          [ bg_controls_gb_copy_0_tilemap_at ]
/tmp/_gbsbuild/obj/bg_controls_gb_copy_0_tilemap.rel
                                          [ bg_controls_gb_copy_0_tilemap ]
/tmp/_gbsbuild/obj/bg_controls_gb_copy_0_tileset.rel
                                          [ bg_controls_gb_copy_0_tileset ]
/tmp/_gbsbuild/obj/bg_controls_gb_copy_0.rel
                                          [ bg_controls_gb_copy_0 ]
/tmp/_gbsbuild/obj/bg_controls_gba_copy__tilemap_attr.rel
                                          [ bg_controls_gba_copy__tilemap_at ]
/tmp/_gbsbuild/obj/bg_controls_gba_copy__tilemap.rel
                                          [ bg_controls_gba_copy__tilemap ]
/tmp/_gbsbuild/obj/bg_controls_gba_copy__tileset.rel
                                          [ bg_controls_gba_copy__tileset ]
/tmp/_gbsbuild/obj/bg_controls_gba_copy_.rel
                                          [ bg_controls_gba_copy_ ]
/tmp/_gbsbuild/obj/bg_controls_gba_copy_0_tilemap_attr.rel
                                          [ bg_controls_gba_copy_0_tilemap_a ]
/tmp/_gbsbuild/obj/bg_controls_gba_copy_0_tileset.rel
                                          [ bg_controls_gba_copy_0_tileset ]
/tmp/_gbsbuild/obj/bg_controls_gba_copy_0.rel
                                          [ bg_controls_gba_copy_0 ]
/tmp/_gbsbuild/obj/bg_controls_gbc_copy__tilemap_attr.rel
                                          [ bg_controls_gbc_copy__tilemap_at ]
/tmp/_gbsbuild/obj/bg_controls_gbc_copy__tileset.rel
                                          [ bg_controls_gbc_copy__tileset ]
/tmp/_gbsbuild/obj/bg_controls_gbc_copy_.rel
                                          [ bg_controls_gbc_copy_ ]
/tmp/_gbsbuild/obj/bg_controls_mobile_copy__tilemap_attr.rel
                                          [ bg_controls_mobile_copy__tilemap ]
/tmp/_gbsbuild/obj/bg_controls_mobile_copy__tileset.rel
                                          [ bg_controls_mobile_copy__tileset ]
/tmp/_gbsbuild/obj/bg_controls_mobile_copy_.rel
                                          [ bg_controls_mobile_copy_ ]
/tmp/_gbsbuild/obj/bg_controls_mobile_copy_0_tilemap_attr.rel
                                          [ bg_controls_mobile_copy_0_tilema ]
/tmp/_gbsbuild/obj/bg_controls_mobile_copy_0_tileset.rel
                                          [ bg_controls_mobile_copy_0_tilese ]
/tmp/_gbsbuild/obj/bg_controls_mobile_copy_0.rel
                                          [ bg_controls_mobile_copy_0 ]
/tmp/_gbsbuild/obj/bg_intro_scenary_copy__tilemap_attr.rel
                                          [ bg_intro_scenary_copy__tilemap_a ]
/tmp/_gbsbuild/obj/bg_intro_scenary_copy__tilemap.rel
                                          [ bg_intro_scenary_copy__tilemap ]
/tmp/_gbsbuild/obj/bg_intro_scenary_copy__tileset.rel
                                          [ bg_intro_scenary_copy__tileset ]
/tmp/_gbsbuild/obj/bg_intro_scenary_copy_.rel
                                          [ bg_intro_scenary_copy_ ]
/tmp/_gbsbuild/obj/bg_intro_weather_copy__tilemap_attr.rel
                                          [ bg_intro_weather_copy__tilemap_a ]
/tmp/_gbsbuild/obj/bg_intro_weather_copy__tilemap.rel
                                          [ bg_intro_weather_copy__tilemap ]
/tmp/_gbsbuild/obj/bg_intro_weather_copy__tileset.rel
                                          [ bg_intro_weather_copy__tileset ]
/tmp/_gbsbuild/obj/bg_intro_weather_copy_.rel
                                          [ bg_intro_weather_copy_ ]
/tmp/_gbsbuild/obj/bg_lencityopen_tilemap_attr.rel
                                          [ bg_lencityopen_tilemap_attr ]
/tmp/_gbsbuild/obj/bg_lencityopen_tilemap.rel
                                          [ bg_lencityopen_tilemap ]
/tmp/_gbsbuild/obj/bg_lencityopen_tileset.rel
                                          [ bg_lencityopen_tileset ]
/tmp/_gbsbuild/obj/bg_lencityopen.rel     [ bg_lencityopen ]
/tmp/_gbsbuild/obj/bg_options_copy__tilemap_attr.rel
                                          [ bg_options_copy__tilemap_attr ]
/tmp/_gbsbuild/obj/bg_options_copy__tileset.rel
                                          [ bg_options_copy__tileset ]
/tmp/_gbsbuild/obj/bg_options_copy_.rel   [ bg_options_copy_ ]
/tmp/_gbsbuild/obj/bg_pixil_frame_0_copy_copy__tilemap_attr.rel
                                          [ bg_pixil_frame_0_copy_copy__tile ]
/tmp/_gbsbuild/obj/bg_pixil_frame_0_copy_copy__tilemap.rel
                                          [ bg_pixil_frame_0_copy_copy__tile ]
/tmp/_gbsbuild/obj/bg_pixil_frame_0_copy_copy__tileset.rel
                                          [ bg_pixil_frame_0_copy_copy__tile ]
/tmp/_gbsbuild/obj/bg_pixil_frame_0_copy_copy_.rel
                                          [ bg_pixil_frame_0_copy_copy_ ]
/tmp/_gbsbuild/obj/bg_title_copy__tilemap.rel
                                          [ bg_title_copy__tilemap ]
/tmp/_gbsbuild/obj/bg_title_copy__tileset.rel
                                          [ bg_title_copy__tileset ]
/tmp/_gbsbuild/obj/bg_title_copy_.rel     [ bg_title_copy_ ]
/tmp/_gbsbuild/obj/bg_title_copy_0_tilemap.rel
                                          [ bg_title_copy_0_tilemap ]
/tmp/_gbsbuild/obj/bg_title_copy_0_tileset.rel
                                          [ bg_title_copy_0_tileset ]
/tmp/_gbsbuild/obj/bg_title_copy_0.rel    [ bg_title_copy_0 ]
/tmp/_gbsbuild/obj/bg_title_copy_1_tileset.rel
                                          [ bg_title_copy_1_tileset ]
/tmp/_gbsbuild/obj/bg_title_copy_1.rel    [ bg_title_copy_1 ]
/tmp/_gbsbuild/obj/bg_title_tilemap_attr.rel
                                          [ bg_title_tilemap_attr ]
/tmp/_gbsbuild/obj/bg_title_tileset.rel   [ bg_title_tileset ]
/tmp/_gbsbuild/obj/bg_title.rel           [ bg_title ]
/tmp/_gbsbuild/obj/border.rel             [ border ]
/tmp/_gbsbuild/obj/cursor_image.rel       [ cursor_image ]
/tmp/_gbsbuild/obj/font_gbs_variable_width.rel
                                          [ font_gbs_variable_width ]
/tmp/_gbsbuild/obj/frame_image.rel        [ frame_image ]
/tmp/_gbsbuild/obj/game_signature.rel     [ game_signature ]
/tmp/_gbsbuild/obj/palette_0.rel          [ palette_0 ]
/tmp/_gbsbuild/obj/palette_1.rel          [ palette_1 ]
/tmp/_gbsbuild/obj/palette_10.rel         [ palette_10 ]
/tmp/_gbsbuild/obj/palette_11.rel         [ palette_11 ]
/tmp/_gbsbuild/obj/palette_12.rel         [ palette_12 ]
/tmp/_gbsbuild/obj/palette_13.rel         [ palette_13 ]
/tmp/_gbsbuild/obj/palette_14.rel         [ palette_14 ]
/tmp/_gbsbuild/obj/palette_15.rel         [ palette_15 ]
/tmp/_gbsbuild/obj/palette_16.rel         [ palette_16 ]
/tmp/_gbsbuild/obj/palette_17.rel         [ palette_17 ]
/tmp/_gbsbuild/obj/palette_2.rel          [ palette_2 ]
/tmp/_gbsbuild/obj/palette_3.rel          [ palette_3 ]
/tmp/_gbsbuild/obj/palette_4.rel          [ palette_4 ]
/tmp/_gbsbuild/obj/palette_5.rel          [ palette_5 ]
/tmp/_gbsbuild/obj/palette_6.rel          [ palette_6 ]
/tmp/_gbsbuild/obj/palette_7.rel          [ palette_7 ]
/tmp/_gbsbuild/obj/palette_8.rel          [ palette_8 ]
/tmp/_gbsbuild/obj/palette_9.rel          [ palette_9 ]
/tmp/_gbsbuild/obj/scene_1_collisions.rel
                                          [ scene_1_collisions ]
/tmp/_gbsbuild/obj/scene_1_init.rel       [ scene_1_init ]
/tmp/_gbsbuild/obj/scene_1.rel            [ scene_1 ]
/tmp/_gbsbuild/obj/scene_10_collisions.rel
                                          [ scene_10_collisions ]
/tmp/_gbsbuild/obj/scene_10_init.rel      [ scene_10_init ]
/tmp/_gbsbuild/obj/scene_10.rel           [ scene_10 ]
/tmp/_gbsbuild/obj/scene_11_collisions.rel
                                          [ scene_11_collisions ]
/tmp/_gbsbuild/obj/scene_11_init.rel      [ scene_11_init ]
/tmp/_gbsbuild/obj/scene_11.rel           [ scene_11 ]
/tmp/_gbsbuild/obj/scene_12_collisions.rel
                                          [ scene_12_collisions ]
/tmp/_gbsbuild/obj/scene_12_init.rel      [ scene_12_init ]
/tmp/_gbsbuild/obj/scene_12.rel           [ scene_12 ]
/tmp/_gbsbuild/obj/scene_13_collisions.rel
                                          [ scene_13_collisions ]
/tmp/_gbsbuild/obj/scene_13_init.rel      [ scene_13_init ]
/tmp/_gbsbuild/obj/scene_13.rel           [ scene_13 ]
/tmp/_gbsbuild/obj/scene_14_collisions.rel
                                          [ scene_14_collisions ]
/tmp/_gbsbuild/obj/scene_14_init.rel      [ scene_14_init ]
/tmp/_gbsbuild/obj/scene_14.rel           [ scene_14 ]
/tmp/_gbsbuild/obj/scene_15_collisions.rel
                                          [ scene_15_collisions ]
/tmp/_gbsbuild/obj/scene_15_init.rel      [ scene_15_init ]
/tmp/_gbsbuild/obj/scene_15_triggers.rel  [ scene_15_triggers ]
/tmp/_gbsbuild/obj/scene_15.rel           [ scene_15 ]
/tmp/_gbsbuild/obj/scene_16_collisions.rel
                                          [ scene_16_collisions ]
/tmp/_gbsbuild/obj/scene_16_init.rel      [ scene_16_init ]
/tmp/_gbsbuild/obj/scene_16.rel           [ scene_16 ]
/tmp/_gbsbuild/obj/scene_17_actors.rel    [ scene_17_actors ]
/tmp/_gbsbuild/obj/scene_17_collisions.rel
                                          [ scene_17_collisions ]
/tmp/_gbsbuild/obj/scene_17_init.rel      [ scene_17_init ]
/tmp/_gbsbuild/obj/scene_17_sprites.rel   [ scene_17_sprites ]
/tmp/_gbsbuild/obj/scene_17_triggers.rel  [ scene_17_triggers ]
/tmp/_gbsbuild/obj/scene_17.rel           [ scene_17 ]
/tmp/_gbsbuild/obj/scene_18_actors.rel    [ scene_18_actors ]
/tmp/_gbsbuild/obj/scene_18_collisions.rel
                                          [ scene_18_collisions ]
/tmp/_gbsbuild/obj/scene_18_init.rel      [ scene_18_init ]
/tmp/_gbsbuild/obj/scene_18_sprites.rel   [ scene_18_sprites ]
/tmp/_gbsbuild/obj/scene_18_triggers.rel  [ scene_18_triggers ]
/tmp/_gbsbuild/obj/scene_18.rel           [ scene_18 ]
/tmp/_gbsbuild/obj/scene_2_actors.rel     [ scene_2_actors ]
/tmp/_gbsbuild/obj/scene_2_collisions.rel
                                          [ scene_2_collisions ]
/tmp/_gbsbuild/obj/scene_2_init.rel       [ scene_2_init ]
/tmp/_gbsbuild/obj/scene_2.rel            [ scene_2 ]
/tmp/_gbsbuild/obj/scene_3_actors.rel     [ scene_3_actors ]
/tmp/_gbsbuild/obj/scene_3_collisions.rel
                                          [ scene_3_collisions ]
/tmp/_gbsbuild/obj/scene_3_init.rel       [ scene_3_init ]
/tmp/_gbsbuild/obj/scene_3_sprites.rel    [ scene_3_sprites ]
/tmp/_gbsbuild/obj/scene_3.rel            [ scene_3 ]
/tmp/_gbsbuild/obj/scene_4_collisions.rel
                                          [ scene_4_collisions ]
/tmp/_gbsbuild/obj/scene_4_init.rel       [ scene_4_init ]
/tmp/_gbsbuild/obj/scene_4.rel            [ scene_4 ]
/tmp/_gbsbuild/obj/scene_5_collisions.rel
                                          [ scene_5_collisions ]
/tmp/_gbsbuild/obj/scene_5_init.rel       [ scene_5_init ]
/tmp/_gbsbuild/obj/scene_5.rel            [ scene_5 ]
/tmp/_gbsbuild/obj/scene_6_collisions.rel
                                          [ scene_6_collisions ]
/tmp/_gbsbuild/obj/scene_6_init.rel       [ scene_6_init ]
/tmp/_gbsbuild/obj/scene_6.rel            [ scene_6 ]
/tmp/_gbsbuild/obj/scene_7_collisions.rel
                                          [ scene_7_collisions ]
/tmp/_gbsbuild/obj/scene_7_init.rel       [ scene_7_init ]
/tmp/_gbsbuild/obj/scene_7.rel            [ scene_7 ]
/tmp/_gbsbuild/obj/scene_8_collisions.rel
                                          [ scene_8_collisions ]
/tmp/_gbsbuild/obj/scene_8_init.rel       [ scene_8_init ]
/tmp/_gbsbuild/obj/scene_8.rel            [ scene_8 ]
/tmp/_gbsbuild/obj/scene_9_collisions.rel
                                          [ scene_9_collisions ]
/tmp/_gbsbuild/obj/scene_9_init.rel       [ scene_9_init ]
/tmp/_gbsbuild/obj/scene_9.rel            [ scene_9 ]
/tmp/_gbsbuild/obj/script_engine_init.rel
                                          [  ]
/tmp/_gbsbuild/obj/script_input_0.rel     [ script_input_0 ]
/tmp/_gbsbuild/obj/script_input_1.rel     [ script_input_1 ]
/tmp/_gbsbuild/obj/script_input_2.rel     [ script_input_2 ]
/tmp/_gbsbuild/obj/script_input_3.rel     [ script_input_3 ]
/tmp/_gbsbuild/obj/script_input_4.rel     [ script_input_4 ]
/tmp/_gbsbuild/obj/script_input_5.rel     [ script_input_5 ]
/tmp/_gbsbuild/obj/script_input_6.rel     [ script_input_6 ]
/tmp/_gbsbuild/obj/script_timer_0.rel     [ script_timer_0 ]
/tmp/_gbsbuild/obj/script_timer_1.rel     [ script_timer_1 ]
/tmp/_gbsbuild/obj/script_timer_2.rel     [ script_timer_2 ]
/tmp/_gbsbuild/obj/sprite_dhilly_saveselect_co_0.rel
                                          [ sprite_dhilly_saveselect_co_0 ]
/tmp/_gbsbuild/obj/sprite_dhilly_saveselect_co_tileset.rel
                                          [ sprite_dhilly_saveselect_co_tile ]
/tmp/_gbsbuild/obj/sprite_dhilly_saveselect_co.rel
                                          [ sprite_dhilly_saveselect_co ]
/tmp/_gbsbuild/obj/sprite_dhilly_saveselect.rel
                                          [ sprite_dhilly_saveselect ]
/tmp/_gbsbuild/obj/sprite_highlight_options_co_tileset.rel
                                          [ sprite_highlight_options_co_tile ]
/tmp/_gbsbuild/obj/sprite_highlight_options_co.rel
                                          [ sprite_highlight_options_co ]
/tmp/_gbsbuild/obj/sprite_square_cart_copy__tileset.rel
                                          [ sprite_square_cart_copy__tileset ]
/tmp/_gbsbuild/obj/sprite_square_cart_copy_.rel
                                          [ sprite_square_cart_copy_ ]
/tmp/_gbsbuild/obj/sprite_square_platforming_c_tileset.rel
                                          [ sprite_square_platforming_c_tile ]
/tmp/_gbsbuild/obj/sprite_square_platforming_c.rel
                                          [ sprite_square_platforming_c ]
/tmp/_gbsbuild/obj/sprite_static_copy_tileset.rel
                                          [ sprite_static_copy_tileset ]
/tmp/_gbsbuild/obj/sprite_static_copy.rel
                                          [ sprite_static_copy ]
/tmp/_gbsbuild/obj/spritesheet_none.rel   [ spritesheet_none ]
/tmp/_gbsbuild/obj/trigger_0_interact.rel
                                          [ trigger_0_interact ]
/tmp/_gbsbuild/obj/trigger_1_interact.rel
                                          [ trigger_1_interact ]
/tmp/_gbsbuild/obj/trigger_2_interact.rel
                                          [ trigger_2_interact ]
/tmp/_gbsbuild/obj/trigger_3_interact.rel
                                          [ trigger_3_interact ]
/tmp/_gbsbuild/obj/main.rel               [ main ]
/tmp/_gbsbuild/obj/adventure.rel          [ adventure ]
/tmp/_gbsbuild/obj/logo.rel               [ logo ]
/tmp/_gbsbuild/obj/platform.rel           [ platform ]
/tmp/_gbsbuild/obj/pointnclick.rel        [ pointnclick ]
/tmp/_gbsbuild/obj/shmup.rel              [ shmup ]
/tmp/_gbsbuild/obj/states_ptrs.rel        [  ]
/tmp/_gbsbuild/obj/topdown.rel            [ topdown ]


Libraries Linked                          [ object file ]

/tmp/_gbstools/gbdk/lib/gb/gb.lib         [ fill_rect_wi.o ]
/tmp/_gbstools/gbdk/lib/sm83/sm83.lib     [ rand.o ]
lib/hUGEDriver.lib                        [ hUGEDriver.o ]
/tmp/_gbstools/gbdk/lib/gb/gb.lib         [ sfr.o ]
/tmp/_gbstools/gbdk/lib/gb/gb.lib         [ get_data.o ]
/tmp/_gbstools/gbdk/lib/gb/gb.lib         [ get_tile.o ]
/tmp/_gbstools/gbdk/lib/gb/gb.lib         [ cgb_palettes.o ]
/tmp/_gbstools/gbdk/lib/gb/gb.lib         [ metasprites_hide_spr.o ]
/tmp/_gbstools/gbdk/lib/sm83/sm83.lib     [ mul.o ]
/tmp/_gbstools/gbdk/lib/gb/gb.lib         [ set_tile.o ]
/tmp/_gbstools/gbdk/lib/sm83/sm83.lib     [ abs.o ]
/tmp/_gbstools/gbdk/lib/gb/gb.lib         [ set_wi_t.o ]
/tmp/_gbstools/gbdk/lib/gb/gb.lib         [ set_data.o ]
/tmp/_gbstools/gbdk/lib/sm83/sm83.lib     [ reverse.o ]
/tmp/_gbstools/gbdk/lib/gb/gb.lib         [ far_ptr.o ]
/tmp/_gbstools/gbdk/lib/gb/gb.lib         [ sgb.o ]
/tmp/_gbstools/gbdk/lib/gb/gb.lib         [ lcd.o ]
/tmp/_gbstools/gbdk/lib/gb/gb.lib         [ fill_rect.o ]
/tmp/_gbstools/gbdk/lib/gb/gb.lib         [ pad_ex.o ]
/tmp/_gbstools/gbdk/lib/gb/gb.lib         [ cpy_data.o ]
/tmp/_gbstools/gbdk/lib/gb/gb.lib         [ fill_rect_bk.o ]
/tmp/_gbstools/gbdk/lib/gb/gb.lib         [ metasprites.o ]
/tmp/_gbstools/gbdk/lib/sm83/sm83.lib     [ __sdcc_call_hl.o ]
/tmp/_gbstools/gbdk/lib/sm83/sm83.lib     [ memcpy.o ]
/tmp/_gbstools/gbdk/lib/sm83/sm83.lib     [ _memset.o ]
/tmp/_gbstools/gbdk/lib/gb/gb.lib         [ set_xy_t.o ]
/tmp/_gbstools/gbdk/lib/gb/gb.lib         [ ___sdcc_bcall_ehl.o ]
/tmp/_gbstools/gbdk/lib/gb/gb.lib         [ cgb.o ]
/tmp/_gbstools/gbdk/lib/sm83/sm83.lib     [ div.o ]
/tmp/_gbstools/gbdk/lib/gb/gb.lib         [ set_bk_t.o ]

ASxxxx Linker V03.00/V05.40 + sdld,  page 70.

User Base Address Definitions

_DATA=0xC0A0
_CODE=0x0200
ASxxxx Linker V03.00/V05.40 + sdld,  page 71.

User Global Definitions

.STACK=0xDF00
_shadow_OAM=0xC000
.refresh_OAM=0xFF80
__start_save=12

