ASxxxx Linker V03.00/V05.40 + sdld,  page 1.
Hexadecimal  [32-Bits]

Area                                    Addr        Size        Decimal Bytes (Attributes)
--------------------------------        ----        ----        ------- ----- ------------
.  .ABS.                            00000000    00000000 =           0. bytes (ABS,CON)

      Value  Global                              Global Defined In Module
      -----  --------------------------------   ------------------------
     00000000  .__.ABS.                           
     00000000  _rRAMG                             
     00000000  l__BASE                         
     00000000  l__BSS                          
     00000000  l__CABS                         
     00000000  l__CODE_0                       
     00000000  l__CRASH_HEADER                 
     00000000  l__CRASH_SCRATCH                
     00000000  l__DABS                         
     00000000  l__HEADER                       
     00000000  l__HEADER_LCD                   
     00000000  l__HEADER_SIO                   
     00000000  l__HEADER_TIMER                 
     00000000  l__HEAP                         
     00000000  l__HEAP_END                     
     00000000  l__HRAM                         
     00000000  l__LIT                          
     00000000  s__CABS                         
     00000000  s__CRASH_HEADER                 
     00000000  s__CRASH_HEADER0                
     00000000  s__CRASH_HEADER1                
     00000000  s__CRASH_SCRATCH                
     00000000  s__CRASH_SCRATCH2               
     00000000  s__DABS                         
     00000000  s__HEADER                       
     00000000  s__HEADER0                      
     00000000  s__HEADER1                      
     00000000  s__HEADER10                     
     00000000  s__HEADER11                     
     00000000  s__HEADER2                      
     00000000  s__HEADER3                      
     00000000  s__HEADER4                      
     00000000  s__HEADER5                      
     00000000  s__HEADER6                      
     00000000  s__HEADER7                      
     00000000  s__HEADER8                      
     00000000  s__HEADER9                      
     00000000  s__HEADER_LCD                   
     00000000  s__HEADER_LCD0                  
     00000000  s__HEADER_SIO                   
     00000000  s__HEADER_SIO0                  
     00000000  s__HEADER_TIMER                 
     00000000  s__HEADER_TIMER0                
     00000000  s__HEADERa                      
     00000000  s__HEADERb                      
     00000000  s__HEADERc                      
     00000000  s__HEADERd                      
     00000000  s__HEADERe                      
     00000000  s__HEADERf                      
     00000000  s__HRAM                         
ASxxxx Linker V03.00/V05.40 + sdld,  page 2.
Hexadecimal  [32-Bits]

Area                                    Addr        Size        Decimal Bytes (Attributes)
--------------------------------        ----        ----        ------- ----- ------------
.  .ABS.                            00000000    00000000 =           0. bytes (ABS,CON)

      Value  Global                              Global Defined In Module
      -----  --------------------------------   ------------------------
     00000000  s__HRAM12                       
     00000001  ___bank_VM_MATH                    vm_math
     00000001  ___bank_VM_SGB                     vm_sgb
     00000001  ___bank_bg_lencityopen_tilemap_a   bg_lencityopen_tilemap_attr
     00000001  ___bank_bg_pixil_frame_0_31_tile   bg_pixil_frame_0_31_tilemap_
     00000001  ___bank_scene_17_sprites           scene_17_sprites
     00000001  ___bank_script_input_7             script_input_7
     00000001  b_ui_draw_frame                    ui
     00000001  b_ui_draw_text_buffer_char         ui
     00000001  b_ui_init                          ui
     00000001  b_ui_load_tiles                    ui
     00000001  b_ui_run_menu                      ui
     00000001  b_ui_run_modal                     ui
     00000001  b_ui_set_start_tile                ui
     00000001  b_vm_cos_scale                     vm_math
     00000001  b_vm_sin_scale                     vm_math
     00000001  l__GSFINAL                      
     00000001  l__HEADER0                      
     00000001  l__HEADER5                      
     00000001  l__HEADERa                      
     00000001  l__HEADERb                      
     00000001  l__HEADERc                      
     00000001  l__HEADERe                      
     00000001  l__HEADERf                      
     00000002  ___bank_bg_controls_gb_copy__til   bg_controls_gb_copy__tileset
     00000002  ___bank_bg_init_copy_1_tileset     bg_init_copy_1_tileset
     00000002  ___bank_bg_lencityopen_tilemap     bg_lencityopen_tilemap
     00000002  b_remove_LCD_ISRs                  interrupts
     00000002  l__HEADER10                     
     00000002  l__HEADER6                      
     00000002  l__HEADERd                      
     00000003  ___bank_bg_controls_gba_copy__ti   bg_controls_gba_copy__tilese
     00000003  ___bank_bg_lencity_yua_building_   bg_lencity_yua_building_tile
     00000003  ___bank_scene_15_init              scene_15_init
     00000003  ___bank_scene_18_collisions        scene_18_collisions
     00000003  l__HEADER9                      
     00000003  l__HEADER_LCD0                  
     00000003  l__HRAM12                       
     00000004  ___bank_bg_controls_gba_copy_0_t   bg_controls_gba_copy_0_tiles
     00000004  ___bank_scene_27_init              scene_27_init
     00000004  ___bank_scene_34_collisions        scene_34_collisions
     00000004  ___bank_scene_43_triggers          scene_43_triggers
     00000004  l__CRASH_HEADER1                
     00000004  l__HEADER_SIO0                  
     00000004  l__HEADER_TIMER0                
     00000005  ___bank_SGB_border_chr             border
     00000005  ___bank_SGB_border_map             border
     00000005  ___bank_SGB_border_pal             border
     00000005  ___bank_bg_controls_gbc_copy__ti   bg_controls_gbc_copy__tilese
     00000005  ___bank_bg_dhilly_game_1_tileset   bg_dhilly_game_1_tileset
     00000005  ___bank_bg_lencity_trainstation_   bg_lencity_trainstation_cop_
ASxxxx Linker V03.00/V05.40 + sdld,  page 3.
Hexadecimal  [32-Bits]

Area                                    Addr        Size        Decimal Bytes (Attributes)
--------------------------------        ----        ----        ------- ----- ------------
.  .ABS.                            00000000    00000000 =           0. bytes (ABS,CON)

      Value  Global                              Global Defined In Module
      -----  --------------------------------   ------------------------
     00000005  ___bank_scene_12_init              scene_12_init
     00000005  l__CRASH_HEADER0                
     00000005  l__HEADER1                      
     00000006  ___bank_VM_MAIN                    vm
     00000006  ___bank_actor_6_interact           actor_6_interact
     00000006  ___bank_bg_controls_mobile_copy_   bg_controls_mobile_copy_0_ti
     00000006  ___bank_bg_controls_mobile_copy_   bg_controls_mobile_copy__til
     00000006  ___bank_scene_0_init               scene_0_init
     00000006  b_script_detach_hthread            vm
     00000006  b_script_execute                   vm
     00000006  b_script_runner_init               vm
     00000006  b_script_terminate                 vm
     00000006  b_vm_call                          vm
     00000006  b_vm_call_far                      vm
     00000006  b_vm_get_indirect                  vm
     00000006  b_vm_get_tlocal                    vm
     00000006  b_vm_idle                          vm
     00000006  b_vm_if                            vm
     00000006  b_vm_if_const                      vm
     00000006  b_vm_init_rng                      vm
     00000006  b_vm_invoke                        vm
     00000006  b_vm_join                          vm
     00000006  b_vm_jump                          vm
     00000006  b_vm_lock                          vm
     00000006  b_vm_loop                          vm
     00000006  b_vm_memcpy                        vm
     00000006  b_vm_memset                        vm
     00000006  b_vm_poll_loaded                   vm
     00000006  b_vm_pop                           vm
     00000006  b_vm_push                          vm
     00000006  b_vm_push_reference                vm
     00000006  b_vm_push_value                    vm
     00000006  b_vm_push_value_ind                vm
     00000006  b_vm_raise                         vm
     00000006  b_vm_rand                          vm
     00000006  b_vm_reserve                       vm
     00000006  b_vm_ret                           vm
     00000006  b_vm_ret_far                       vm
     00000006  b_vm_set                           vm
     00000006  b_vm_set_const                     vm
     00000006  b_vm_set_indirect                  vm
     00000006  b_vm_terminate                     vm
     00000006  b_vm_test_terminate                vm
     00000006  b_vm_unlock                        vm
     00000006  b_wait_frames                      vm
     00000006  l__HEADER8                      
     00000007  ___bank_bg_options_copy__tileset   bg_options_copy__tileset
     00000007  ___bank_bg_title_tileset           bg_title_tileset
     00000007  ___bank_font_gbs_variable_width    font_gbs_variable_width
     00000007  ___bank_sprite_dhilly_saveselect   sprite_dhilly_saveselect_co_
     00000007  b_projectile_launch                projectiles
ASxxxx Linker V03.00/V05.40 + sdld,  page 4.
Hexadecimal  [32-Bits]

Area                                    Addr        Size        Decimal Bytes (Attributes)
--------------------------------        ----        ----        ------- ----- ------------
.  .ABS.                            00000000    00000000 =           0. bytes (ABS,CON)

      Value  Global                              Global Defined In Module
      -----  --------------------------------   ------------------------
     00000007  b_projectiles_init                 projectiles
     00000007  l__HEADER2                      
     00000008  ___bank_ACTOR                      actor
     00000008  ___bank_VM_ACTOR                   vm_actor
     00000008  ___bank_scene_3_init               scene_3_init
     00000008  b_activate_actor                   actor
     00000008  b_activate_actors_in_col           actor
     00000008  b_activate_actors_in_row           actor
     00000008  b_actor_at_tile                    actor
     00000008  b_actor_get_frame_offset           actor
     00000008  b_actor_in_front_of_player         actor
     00000008  b_actor_overlapping_bb             actor
     00000008  b_actor_overlapping_player         actor
     00000008  b_actor_set_anim_idle              actor
     00000008  b_actor_set_anim_moving            actor
     00000008  b_actor_set_dir                    actor
     00000008  b_actor_set_frame_offset           actor
     00000008  b_actor_set_frames                 actor
     00000008  b_actors_handle_player_collision   actor
     00000008  b_actors_init                      actor
     00000008  b_check_collision_in_direction     actor
     00000008  b_deactivate_actor                 actor
     00000008  b_platform_init                    platform
     00000008  b_platform_update                  platform
     00000008  b_player_init                      actor
     00000008  b_vm_actor_activate                vm_actor
     00000008  b_vm_actor_begin_update            vm_actor
     00000008  b_vm_actor_deactivate              vm_actor
     00000008  b_vm_actor_emote                   vm_actor
     00000008  b_vm_actor_get_angle               vm_actor
     00000008  b_vm_actor_get_anim_frame          vm_actor
     00000008  b_vm_actor_get_dir                 vm_actor
     00000008  b_vm_actor_get_pos                 vm_actor
     00000008  b_vm_actor_move_cancel             vm_actor
     00000008  b_vm_actor_move_to                 vm_actor
     00000008  b_vm_actor_replace_tile            vm_actor
     00000008  b_vm_actor_set_anim                vm_actor
     00000008  b_vm_actor_set_anim_frame          vm_actor
     00000008  b_vm_actor_set_anim_set            vm_actor
     00000008  b_vm_actor_set_anim_tick           vm_actor
     00000008  b_vm_actor_set_bounds              vm_actor
     00000008  b_vm_actor_set_dir                 vm_actor
     00000008  b_vm_actor_set_flags               vm_actor
     00000008  b_vm_actor_set_move_speed          vm_actor
     00000008  b_vm_actor_set_pos                 vm_actor
     00000008  b_vm_actor_set_spritesheet         vm_actor
     00000008  b_vm_actor_set_spritesheet_by_re   vm_actor
     00000008  b_vm_actor_terminate_update        vm_actor
     00000008  l__HEADER3                      
     00000009  ___bank_VM_UI                      vm_ui
     00000009  ___bank_bg_pixil_frame_0_30_tile   bg_pixil_frame_0_30_tileset
ASxxxx Linker V03.00/V05.40 + sdld,  page 5.
Hexadecimal  [32-Bits]

Area                                    Addr        Size        Decimal Bytes (Attributes)
--------------------------------        ----        ----        ------- ----- ------------
.  .ABS.                            00000000    00000000 =           0. bytes (ABS,CON)

      Value  Global                              Global Defined In Module
      -----  --------------------------------   ------------------------
     00000009  ___bank_bg_pixil_frame_0_31_tile   bg_pixil_frame_0_31_tilemap
     00000009  ___bank_bg_pixil_frame_0_31_tile   bg_pixil_frame_0_31_tileset
     00000009  ___bank_scene_31_collisions        scene_31_collisions
     00000009  b_do_load_palette                  data_manager
     00000009  b_load_background                  data_manager
     00000009  b_load_bkg_tileset                 data_manager
     00000009  b_load_bounds                      data_manager
     00000009  b_load_emote                       data_manager
     00000009  b_load_init                        data_manager
     00000009  b_load_player                      data_manager
     00000009  b_load_scene                       data_manager
     00000009  b_load_sprite                      data_manager
     00000009  b_scroll_init                      scroll
     00000009  b_scroll_rect                      
     00000009  b_scroll_repaint                   scroll
     00000009  b_scroll_reset                     scroll
     00000009  b_scroll_update                    scroll
     00000009  b_shmup_init                       shmup
     00000009  b_shmup_update                     shmup
     00000009  b_vm_choice                        vm_ui
     00000009  b_vm_display_text                  vm_ui
     00000009  b_vm_overlay_clear                 vm_ui
     00000009  b_vm_overlay_move_to               vm_ui
     00000009  b_vm_overlay_scroll                vm_ui
     00000009  b_vm_overlay_set_map               vm_ui
     00000009  b_vm_overlay_set_scroll            vm_ui
     00000009  b_vm_overlay_set_submap            vm_ui
     00000009  b_vm_overlay_set_submap_ex         vm_ui
     00000009  b_vm_overlay_setpos                vm_ui
     00000009  b_vm_overlay_show                  vm_ui
     00000009  b_vm_overlay_wait                  vm_ui
     00000009  b_vm_set_font                      vm_ui
     00000009  b_vm_set_text_sound                vm_ui
     00000009  b_vm_switch_text_layer             vm_ui
     0000000A  ___bank_VM_GAMEBOY                 vm_gameboy
     0000000A  ___bank_bg_init_copy_0_tilemap_a   bg_init_copy_0_tilemap_attr
     0000000A  ___bank_bg_intro_scenary_copy__t   bg_intro_scenary_copy__tilem
     0000000A  ___bank_bg_intro_scenary_copy__t   bg_intro_scenary_copy__tilem
     0000000A  ___bank_bg_pixil_frame_23_0_tile   bg_pixil_frame_23_0_tilemap
     0000000A  ___bank_bg_pixil_frame_23_0_tile   bg_pixil_frame_23_0_tilemap_
     0000000A  ___bank_bg_title_copy_2_tileset    bg_title_copy_2_tileset
     0000000A  ___bank_scene_13_init              scene_13_init
     0000000A  ___bank_scene_20_sprites           scene_20_sprites
     0000000A  ___bank_scene_28_collisions        scene_28_collisions
     0000000A  b_adventure_init                   adventure
     0000000A  b_adventure_update                 adventure
     0000000A  b_topdown_init                     topdown
     0000000A  b_topdown_update                   topdown
     0000000A  b_vm_context_prepare               vm_gameboy
     0000000A  b_vm_fade                          vm_gameboy
     0000000A  b_vm_get_tile_xy                   vm_gameboy
ASxxxx Linker V03.00/V05.40 + sdld,  page 6.
Hexadecimal  [32-Bits]

Area                                    Addr        Size        Decimal Bytes (Attributes)
--------------------------------        ----        ----        ------- ----- ------------
.  .ABS.                            00000000    00000000 =           0. bytes (ABS,CON)

      Value  Global                              Global Defined In Module
      -----  --------------------------------   ------------------------
     0000000A  b_vm_input_attach                  vm_gameboy
     0000000A  b_vm_input_detach                  vm_gameboy
     0000000A  b_vm_input_get                     vm_gameboy
     0000000A  b_vm_input_wait                    vm_gameboy
     0000000A  b_vm_load_tileset                  vm_gameboy
     0000000A  b_vm_poll                          vm_gameboy
     0000000A  b_vm_replace_tile                  vm_gameboy
     0000000A  b_vm_replace_tile_xy               vm_gameboy
     0000000A  b_vm_rumble                        vm_gameboy
     0000000A  b_vm_set_sprite_mode               vm_gameboy
     0000000A  b_vm_set_sprites_visible           vm_gameboy
     0000000A  b_vm_timer_prepare                 vm_gameboy
     0000000A  b_vm_timer_reset                   vm_gameboy
     0000000A  b_vm_timer_set                     vm_gameboy
     0000000A  b_vm_timer_stop                    vm_gameboy
     0000000B  ___bank_VM_CAMERA                  vm_camera
     0000000B  ___bank_bg_init_copy_0_tilemap     bg_init_copy_0_tilemap
     0000000B  ___bank_bg_init_copy__tilemap      bg_init_copy__tilemap
     0000000B  ___bank_bg_init_copy__tilemap_at   bg_init_copy__tilemap_attr
     0000000B  ___bank_bg_lencityopen_tileset     bg_lencityopen_tileset
     0000000B  ___bank_bg_pixil_frame_0_24_tile   bg_pixil_frame_0_24_tileset
     0000000B  ___bank_bg_title_copy__tileset     bg_title_copy__tileset
     0000000B  ___bank_scene_17_collisions        scene_17_collisions
     0000000B  ___bank_scene_22_init              scene_22_init
     0000000B  ___bank_scene_23_init              scene_23_init
     0000000B  ___bank_scene_32_collisions        scene_32_collisions
     0000000B  ___bank_scene_3_sprites            scene_3_sprites
     0000000B  ___bank_script_input_6             script_input_6
     0000000B  ___bank_trigger_1_interact         trigger_1_interact
     0000000B  b_camera_shake_frames              vm_camera
     0000000B  b_core_reset                       core
     0000000B  b_core_run                         core
     0000000B  b_data_clear                       load_save
     0000000B  b_data_init                        load_save
     0000000B  b_data_load                        load_save
     0000000B  b_data_peek                        load_save
     0000000B  b_data_save                        load_save
     0000000B  b_vm_camera_move_to                vm_camera
     0000000B  b_vm_camera_set_pos                vm_camera
     0000000C  ___bank_actor_11_interact          actor_11_interact
     0000000C  ___bank_bg_controls_gb_copy_       bg_controls_gb_copy_
     0000000C  ___bank_bg_controls_gb_copy_0_ti   bg_controls_gb_copy_0_tilema
     0000000C  ___bank_bg_controls_gb_copy_0_ti   bg_controls_gb_copy_0_tilema
     0000000C  ___bank_bg_pixil_frame_0_24_tile   bg_pixil_frame_0_24_tilemap
     0000000C  ___bank_bg_pixil_frame_0_24_tile   bg_pixil_frame_0_24_tilemap_
     0000000C  ___bank_bg_pixil_frame_0_30_tile   bg_pixil_frame_0_30_tilemap
     0000000C  ___bank_bg_pixil_frame_0_30_tile   bg_pixil_frame_0_30_tilemap_
     0000000C  ___bank_bg_pixil_frame_0_copy_co   bg_pixil_frame_0_copy_copy__
     0000000C  ___bank_bg_pixil_frame_23_0_tile   bg_pixil_frame_23_0_tileset
     0000000C  ___bank_scene_0_collisions         scene_0_collisions
     0000000C  ___bank_scene_15_collisions        scene_15_collisions
ASxxxx Linker V03.00/V05.40 + sdld,  page 7.
Hexadecimal  [32-Bits]

Area                                    Addr        Size        Decimal Bytes (Attributes)
--------------------------------        ----        ----        ------- ----- ------------
.  .ABS.                            00000000    00000000 =           0. bytes (ABS,CON)

      Value  Global                              Global Defined In Module
      -----  --------------------------------   ------------------------
     0000000C  ___bank_scene_29_collisions        scene_29_collisions
     0000000C  ___bank_scene_30_collisions        scene_30_collisions
     0000000C  ___bank_script_input_3             script_input_3
     0000000C  b___HandleCrash_banked             
     0000000C  b_atan2                            math_atan2
     0000000C  b_gbprinter_detect                 gbprinter
     0000000C  b_gbprinter_print_overlay          gbprinter
     0000000C  b_pointnclick_init                 pointnclick
     0000000C  b_pointnclick_update               pointnclick
     0000000C  b_trigger_activate_at              trigger
     0000000C  b_trigger_activate_at_intersecti   trigger
     0000000C  b_trigger_at_intersection          trigger
     0000000C  b_trigger_at_tile                  trigger
     0000000C  b_trigger_interact                 trigger
     0000000C  b_trigger_reset                    trigger
     0000000D  ___bank_VM_PALETTE                 vm_palette
     0000000D  ___bank_VM_SIO                     vm_sio
     0000000D  ___bank_bg_controls_gb_copy__til   bg_controls_gb_copy__tilemap
     0000000D  ___bank_bg_controls_gb_copy__til   bg_controls_gb_copy__tilemap
     0000000D  ___bank_bg_controls_gba_copy_0_t   bg_controls_gba_copy_0_tilem
     0000000D  ___bank_bg_controls_gba_copy_0_t   bg_controls_gba_copy_0_tilem
     0000000D  ___bank_bg_controls_gba_copy__ti   bg_controls_gba_copy__tilema
     0000000D  ___bank_bg_controls_gba_copy__ti   bg_controls_gba_copy__tilema
     0000000D  ___bank_bg_controls_gbc_copy__ti   bg_controls_gbc_copy__tilema
     0000000D  ___bank_bg_controls_gbc_copy__ti   bg_controls_gbc_copy__tilema
     0000000D  ___bank_bg_controls_mobile_copy_   bg_controls_mobile_copy_0_ti
     0000000D  ___bank_bg_controls_mobile_copy_   bg_controls_mobile_copy_0_ti
     0000000D  ___bank_bg_controls_mobile_copy_   bg_controls_mobile_copy__til
     0000000D  ___bank_bg_controls_mobile_copy_   bg_controls_mobile_copy__til
     0000000D  ___bank_bg_dhilly_game_1_tilemap   bg_dhilly_game_1_tilemap
     0000000D  ___bank_bg_dhilly_game_1_tilemap   bg_dhilly_game_1_tilemap_att
     0000000D  ___bank_bg_iceos_desktop_copy__t   bg_iceos_desktop_copy__tilem
     0000000D  ___bank_bg_iceos_desktop_copy__t   bg_iceos_desktop_copy__tilem
     0000000D  ___bank_bg_iceos_desktop_copy__t   bg_iceos_desktop_copy__tiles
     0000000D  ___bank_bg_iceos_login_2_copy__t   bg_iceos_login_2_copy__tilem
     0000000D  ___bank_bg_iceos_login_2_copy__t   bg_iceos_login_2_copy__tilem
     0000000D  ___bank_bg_iceos_login_2_copy__t   bg_iceos_login_2_copy__tiles
     0000000D  ___bank_bg_iceos_login_copy__til   bg_iceos_login_copy__tilemap
     0000000D  ___bank_bg_lencity_trainstation_   bg_lencity_trainstation_tile
     0000000D  ___bank_bg_lencity_trainstation_   bg_lencity_trainstation_tile
     0000000D  ___bank_bg_pixil_frame_0_23_tile   bg_pixil_frame_0_23_tileset
     0000000D  ___bank_bg_square_frozen_future_   bg_square_frozen_future_tile
     0000000D  ___bank_bg_square_frozen_future_   bg_square_frozen_future_tile
     0000000D  ___bank_bg_square_frozen_future_   bg_square_frozen_future_tile
     0000000D  ___bank_bg_title_copy_0_tileset    bg_title_copy_0_tileset
     0000000D  ___bank_scene_19_collisions        scene_19_collisions
     0000000D  ___bank_scene_19_init              scene_19_init
     0000000D  ___bank_scene_20_collisions        scene_20_collisions
     0000000D  ___bank_scene_27_collisions        scene_27_collisions
     0000000D  ___bank_scene_35_collisions        scene_35_collisions
     0000000D  ___bank_scene_7_init               scene_7_init
ASxxxx Linker V03.00/V05.40 + sdld,  page 8.
Hexadecimal  [32-Bits]

Area                                    Addr        Size        Decimal Bytes (Attributes)
--------------------------------        ----        ----        ------- ----- ------------
.  .ABS.                            00000000    00000000 =           0. bytes (ABS,CON)

      Value  Global                              Global Defined In Module
      -----  --------------------------------   ------------------------
     0000000D  b_fade_applypalettechange          fade_manager
     0000000D  b_fade_in                          fade_manager
     0000000D  b_fade_in_modal                    fade_manager
     0000000D  b_fade_init                        fade_manager
     0000000D  b_fade_out                         fade_manager
     0000000D  b_fade_out_modal                   fade_manager
     0000000D  b_fade_setspeed                    fade_manager
     0000000D  b_fade_update                      fade_manager
     0000000D  b_set_sgb_border                   sgb_border
     0000000D  b_vm_load_palette                  vm_palette
     0000000D  b_vm_sio_exchange                  vm_sio
     0000000D  b_vm_sio_set_mode                  vm_sio
     0000000E  ___bank_actor_16_interact          actor_16_interact
     0000000E  ___bank_bg_iceos_login_copy__til   bg_iceos_login_copy__tilemap
     0000000E  ___bank_bg_iceos_platformer2_cop   bg_iceos_platformer2_copy__t
     0000000E  ___bank_bg_iceos_platformer2_cop   bg_iceos_platformer2_copy__t
     0000000E  ___bank_bg_iceos_platformer3_cop   bg_iceos_platformer3_copy__t
     0000000E  ___bank_bg_iceos_platformer3_cop   bg_iceos_platformer3_copy__t
     0000000E  ___bank_bg_iceos_platformer4_til   bg_iceos_platformer4_tilemap
     0000000E  ___bank_bg_iceos_platformer4_til   bg_iceos_platformer4_tilemap
     0000000E  ___bank_bg_init_copy_1_tilemap     bg_init_copy_1_tilemap
     0000000E  ___bank_bg_init_copy_1_tilemap_a   bg_init_copy_1_tilemap_attr
     0000000E  ___bank_bg_intro_weather_copy__t   bg_intro_weather_copy__tilem
     0000000E  ___bank_bg_intro_weather_copy__t   bg_intro_weather_copy__tilem
     0000000E  ___bank_bg_lencity_dhillybuildin   bg_lencity_dhillybuilding_c_
     0000000E  ___bank_bg_lencity_dhillybuildin   bg_lencity_dhillybuilding_c_
     0000000E  ___bank_bg_lencity_dhillybuildin   bg_lencity_dhillybuilding_f_
     0000000E  ___bank_bg_lencity_dhillybuildin   bg_lencity_dhillybuilding_f_
     0000000E  ___bank_bg_lencity_trainstation_   bg_lencity_trainstation_cop_
     0000000E  ___bank_bg_lencity_trainstation_   bg_lencity_trainstation_cop_
     0000000E  ___bank_bg_lencity_yua_building_   bg_lencity_yua_building_tile
     0000000E  ___bank_bg_lencity_yua_building_   bg_lencity_yua_building_tile
     0000000E  ___bank_bg_options_copy__tilemap   bg_options_copy__tilemap
     0000000E  ___bank_bg_options_copy__tilemap   bg_options_copy__tilemap_att
     0000000E  ___bank_bg_pixil_frame_0_23_tile   bg_pixil_frame_0_23_tilemap
     0000000E  ___bank_bg_pixil_frame_0_23_tile   bg_pixil_frame_0_23_tilemap_
     0000000E  ___bank_bg_pixil_frame_0_copy_co   bg_pixil_frame_0_copy_copy__
     0000000E  ___bank_bg_pixil_frame_0_copy_co   bg_pixil_frame_0_copy_copy__
     0000000E  ___bank_bg_title_copy_0_tilemap    bg_title_copy_0_tilemap
     0000000E  ___bank_bg_title_copy_0_tilemap_   bg_title_copy_0_tilemap_attr
     0000000E  ___bank_bg_title_copy_1_tilemap    bg_title_copy_1_tilemap
     0000000E  ___bank_bg_title_copy_1_tilemap_   bg_title_copy_1_tilemap_attr
     0000000E  ___bank_bg_title_copy_2_tilemap    bg_title_copy_2_tilemap
     0000000E  ___bank_bg_title_copy_2_tilemap_   bg_title_copy_2_tilemap_attr
     0000000E  ___bank_bg_title_copy__tilemap     bg_title_copy__tilemap
     0000000E  ___bank_bg_title_copy__tilemap_a   bg_title_copy__tilemap_attr
     0000000E  ___bank_bg_title_tilemap           bg_title_tilemap
     0000000E  ___bank_bg_title_tilemap_attr      bg_title_tilemap_attr
     0000000E  ___bank_scene_10_collisions        scene_10_collisions
     0000000E  ___bank_scene_11_collisions        scene_11_collisions
     0000000E  ___bank_scene_12_collisions        scene_12_collisions
ASxxxx Linker V03.00/V05.40 + sdld,  page 9.
Hexadecimal  [32-Bits]

Area                                    Addr        Size        Decimal Bytes (Attributes)
--------------------------------        ----        ----        ------- ----- ------------
.  .ABS.                            00000000    00000000 =           0. bytes (ABS,CON)

      Value  Global                              Global Defined In Module
      -----  --------------------------------   ------------------------
     0000000E  ___bank_scene_13_collisions        scene_13_collisions
     0000000E  ___bank_scene_14_collisions        scene_14_collisions
     0000000E  ___bank_scene_16_collisions        scene_16_collisions
     0000000E  ___bank_scene_1_collisions         scene_1_collisions
     0000000E  ___bank_scene_22_collisions        scene_22_collisions
     0000000E  ___bank_scene_23_collisions        scene_23_collisions
     0000000E  ___bank_scene_2_collisions         scene_2_collisions
     0000000F  ___bank_VM_GBPRINTER               vm_gbprinter
     0000000F  ___bank_VM_LOAD_SAVE               vm_load_save
     0000000F  ___bank_VM_MUSIC                   vm_music
     0000000F  ___bank_VM_PROJECTILE              vm_projectiles
     0000000F  ___bank_VM_RTC                     vm_rtc
     0000000F  ___bank_VM_SCENE                   vm_scene
     0000000F  ___bank_actor_10_interact          actor_10_interact
     0000000F  ___bank_actor_18_interact          actor_18_interact
     0000000F  ___bank_actor_21_interact          actor_21_interact
     0000000F  ___bank_avatar_font_0              avatar_font_0
     0000000F  ___bank_bg_controls_gb_copy_0_ti   bg_controls_gb_copy_0_tilese
     0000000F  ___bank_bg_iceos_platformer2_cop   bg_iceos_platformer2_copy__t
     0000000F  ___bank_bg_iceos_platformer3_cop   bg_iceos_platformer3_copy__t
     0000000F  ___bank_bg_iceos_platformer4_til   bg_iceos_platformer4_tileset
     0000000F  ___bank_bg_init_copy_0_tileset     bg_init_copy_0_tileset
     0000000F  ___bank_bg_intro_weather_copy__t   bg_intro_weather_copy__tiles
     0000000F  ___bank_bg_lencity_dhillybuildin   bg_lencity_dhillybuilding_c_
     0000000F  ___bank_bg_lencity_dhillybuildin   bg_lencity_dhillybuilding_f_
     0000000F  ___bank_bg_lencity_trainstation_   bg_lencity_trainstation_tile
     0000000F  ___bank_frame_image                frame_image
     0000000F  ___bank_palette_0                  palette_0
     0000000F  ___bank_scene_10_init              scene_10_init
     0000000F  ___bank_scene_11_init              scene_11_init
     0000000F  ___bank_scene_14_init              scene_14_init
     0000000F  ___bank_scene_18_actors            scene_18_actors
     0000000F  ___bank_scene_18_init              scene_18_init
     0000000F  ___bank_scene_1_init               scene_1_init
     0000000F  ___bank_scene_22_actors            scene_22_actors
     0000000F  ___bank_scene_24_collisions        scene_24_collisions
     0000000F  ___bank_scene_24_init              scene_24_init
     0000000F  ___bank_scene_25_collisions        scene_25_collisions
     0000000F  ___bank_scene_25_init              scene_25_init
     0000000F  ___bank_scene_26_collisions        scene_26_collisions
     0000000F  ___bank_scene_26_init              scene_26_init
     0000000F  ___bank_scene_2_actors             scene_2_actors
     0000000F  ___bank_scene_33_actors            scene_33_actors
     0000000F  ___bank_scene_33_collisions        scene_33_collisions
     0000000F  ___bank_scene_36_collisions        scene_36_collisions
     0000000F  ___bank_scene_37_actors            scene_37_actors
     0000000F  ___bank_scene_37_collisions        scene_37_collisions
     0000000F  ___bank_scene_38_collisions        scene_38_collisions
     0000000F  ___bank_scene_38_init              scene_38_init
     0000000F  ___bank_scene_39_actors            scene_39_actors
     0000000F  ___bank_scene_39_collisions        scene_39_collisions
ASxxxx Linker V03.00/V05.40 + sdld,  page 10.
Hexadecimal  [32-Bits]

Area                                    Addr        Size        Decimal Bytes (Attributes)
--------------------------------        ----        ----        ------- ----- ------------
.  .ABS.                            00000000    00000000 =           0. bytes (ABS,CON)

      Value  Global                              Global Defined In Module
      -----  --------------------------------   ------------------------
     0000000F  ___bank_scene_3_collisions         scene_3_collisions
     0000000F  ___bank_scene_40_collisions        scene_40_collisions
     0000000F  ___bank_scene_41_collisions        scene_41_collisions
     0000000F  ___bank_scene_42_collisions        scene_42_collisions
     0000000F  ___bank_scene_43_collisions        scene_43_collisions
     0000000F  ___bank_scene_44_collisions        scene_44_collisions
     0000000F  ___bank_scene_4_collisions         scene_4_collisions
     0000000F  ___bank_scene_4_init               scene_4_init
     0000000F  ___bank_scene_5_collisions         scene_5_collisions
     0000000F  ___bank_scene_5_init               scene_5_init
     0000000F  ___bank_scene_6_collisions         scene_6_collisions
     0000000F  ___bank_scene_6_init               scene_6_init
     0000000F  ___bank_scene_7_collisions         scene_7_collisions
     0000000F  ___bank_scene_8_collisions         scene_8_collisions
     0000000F  ___bank_scene_8_init               scene_8_init
     0000000F  ___bank_scene_9_collisions         scene_9_collisions
     0000000F  ___bank_scene_9_init               scene_9_init
     0000000F  ___bank_script_engine_init         
     0000000F  ___bank_script_input_1             script_input_1
     0000000F  ___bank_script_input_2             script_input_2
     0000000F  ___bank_script_input_4             script_input_4
     0000000F  ___bank_script_input_5             script_input_5
     0000000F  ___bank_sprite_blank_interactabl   sprite_blank_interactable_c_
     0000000F  ___bank_sprite_dhilly_saveselect   sprite_dhilly_saveselect
     0000000F  ___bank_sprite_highlight_options   sprite_highlight_options_co
     0000000F  ___bank_sprite_highlight_options   sprite_highlight_options_co_
     0000000F  ___bank_sprite_square_cart_copy_   sprite_square_cart_copy__til
     0000000F  ___bank_sprite_square_full_hitbo   sprite_square_full_hitbox_c_
     0000000F  b_CGBZeroPalette                   palette
     0000000F  b_SGBTransferPalettes              palette
     0000000F  b_erase_flash                      
     0000000F  b_events_init                      events
     0000000F  b_itoa_fmt                         vm_ui_a
     0000000F  b_music_events_poll                music_manager
     0000000F  b_music_init_driver                music_manager
     0000000F  b_music_init_events                music_manager
     0000000F  b_palette_init                     palette
     0000000F  b_restore_sram                     flasher
     0000000F  b_restore_sram_bank                flasher
     0000000F  b_save_sram                        flasher
     0000000F  b_save_sram_banks                  
     0000000F  b_timers_init                      events
     0000000F  b_vm_music_mute                    vm_music
     0000000F  b_vm_music_play                    vm_music
     0000000F  b_vm_music_routine                 vm_music
     0000000F  b_vm_music_setpos                  vm_music
     0000000F  b_vm_music_stop                    vm_music
     0000000F  b_vm_print_detect                  vm_gbprinter
     0000000F  b_vm_print_overlay                 vm_gbprinter
     0000000F  b_vm_projectile_launch             vm_projectiles
     0000000F  b_vm_projectile_load_type          vm_projectiles
ASxxxx Linker V03.00/V05.40 + sdld,  page 11.
Hexadecimal  [32-Bits]

Area                                    Addr        Size        Decimal Bytes (Attributes)
--------------------------------        ----        ----        ------- ----- ------------
.  .ABS.                            00000000    00000000 =           0. bytes (ABS,CON)

      Value  Global                              Global Defined In Module
      -----  --------------------------------   ------------------------
     0000000F  b_vm_rtc_get                       vm_rtc
     0000000F  b_vm_rtc_latch                     vm_rtc
     0000000F  b_vm_rtc_set                       vm_rtc
     0000000F  b_vm_rtc_start                     vm_rtc
     0000000F  b_vm_save_clear                    vm_load_save
     0000000F  b_vm_save_peek                     vm_load_save
     0000000F  b_vm_scene_pop                     vm_scene
     0000000F  b_vm_scene_pop_all                 vm_scene
     0000000F  b_vm_scene_push                    vm_scene
     0000000F  b_vm_scene_stack_reset             vm_scene
     0000000F  b_vm_sfx_play                      vm_music
     0000000F  b_vm_sound_mastervol               vm_music
     00000010  ___bank_actor_14_interact          actor_14_interact
     00000010  ___bank_actor_15_interact          actor_15_interact
     00000010  ___bank_actor_17_interact          actor_17_interact
     00000010  ___bank_bg_controls_gb_copy_0      bg_controls_gb_copy_0
     00000010  ___bank_bg_controls_gba_copy_      bg_controls_gba_copy_
     00000010  ___bank_bg_controls_gba_copy_0     bg_controls_gba_copy_0
     00000010  ___bank_bg_controls_gbc_copy_      bg_controls_gbc_copy_
     00000010  ___bank_bg_controls_mobile_copy_   bg_controls_mobile_copy_
     00000010  ___bank_bg_controls_mobile_copy_   bg_controls_mobile_copy_0
     00000010  ___bank_bg_dhilly_game_1           bg_dhilly_game_1
     00000010  ___bank_bg_iceos_desktop_copy_     bg_iceos_desktop_copy_
     00000010  ___bank_bg_iceos_login_2_copy_     bg_iceos_login_2_copy_
     00000010  ___bank_bg_iceos_login_copy_       bg_iceos_login_copy_
     00000010  ___bank_bg_iceos_login_copy__til   bg_iceos_login_copy__tileset
     00000010  ___bank_bg_iceos_platformer2_cop   bg_iceos_platformer2_copy_
     00000010  ___bank_bg_iceos_platformer3_cop   bg_iceos_platformer3_copy_
     00000010  ___bank_bg_iceos_platformer4       bg_iceos_platformer4
     00000010  ___bank_bg_init_copy_              bg_init_copy_
     00000010  ___bank_bg_init_copy_0             bg_init_copy_0
     00000010  ___bank_bg_init_copy_1             bg_init_copy_1
     00000010  ___bank_bg_init_copy__tileset      bg_init_copy__tileset
     00000010  ___bank_bg_intro_scenary_copy_     bg_intro_scenary_copy_
     00000010  ___bank_bg_intro_scenary_copy__t   bg_intro_scenary_copy__tiles
     00000010  ___bank_bg_intro_weather_copy_     bg_intro_weather_copy_
     00000010  ___bank_bg_lencity_dhillybuildin   bg_lencity_dhillybuilding_c
     00000010  ___bank_bg_lencity_dhillybuildin   bg_lencity_dhillybuilding_f
     00000010  ___bank_bg_lencity_trainstation    bg_lencity_trainstation
     00000010  ___bank_bg_lencity_trainstation_   bg_lencity_trainstation_cop
     00000010  ___bank_bg_lencity_yua_building    bg_lencity_yua_building
     00000010  ___bank_bg_lencityopen             bg_lencityopen
     00000010  ___bank_bg_options_copy_           bg_options_copy_
     00000010  ___bank_bg_pixil_frame_0_23        bg_pixil_frame_0_23
     00000010  ___bank_bg_pixil_frame_0_24        bg_pixil_frame_0_24
     00000010  ___bank_bg_pixil_frame_0_30        bg_pixil_frame_0_30
     00000010  ___bank_bg_pixil_frame_0_31        bg_pixil_frame_0_31
     00000010  ___bank_bg_pixil_frame_0_copy_co   bg_pixil_frame_0_copy_copy_
     00000010  ___bank_bg_pixil_frame_23_0        bg_pixil_frame_23_0
     00000010  ___bank_bg_square_frozen_future    bg_square_frozen_future
     00000010  ___bank_bg_title                   bg_title
ASxxxx Linker V03.00/V05.40 + sdld,  page 12.
Hexadecimal  [32-Bits]

Area                                    Addr        Size        Decimal Bytes (Attributes)
--------------------------------        ----        ----        ------- ----- ------------
.  .ABS.                            00000000    00000000 =           0. bytes (ABS,CON)

      Value  Global                              Global Defined In Module
      -----  --------------------------------   ------------------------
     00000010  ___bank_bg_title_copy_             bg_title_copy_
     00000010  ___bank_bg_title_copy_0            bg_title_copy_0
     00000010  ___bank_bg_title_copy_1            bg_title_copy_1
     00000010  ___bank_bg_title_copy_1_tileset    bg_title_copy_1_tileset
     00000010  ___bank_bg_title_copy_2            bg_title_copy_2
     00000010  ___bank_bootstrap_script           
     00000010  ___bank_cursor_image               cursor_image
     00000010  ___bank_emote_shock                emote_shock
     00000010  ___bank_palette_1                  palette_1
     00000010  ___bank_palette_10                 palette_10
     00000010  ___bank_palette_11                 palette_11
     00000010  ___bank_palette_12                 palette_12
     00000010  ___bank_palette_13                 palette_13
     00000010  ___bank_palette_14                 palette_14
     00000010  ___bank_palette_15                 palette_15
     00000010  ___bank_palette_16                 palette_16
     00000010  ___bank_palette_17                 palette_17
     00000010  ___bank_palette_18                 palette_18
     00000010  ___bank_palette_19                 palette_19
     00000010  ___bank_palette_2                  palette_2
     00000010  ___bank_palette_20                 palette_20
     00000010  ___bank_palette_21                 palette_21
     00000010  ___bank_palette_22                 palette_22
     00000010  ___bank_palette_23                 palette_23
     00000010  ___bank_palette_24                 palette_24
     00000010  ___bank_palette_25                 palette_25
     00000010  ___bank_palette_26                 palette_26
     00000010  ___bank_palette_27                 palette_27
     00000010  ___bank_palette_28                 palette_28
     00000010  ___bank_palette_29                 palette_29
     00000010  ___bank_palette_3                  palette_3
     00000010  ___bank_palette_30                 palette_30
     00000010  ___bank_palette_31                 palette_31
     00000010  ___bank_palette_32                 palette_32
     00000010  ___bank_palette_33                 palette_33
     00000010  ___bank_palette_34                 palette_34
     00000010  ___bank_palette_35                 palette_35
     00000010  ___bank_palette_36                 palette_36
     00000010  ___bank_palette_37                 palette_37
     00000010  ___bank_palette_38                 palette_38
     00000010  ___bank_palette_4                  palette_4
     00000010  ___bank_palette_5                  palette_5
     00000010  ___bank_palette_6                  palette_6
     00000010  ___bank_palette_7                  palette_7
     00000010  ___bank_palette_8                  palette_8
     00000010  ___bank_palette_9                  palette_9
     00000010  ___bank_scene_0                    scene_0
     00000010  ___bank_scene_0_triggers           scene_0_triggers
     00000010  ___bank_scene_1                    scene_1
     00000010  ___bank_scene_10                   scene_10
     00000010  ___bank_scene_11                   scene_11
ASxxxx Linker V03.00/V05.40 + sdld,  page 13.
Hexadecimal  [32-Bits]

Area                                    Addr        Size        Decimal Bytes (Attributes)
--------------------------------        ----        ----        ------- ----- ------------
.  .ABS.                            00000000    00000000 =           0. bytes (ABS,CON)

      Value  Global                              Global Defined In Module
      -----  --------------------------------   ------------------------
     00000010  ___bank_scene_12                   scene_12
     00000010  ___bank_scene_13                   scene_13
     00000010  ___bank_scene_14                   scene_14
     00000010  ___bank_scene_15                   scene_15
     00000010  ___bank_scene_15_triggers          scene_15_triggers
     00000010  ___bank_scene_16                   scene_16
     00000010  ___bank_scene_16_init              scene_16_init
     00000010  ___bank_scene_17                   scene_17
     00000010  ___bank_scene_17_actors            scene_17_actors
     00000010  ___bank_scene_17_init              scene_17_init
     00000010  ___bank_scene_17_triggers          scene_17_triggers
     00000010  ___bank_scene_18                   scene_18
     00000010  ___bank_scene_18_sprites           scene_18_sprites
     00000010  ___bank_scene_18_triggers          scene_18_triggers
     00000010  ___bank_scene_19                   scene_19
     00000010  ___bank_scene_19_actors            scene_19_actors
     00000010  ___bank_scene_19_triggers          scene_19_triggers
     00000010  ___bank_scene_2                    scene_2
     00000010  ___bank_scene_20                   scene_20
     00000010  ___bank_scene_20_actors            scene_20_actors
     00000010  ___bank_scene_20_init              scene_20_init
     00000010  ___bank_scene_20_triggers          scene_20_triggers
     00000010  ___bank_scene_22                   scene_22
     00000010  ___bank_scene_22_sprites           scene_22_sprites
     00000010  ___bank_scene_23                   scene_23
     00000010  ___bank_scene_24                   scene_24
     00000010  ___bank_scene_25                   scene_25
     00000010  ___bank_scene_26                   scene_26
     00000010  ___bank_scene_27                   scene_27
     00000010  ___bank_scene_27_triggers          scene_27_triggers
     00000010  ___bank_scene_28                   scene_28
     00000010  ___bank_scene_28_init              scene_28_init
     00000010  ___bank_scene_28_triggers          scene_28_triggers
     00000010  ___bank_scene_29                   scene_29
     00000010  ___bank_scene_29_init              scene_29_init
     00000010  ___bank_scene_29_triggers          scene_29_triggers
     00000010  ___bank_scene_2_init               scene_2_init
     00000010  ___bank_scene_3                    scene_3
     00000010  ___bank_scene_30                   scene_30
     00000010  ___bank_scene_30_init              scene_30_init
     00000010  ___bank_scene_30_triggers          scene_30_triggers
     00000010  ___bank_scene_31                   scene_31
     00000010  ___bank_scene_31_init              scene_31_init
     00000010  ___bank_scene_31_triggers          scene_31_triggers
     00000010  ___bank_scene_32                   scene_32
     00000010  ___bank_scene_32_init              scene_32_init
     00000010  ___bank_scene_32_triggers          scene_32_triggers
     00000010  ___bank_scene_33                   scene_33
     00000010  ___bank_scene_33_init              scene_33_init
     00000010  ___bank_scene_33_sprites           scene_33_sprites
     00000010  ___bank_scene_33_triggers          scene_33_triggers
ASxxxx Linker V03.00/V05.40 + sdld,  page 14.
Hexadecimal  [32-Bits]

Area                                    Addr        Size        Decimal Bytes (Attributes)
--------------------------------        ----        ----        ------- ----- ------------
.  .ABS.                            00000000    00000000 =           0. bytes (ABS,CON)

      Value  Global                              Global Defined In Module
      -----  --------------------------------   ------------------------
     00000010  ___bank_scene_34                   scene_34
     00000010  ___bank_scene_34_actors            scene_34_actors
     00000010  ___bank_scene_34_init              scene_34_init
     00000010  ___bank_scene_34_sprites           scene_34_sprites
     00000010  ___bank_scene_34_triggers          scene_34_triggers
     00000010  ___bank_scene_35                   scene_35
     00000010  ___bank_scene_35_init              scene_35_init
     00000010  ___bank_scene_35_triggers          scene_35_triggers
     00000010  ___bank_scene_36                   scene_36
     00000010  ___bank_scene_36_actors            scene_36_actors
     00000010  ___bank_scene_36_init              scene_36_init
     00000010  ___bank_scene_36_sprites           scene_36_sprites
     00000010  ___bank_scene_37                   scene_37
     00000010  ___bank_scene_37_init              scene_37_init
     00000010  ___bank_scene_37_sprites           scene_37_sprites
     00000010  ___bank_scene_38                   scene_38
     00000010  ___bank_scene_39                   scene_39
     00000010  ___bank_scene_39_init              scene_39_init
     00000010  ___bank_scene_39_sprites           scene_39_sprites
     00000010  ___bank_scene_3_actors             scene_3_actors
     00000010  ___bank_scene_4                    scene_4
     00000010  ___bank_scene_40                   scene_40
     00000010  ___bank_scene_40_init              scene_40_init
     00000010  ___bank_scene_40_triggers          scene_40_triggers
     00000010  ___bank_scene_41                   scene_41
     00000010  ___bank_scene_41_init              scene_41_init
     00000010  ___bank_scene_41_triggers          scene_41_triggers
     00000010  ___bank_scene_42                   scene_42
     00000010  ___bank_scene_42_init              scene_42_init
     00000010  ___bank_scene_42_triggers          scene_42_triggers
     00000010  ___bank_scene_43                   scene_43
     00000010  ___bank_scene_43_init              scene_43_init
     00000010  ___bank_scene_44                   scene_44
     00000010  ___bank_scene_44_init              scene_44_init
     00000010  ___bank_scene_44_triggers          scene_44_triggers
     00000010  ___bank_scene_5                    scene_5
     00000010  ___bank_scene_6                    scene_6
     00000010  ___bank_scene_7                    scene_7
     00000010  ___bank_scene_8                    scene_8
     00000010  ___bank_scene_9                    scene_9
     00000010  ___bank_script_input_0             script_input_0
     00000010  ___bank_script_input_10            script_input_10
     00000010  ___bank_script_input_11            script_input_11
     00000010  ___bank_script_input_12            script_input_12
     00000010  ___bank_script_input_8             script_input_8
     00000010  ___bank_script_input_9             script_input_9
     00000010  ___bank_script_timer_0             script_timer_0
     00000010  ___bank_script_timer_1             script_timer_1
     00000010  ___bank_script_timer_2             script_timer_2
     00000010  ___bank_script_timer_3             script_timer_3
     00000010  ___bank_sprite_blank_interactabl   sprite_blank_interactable_c
ASxxxx Linker V03.00/V05.40 + sdld,  page 15.
Hexadecimal  [32-Bits]

Area                                    Addr        Size        Decimal Bytes (Attributes)
--------------------------------        ----        ----        ------- ----- ------------
.  .ABS.                            00000000    00000000 =           0. bytes (ABS,CON)

      Value  Global                              Global Defined In Module
      -----  --------------------------------   ------------------------
     00000010  ___bank_sprite_dhilly_saveselect   sprite_dhilly_saveselect_co
     00000010  ___bank_sprite_dhilly_saveselect   sprite_dhilly_saveselect_co_
     00000010  ___bank_sprite_dhilly_saveselect   sprite_dhilly_saveselect_co_
     00000010  ___bank_sprite_dhilly_saveselect   sprite_dhilly_saveselect_til
     00000010  ___bank_sprite_iceos_cursor_copy   sprite_iceos_cursor_copy_
     00000010  ___bank_sprite_iceosapp_ctf_copy   sprite_iceosapp_ctf_copy_0
     00000010  ___bank_sprite_iceosapp_ctf_copy   sprite_iceosapp_ctf_copy_0_t
     00000010  ___bank_sprite_iceosapp_pltfrmr_   sprite_iceosapp_pltfrmr_cop
     00000010  ___bank_sprite_iceosapp_pltfrmr_   sprite_iceosapp_pltfrmr_cop_
     00000010  ___bank_sprite_iceosapp_settings   sprite_iceosapp_settings_co
     00000010  ___bank_sprite_iceosapp_settings   sprite_iceosapp_settings_co_
     00000010  ___bank_sprite_iceosapp_wveruner   sprite_iceosapp_wveruner_co
     00000010  ___bank_sprite_iceosapp_wveruner   sprite_iceosapp_wveruner_co_
     00000010  ___bank_sprite_len_city_dhilly_h   sprite_len_city_dhilly_hous
     00000010  ___bank_sprite_square_cart_copy_   sprite_square_cart_copy_
     00000010  ___bank_sprite_square_full_hitbo   sprite_square_full_hitbox_c
     00000010  ___bank_sprite_square_full_hitbo   sprite_square_full_hitbox_c_
     00000010  ___bank_sprite_square_full_hitbo   sprite_square_full_hitbox_c_
     00000010  ___bank_sprite_square_full_hitbo   sprite_square_full_hitbox_c_
     00000010  ___bank_sprite_square_full_hitbo   sprite_square_full_hitbox_c_
     00000010  ___bank_sprite_square_full_hitbo   sprite_square_full_hitbox_c_
     00000010  ___bank_sprite_square_full_hitbo   sprite_square_full_hitbox_c_
     00000010  ___bank_sprite_square_platformin   sprite_square_platforming_c
     00000010  ___bank_sprite_square_platformin   sprite_square_platforming_c_
     00000010  ___bank_sprite_static_copy         sprite_static_copy
     00000010  ___bank_sprite_static_copy_tiles   sprite_static_copy_tileset
     00000010  ___bank_spritesheet_none           spritesheet_none
     00000010  ___bank_trigger_0_interact         trigger_0_interact
     00000010  ___bank_trigger_10_interact        trigger_10_interact
     00000010  ___bank_trigger_11_interact        trigger_11_interact
     00000010  ___bank_trigger_12_interact        trigger_12_interact
     00000010  ___bank_trigger_13_interact        trigger_13_interact
     00000010  ___bank_trigger_14_interact        trigger_14_interact
     00000010  ___bank_trigger_15_interact        trigger_15_interact
     00000010  ___bank_trigger_16_interact        trigger_16_interact
     00000010  ___bank_trigger_17_interact        trigger_17_interact
     00000010  ___bank_trigger_18_interact        trigger_18_interact
     00000010  ___bank_trigger_19_interact        trigger_19_interact
     00000010  ___bank_trigger_20_interact        trigger_20_interact
     00000010  ___bank_trigger_21_interact        trigger_21_interact
     00000010  ___bank_trigger_22_interact        trigger_22_interact
     00000010  ___bank_trigger_23_interact        trigger_23_interact
     00000010  ___bank_trigger_24_interact        trigger_24_interact
     00000010  ___bank_trigger_25_interact        trigger_25_interact
     00000010  ___bank_trigger_26_interact        trigger_26_interact
     00000010  ___bank_trigger_27_interact        trigger_27_interact
     00000010  ___bank_trigger_28_interact        trigger_28_interact
     00000010  ___bank_trigger_29_interact        trigger_29_interact
     00000010  ___bank_trigger_2_interact         trigger_2_interact
     00000010  ___bank_trigger_30_interact        trigger_30_interact
     00000010  ___bank_trigger_31_interact        trigger_31_interact
ASxxxx Linker V03.00/V05.40 + sdld,  page 16.
Hexadecimal  [32-Bits]

Area                                    Addr        Size        Decimal Bytes (Attributes)
--------------------------------        ----        ----        ------- ----- ------------
.  .ABS.                            00000000    00000000 =           0. bytes (ABS,CON)

      Value  Global                              Global Defined In Module
      -----  --------------------------------   ------------------------
     00000010  ___bank_trigger_32_interact        trigger_32_interact
     00000010  ___bank_trigger_33_interact        trigger_33_interact
     00000010  ___bank_trigger_34_interact        trigger_34_interact
     00000010  ___bank_trigger_35_interact        trigger_35_interact
     00000010  ___bank_trigger_36_interact        trigger_36_interact
     00000010  ___bank_trigger_37_interact        trigger_37_interact
     00000010  ___bank_trigger_38_interact        trigger_38_interact
     00000010  ___bank_trigger_39_interact        trigger_39_interact
     00000010  ___bank_trigger_4_interact         trigger_4_interact
     00000010  ___bank_trigger_5_interact         trigger_5_interact
     00000010  ___bank_trigger_6_interact         trigger_6_interact
     00000010  ___bank_trigger_7_interact         trigger_7_interact
     00000010  ___bank_trigger_8_interact         trigger_8_interact
     00000010  ___bank_trigger_9_interact         trigger_9_interact
     00000010  b_SIO_init                         sio
     00000010  b_camera_init                      camera
     00000010  b_input_init                       input
     00000010  b_logo_init                        logo
     00000010  b_logo_update                      logo
     00000010  b_parallax_init                    parallax
     0000001A  l__INITIALIZED                  
     0000001A  l__INITIALIZER                  
     0000001C  __start_save                    
     00000027  l__GSINIT                       
     00000030  l__HEADER7                      
     00000060  l__HEADER4                      
     00000080  ___size_SGB_border_pal             border
     000000AB  l__HEADER11                     
     000001CB  l__CRASH_SCRATCH2               
     00000200  s__CODE                         
     00000700  ___size_SGB_border_map             border
     00000ED4  l__CODE                         
     000010D4  s__HOME                         
     00001800  ___size_SGB_border_chr             border
     00001994  l__DATA                         
     00002000  _rROMB0                            
     00002C67  l__CODE_16                      
     00002DAF  l__HOME                         
     00003000  _rROMB1                            
     00003E83  s__BASE                         
     00003E83  s__CODE_0                       
     00003E83  s__INITIALIZER                  
     00003E83  s__LIT                          
     00003E9D  s__GSINIT                       
     00003EC4  s__GSFINAL                      
     00003FFE  l__CODE_10                      
     00003FFE  l__CODE_14                      
     00003FFE  l__CODE_4                       
     00003FFF  l__CODE_15                      
     00003FFF  l__CODE_2                       
     00004000  _RTC_SELECT_REG                    vm_rtc
ASxxxx Linker V03.00/V05.40 + sdld,  page 17.
Hexadecimal  [32-Bits]

Area                                    Addr        Size        Decimal Bytes (Attributes)
--------------------------------        ----        ----        ------- ----- ------------
.  .ABS.                            00000000    00000000 =           0. bytes (ABS,CON)

      Value  Global                              Global Defined In Module
      -----  --------------------------------   ------------------------
     00004000  _rRAMB                             
     00004000  l__CODE_1                       
     00004000  l__CODE_11                      
     00004000  l__CODE_12                      
     00004000  l__CODE_13                      
     00004000  l__CODE_3                       
     00004000  l__CODE_5                       
     00004000  l__CODE_6                       
     00004000  l__CODE_7                       
     00004000  l__CODE_8                       
     00004000  l__CODE_9                       
     00006000  _RTC_LATCH_REG                     vm_rtc
     00008000  __VRAM                             
     00008000  __VRAM8000                         
     00008800  __VRAM8800                         
     00009000  __VRAM9000                         
     00009800  __SCRN0                            
     00009C00  __SCRN1                            
     0000A000  _RTC_VALUE_REG                     vm_rtc
     0000A000  __SRAM                             
     0000C000  __RAM                              
     0000C000  _shadow_OAM                     
     0000C0A0  s__DATA                         
     0000D000  __RAMBANK                          
     0000DA34  s__BSS                          
     0000DA34  s__INITIALIZED                  
     0000DA4E  s__HEAP                         
     0000DA4E  s__HEAP_END                     
     0000DF00  .STACK                          
     0000DF00  _shadow_OAM2                       absolute
     0000DFA0  _BkgPalette                        absolute
     0000DFE0  _vwf_tile_data                     absolute
     0000FE00  __OAMRAM                           
     0000FF00  _P1_REG                            
     0000FF00  __IO                               
     0000FF01  _SB_REG                            
     0000FF02  _SC_REG                            
     0000FF04  _DIV_REG                           
     0000FF05  _TIMA_REG                          
     0000FF06  _TMA_REG                           
     0000FF07  _TAC_REG                           
     0000FF0F  _IF_REG                            
     0000FF10  _NR10_REG                          
     0000FF11  _NR11_REG                          
     0000FF12  _NR12_REG                          
     0000FF13  _NR13_REG                          
     0000FF14  _NR14_REG                          
     0000FF16  _NR21_REG                          
     0000FF17  _NR22_REG                          
     0000FF18  _NR23_REG                          
     0000FF19  _NR24_REG                          
ASxxxx Linker V03.00/V05.40 + sdld,  page 18.
Hexadecimal  [32-Bits]

Area                                    Addr        Size        Decimal Bytes (Attributes)
--------------------------------        ----        ----        ------- ----- ------------
.  .ABS.                            00000000    00000000 =           0. bytes (ABS,CON)

      Value  Global                              Global Defined In Module
      -----  --------------------------------   ------------------------
     0000FF1A  _NR30_REG                          
     0000FF1B  _NR31_REG                          
     0000FF1C  _NR32_REG                          
     0000FF1D  _NR33_REG                          
     0000FF1E  _NR34_REG                          
     0000FF20  _NR41_REG                          
     0000FF21  _NR42_REG                          
     0000FF22  _NR43_REG                          
     0000FF23  _NR44_REG                          
     0000FF24  _NR50_REG                          
     0000FF25  _NR51_REG                          
     0000FF26  _NR52_REG                          
     0000FF30  _AUD3WAVE                          
     0000FF30  _PCM_SAMPLE                        
     0000FF30  __AUD3WAVERAM                      
     0000FF40  _LCDC_REG                          
     0000FF41  _STAT_REG                          
     0000FF42  _SCY_REG                           
     0000FF43  _SCX_REG                           
     0000FF44  _LY_REG                            
     0000FF45  _LYC_REG                           
     0000FF46  _DMA_REG                           
     0000FF47  _BGP_REG                           
     0000FF48  _OBP0_REG                          
     0000FF49  _OBP1_REG                          
     0000FF4A  _WY_REG                            
     0000FF4B  _WX_REG                            
     0000FF4D  _KEY1_REG                          
     0000FF4F  _VBK_REG                           
     0000FF51  _HDMA1_REG                         
     0000FF52  _HDMA2_REG                         
     0000FF53  _HDMA3_REG                         
     0000FF54  _HDMA4_REG                         
     0000FF55  _HDMA5_REG                         
     0000FF56  _RP_REG                            
     0000FF68  _BCPS_REG                          
     0000FF69  _BCPD_REG                          
     0000FF6A  _OCPS_REG                          
     0000FF6B  _OCPD_REG                          
     0000FF70  _SVBK_REG                          
     0000FF76  _PCM12_REG                         
     0000FF77  _PCM34_REG                         
     0000FF80  .refresh_OAM                    
     0000FF80  __HRAM                             
     0000FFFF  _IE_REG                            
     00014000  s__CODE_1                       
     00024000  s__CODE_2                       
     00034000  s__CODE_3                       
     00044000  s__CODE_4                       
     00054000  s__CODE_5                       
     00064000  s__CODE_6                       
ASxxxx Linker V03.00/V05.40 + sdld,  page 19.
Hexadecimal  [32-Bits]

Area                                    Addr        Size        Decimal Bytes (Attributes)
--------------------------------        ----        ----        ------- ----- ------------
.  .ABS.                            00000000    00000000 =           0. bytes (ABS,CON)

      Value  Global                              Global Defined In Module
      -----  --------------------------------   ------------------------
     00074000  s__CODE_7                       
     00084000  s__CODE_8                       
     00094000  s__CODE_9                       
     000A4000  s__CODE_10                      
     000B4000  s__CODE_11                      
     000C4000  s__CODE_12                      
     000D4000  s__CODE_13                      
     000E4000  s__CODE_14                      
     000F4000  s__CODE_15                      
     00104000  s__CODE_16                      
ASxxxx Linker V03.00/V05.40 + sdld,  page 20.
Hexadecimal  [32-Bits]

Area                                    Addr        Size        Decimal Bytes (Attributes)
--------------------------------        ----        ----        ------- ----- ------------
_CODE                               00000200    00000ED4 =        3796. bytes (REL,CON)

      Value  Global                              Global Defined In Module
      -----  --------------------------------   ------------------------
     00000200  ___HandleCrash                     
     0000020A  _SIO_send_byte                     
     0000021D  _SIO_receive                       
     0000022E  _GetWinAddr                        
     00000236  _GetBkgAddr                        
     00000244  _state_init                        
     00000249  _state_update                      
     0000026B  _ui_time_masks                     
     00000273  _ui_print_shift_char               
     000002F6  _ui_draw_frame_row                 
     000002FF  .ui_draw_frame_row                 
     00000328  _script_cmds                       vm_instructions
     00000560  _save_signature                    game_signature
     00000564  _start_scene_x                     
     00000566  _start_scene_y                     
     00000568  _start_scene_dir                   
     00000569  _start_scene                       
     0000056C  _start_player_move_speed           
     0000056D  _start_player_anim_tick            
     0000056E  _ui_fonts                          
     00000574  _core_reset_hook                   main
     0000057C  _main                              main
     00000584  _state_start_fns                   
     00000596  _state_update_fns                  
     000005A8  _hUGE_init                         hUGEDriver_obj
     000005AA  hUGE_init                          hUGEDriver_obj
     00000600  _hUGE_mute_channel                 hUGEDriver_obj
     00000602  hUGE_mute_channel                  hUGEDriver_obj
     00000850  _hUGE_set_position                 hUGEDriver_obj
     00000852  hUGE_set_position                  hUGEDriver_obj
     00000A17  _hUGE_dosound                      hUGEDriver_obj
     00000A17  hUGE_dosound                       hUGEDriver_obj
     00000D43  _get_vram_byte                     
     00000D4B  _get_win_tile_xy                   
     00000D53  _get_bkg_tile_xy                   
     00000D7A  _set_sprite_palette                CGB
     00000D7F  _set_bkg_palette                   CGB
     00000D82  .set_palette                       CGB
     00000DA1  _set_sprite_palette_entry          CGB
     00000DA6  _set_bkg_palette_entry             CGB
     00000DA9  .set_palette_entry                 CGB
     00000DC5  _hide_sprites_range                Metasprites
     00000DF4  __mulsuchar                        mul
     00000DF7  __muluschar                        mul
     00000E00  __mulschar                         mul
     00000E08  __mulint                           mul
     00000E27  __muluchar                         mul
     00000E39  _set_vram_byte                     
     00000E42  _set_win_tile_xy                   
     00000E4B  _set_bkg_tile_xy                   
ASxxxx Linker V03.00/V05.40 + sdld,  page 21.
Hexadecimal  [32-Bits]

Area                                    Addr        Size        Decimal Bytes (Attributes)
--------------------------------        ----        ----        ------- ----- ------------
_CODE                               00000200    00000ED4 =        3796. bytes (REL,CON)

      Value  Global                              Global Defined In Module
      -----  --------------------------------   ------------------------
     00000E7A  .sgb_check                         
     00000E7A  _sgb_check                         
     00000EC2  _sgb_transfer                      
     00000EC7  .sgb_transfer                      
     00000F08  .copy_vram                         
     00000F0E  _get_data                          
     00000F0E  _set_data                          
     00000F0E  _vmemcpy                           
     00000F5C  ___move_metasprite                 Metasprites
     00000F99  ___memcpy                          
     00000F99  _memcpy                            
     00000FCB  _cpu_slow                          CGB
     00000FE6  _cpu_fast                          CGB
     00000FED  __divsuchar                        divmod
     00000FF3  __modsuchar                        divmod
     00000FFC  __divuschar                        divmod
     00001005  __moduschar                        divmod
     00001011  __divschar                         divmod
     00001016  __modschar                         divmod
     0000101D  __divsint                          divmod
     00001026  __modsint                          divmod
     00001032  __divuchar                         divmod
     00001037  __moduchar                         divmod
     0000103E  __divuint                          divmod
     00001047  __moduint                          divmod
     00001053  .div8                              divmod
     00001053  .mod8                              divmod
     0000105B  .div16                             divmod
     0000105B  .mod16                             divmod
     00001091  .divu8                             divmod
     00001091  .modu8                             divmod
     00001094  .divu16                            divmod
     00001094  .modu16                            divmod

ASxxxx Linker V03.00/V05.40 + sdld,  page 22.
Hexadecimal  [32-Bits]

Area                                    Addr        Size        Decimal Bytes (Attributes)
--------------------------------        ----        ----        ------- ----- ------------
_HEADER0                            00000000    00000001 =           1. bytes (ABS,CON)

      Value  Global                              Global Defined In Module
      -----  --------------------------------   ------------------------
     00000020  .call_hl                           Runtime

ASxxxx Linker V03.00/V05.40 + sdld,  page 23.
Hexadecimal  [32-Bits]

Area                                    Addr        Size        Decimal Bytes (Attributes)
--------------------------------        ----        ----        ------- ----- ------------
_HEADER1                            00000000    00000005 =           5. bytes (ABS,CON)

      Value  Global                              Global Defined In Module
      -----  --------------------------------   ------------------------
     00000028  .MemsetSmall                       Runtime

ASxxxx Linker V03.00/V05.40 + sdld,  page 24.
Hexadecimal  [32-Bits]

Area                                    Addr        Size        Decimal Bytes (Attributes)
--------------------------------        ----        ----        ------- ----- ------------
_HEADER2                            00000000    00000007 =           7. bytes (ABS,CON)

      Value  Global                              Global Defined In Module
      -----  --------------------------------   ------------------------
     00000030  .MemcpySmall                       Runtime

ASxxxx Linker V03.00/V05.40 + sdld,  page 25.
Hexadecimal  [32-Bits]

Area                                    Addr        Size        Decimal Bytes (Attributes)
--------------------------------        ----        ----        ------- ----- ------------
_HEADER3                            00000000    00000008 =           8. bytes (ABS,CON)

      Value  Global                              Global Defined In Module
      -----  --------------------------------   ------------------------
ASxxxx Linker V03.00/V05.40 + sdld,  page 26.
Hexadecimal  [32-Bits]

Area                                    Addr        Size        Decimal Bytes (Attributes)
--------------------------------        ----        ----        ------- ----- ------------
_HEADER4                            00000000    00000060 =          96. bytes (ABS,CON)

      Value  Global                              Global Defined In Module
      -----  --------------------------------   ------------------------
     00000080  .int                               Runtime
     0000008F  _wait_int_handler                  Runtime
     0000009C  __standard_VBL_handler             Runtime
     000000AB  _refresh_OAM                       Runtime
     000000CC  _set_interrupts                    Runtime

ASxxxx Linker V03.00/V05.40 + sdld,  page 27.
Hexadecimal  [32-Bits]

Area                                    Addr        Size        Decimal Bytes (Attributes)
--------------------------------        ----        ----        ------- ----- ------------
_HEADER5                            00000000    00000001 =           1. bytes (ABS,CON)

      Value  Global                              Global Defined In Module
      -----  --------------------------------   ------------------------
ASxxxx Linker V03.00/V05.40 + sdld,  page 28.
Hexadecimal  [32-Bits]

Area                                    Addr        Size        Decimal Bytes (Attributes)
--------------------------------        ----        ----        ------- ----- ------------
_HEADER6                            00000000    00000002 =           2. bytes (ABS,CON)

      Value  Global                              Global Defined In Module
      -----  --------------------------------   ------------------------
ASxxxx Linker V03.00/V05.40 + sdld,  page 29.
Hexadecimal  [32-Bits]

Area                                    Addr        Size        Decimal Bytes (Attributes)
--------------------------------        ----        ----        ------- ----- ------------
_HEADER7                            00000000    00000030 =          48. bytes (ABS,CON)

      Value  Global                              Global Defined In Module
      -----  --------------------------------   ------------------------
ASxxxx Linker V03.00/V05.40 + sdld,  page 30.
Hexadecimal  [32-Bits]

Area                                    Addr        Size        Decimal Bytes (Attributes)
--------------------------------        ----        ----        ------- ----- ------------
_HEADER8                            00000000    00000006 =           6. bytes (ABS,CON)

      Value  Global                              Global Defined In Module
      -----  --------------------------------   ------------------------
ASxxxx Linker V03.00/V05.40 + sdld,  page 31.
Hexadecimal  [32-Bits]

Area                                    Addr        Size        Decimal Bytes (Attributes)
--------------------------------        ----        ----        ------- ----- ------------
_HEADER9                            00000000    00000003 =           3. bytes (ABS,CON)

      Value  Global                              Global Defined In Module
      -----  --------------------------------   ------------------------
ASxxxx Linker V03.00/V05.40 + sdld,  page 32.
Hexadecimal  [32-Bits]

Area                                    Addr        Size        Decimal Bytes (Attributes)
--------------------------------        ----        ----        ------- ----- ------------
_HEADERa                            00000000    00000001 =           1. bytes (ABS,CON)

      Value  Global                              Global Defined In Module
      -----  --------------------------------   ------------------------
ASxxxx Linker V03.00/V05.40 + sdld,  page 33.
Hexadecimal  [32-Bits]

Area                                    Addr        Size        Decimal Bytes (Attributes)
--------------------------------        ----        ----        ------- ----- ------------
_HEADERb                            00000000    00000001 =           1. bytes (ABS,CON)

      Value  Global                              Global Defined In Module
      -----  --------------------------------   ------------------------
ASxxxx Linker V03.00/V05.40 + sdld,  page 34.
Hexadecimal  [32-Bits]

Area                                    Addr        Size        Decimal Bytes (Attributes)
--------------------------------        ----        ----        ------- ----- ------------
_HEADERc                            00000000    00000001 =           1. bytes (ABS,CON)

      Value  Global                              Global Defined In Module
      -----  --------------------------------   ------------------------
ASxxxx Linker V03.00/V05.40 + sdld,  page 35.
Hexadecimal  [32-Bits]

Area                                    Addr        Size        Decimal Bytes (Attributes)
--------------------------------        ----        ----        ------- ----- ------------
_HEADERd                            00000000    00000002 =           2. bytes (ABS,CON)

      Value  Global                              Global Defined In Module
      -----  --------------------------------   ------------------------
ASxxxx Linker V03.00/V05.40 + sdld,  page 36.
Hexadecimal  [32-Bits]

Area                                    Addr        Size        Decimal Bytes (Attributes)
--------------------------------        ----        ----        ------- ----- ------------
_HEADERe                            00000000    00000001 =           1. bytes (ABS,CON)

      Value  Global                              Global Defined In Module
      -----  --------------------------------   ------------------------
ASxxxx Linker V03.00/V05.40 + sdld,  page 37.
Hexadecimal  [32-Bits]

[...]
/tmp/_gbsbuild/obj/scene_25_collisions.rel
                                          [ scene_25_collisions ]
/tmp/_gbsbuild/obj/scene_25_init.rel      [ scene_25_init ]
/tmp/_gbsbuild/obj/scene_25.rel           [ scene_25 ]
/tmp/_gbsbuild/obj/scene_26_collisions.rel
                                          [ scene_26_collisions ]
/tmp/_gbsbuild/obj/scene_26_init.rel      [ scene_26_init ]
/tmp/_gbsbuild/obj/scene_26.rel           [ scene_26 ]
/tmp/_gbsbuild/obj/scene_27_collisions.rel
                                          [ scene_27_collisions ]
/tmp/_gbsbuild/obj/scene_27_init.rel      [ scene_27_init ]
/tmp/_gbsbuild/obj/scene_27_triggers.rel  [ scene_27_triggers ]
/tmp/_gbsbuild/obj/scene_27.rel           [ scene_27 ]
/tmp/_gbsbuild/obj/scene_28_collisions.rel
                                          [ scene_28_collisions ]
/tmp/_gbsbuild/obj/scene_28_init.rel      [ scene_28_init ]
/tmp/_gbsbuild/obj/scene_28_triggers.rel  [ scene_28_triggers ]
/tmp/_gbsbuild/obj/scene_28.rel           [ scene_28 ]
/tmp/_gbsbuild/obj/scene_29_collisions.rel
                                          [ scene_29_collisions ]
/tmp/_gbsbuild/obj/scene_29_init.rel      [ scene_29_init ]
/tmp/_gbsbuild/obj/scene_29_triggers.rel  [ scene_29_triggers ]
/tmp/_gbsbuild/obj/scene_29.rel           [ scene_29 ]
/tmp/_gbsbuild/obj/scene_3_actors.rel     [ scene_3_actors ]
/tmp/_gbsbuild/obj/scene_3_collisions.rel
                                          [ scene_3_collisions ]
/tmp/_gbsbuild/obj/scene_3_init.rel       [ scene_3_init ]
/tmp/_gbsbuild/obj/scene_3_sprites.rel    [ scene_3_sprites ]
/tmp/_gbsbuild/obj/scene_3.rel            [ scene_3 ]
/tmp/_gbsbuild/obj/scene_30_collisions.rel
                                          [ scene_30_collisions ]
/tmp/_gbsbuild/obj/scene_30_init.rel      [ scene_30_init ]
/tmp/_gbsbuild/obj/scene_30_triggers.rel  [ scene_30_triggers ]
/tmp/_gbsbuild/obj/scene_30.rel           [ scene_30 ]
/tmp/_gbsbuild/obj/scene_31_collisions.rel
                                          [ scene_31_collisions ]
/tmp/_gbsbuild/obj/scene_31_init.rel      [ scene_31_init ]
/tmp/_gbsbuild/obj/scene_31_triggers.rel  [ scene_31_triggers ]
/tmp/_gbsbuild/obj/scene_31.rel           [ scene_31 ]
/tmp/_gbsbuild/obj/scene_32_collisions.rel
                                          [ scene_32_collisions ]
/tmp/_gbsbuild/obj/scene_32_init.rel      [ scene_32_init ]
/tmp/_gbsbuild/obj/scene_32_triggers.rel  [ scene_32_triggers ]
/tmp/_gbsbuild/obj/scene_32.rel           [ scene_32 ]
/tmp/_gbsbuild/obj/scene_33_actors.rel    [ scene_33_actors ]
/tmp/_gbsbuild/obj/scene_33_collisions.rel
                                          [ scene_33_collisions ]
/tmp/_gbsbuild/obj/scene_33_init.rel      [ scene_33_init ]
/tmp/_gbsbuild/obj/scene_33_sprites.rel   [ scene_33_sprites ]
/tmp/_gbsbuild/obj/scene_33_triggers.rel  [ scene_33_triggers ]
/tmp/_gbsbuild/obj/scene_33.rel           [ scene_33 ]
/tmp/_gbsbuild/obj/scene_34_actors.rel    [ scene_34_actors ]
/tmp/_gbsbuild/obj/scene_34_collisions.rel
                                          [ scene_34_collisions ]
/tmp/_gbsbuild/obj/scene_34_init.rel      [ scene_34_init ]
/tmp/_gbsbuild/obj/scene_34_sprites.rel   [ scene_34_sprites ]
/tmp/_gbsbuild/obj/scene_34_triggers.rel  [ scene_34_triggers ]
/tmp/_gbsbuild/obj/scene_34.rel           [ scene_34 ]
/tmp/_gbsbuild/obj/scene_35_collisions.rel
                                          [ scene_35_collisions ]
/tmp/_gbsbuild/obj/scene_35_init.rel      [ scene_35_init ]
/tmp/_gbsbuild/obj/scene_35_triggers.rel  [ scene_35_triggers ]
/tmp/_gbsbuild/obj/scene_35.rel           [ scene_35 ]
/tmp/_gbsbuild/obj/scene_36_actors.rel    [ scene_36_actors ]
/tmp/_gbsbuild/obj/scene_36_collisions.rel
                                          [ scene_36_collisions ]
/tmp/_gbsbuild/obj/scene_36_init.rel      [ scene_36_init ]
/tmp/_gbsbuild/obj/scene_36_sprites.rel   [ scene_36_sprites ]
/tmp/_gbsbuild/obj/scene_36.rel           [ scene_36 ]
/tmp/_gbsbuild/obj/scene_37_actors.rel    [ scene_37_actors ]
/tmp/_gbsbuild/obj/scene_37_collisions.rel
                                          [ scene_37_collisions ]
/tmp/_gbsbuild/obj/scene_37_init.rel      [ scene_37_init ]
/tmp/_gbsbuild/obj/scene_37_sprites.rel   [ scene_37_sprites ]
/tmp/_gbsbuild/obj/scene_37.rel           [ scene_37 ]
/tmp/_gbsbuild/obj/scene_38_collisions.rel
                                          [ scene_38_collisions ]
/tmp/_gbsbuild/obj/scene_38_init.rel      [ scene_38_init ]
/tmp/_gbsbuild/obj/scene_38.rel           [ scene_38 ]
/tmp/_gbsbuild/obj/scene_39_actors.rel    [ scene_39_actors ]
/tmp/_gbsbuild/obj/scene_39_collisions.rel
                                          [ scene_39_collisions ]
/tmp/_gbsbuild/obj/scene_39_init.rel      [ scene_39_init ]
/tmp/_gbsbuild/obj/scene_39_sprites.rel   [ scene_39_sprites ]
/tmp/_gbsbuild/obj/scene_39.rel           [ scene_39 ]
/tmp/_gbsbuild/obj/scene_4_collisions.rel
                                          [ scene_4_collisions ]
/tmp/_gbsbuild/obj/scene_4_init.rel       [ scene_4_init ]
/tmp/_gbsbuild/obj/scene_4.rel            [ scene_4 ]
/tmp/_gbsbuild/obj/scene_40_collisions.rel
                                          [ scene_40_collisions ]
/tmp/_gbsbuild/obj/scene_40_init.rel      [ scene_40_init ]
/tmp/_gbsbuild/obj/scene_40_triggers.rel  [ scene_40_triggers ]
/tmp/_gbsbuild/obj/scene_40.rel           [ scene_40 ]
/tmp/_gbsbuild/obj/scene_41_collisions.rel
                                          [ scene_41_collisions ]
/tmp/_gbsbuild/obj/scene_41_init.rel      [ scene_41_init ]
/tmp/_gbsbuild/obj/scene_41_triggers.rel  [ scene_41_triggers ]
/tmp/_gbsbuild/obj/scene_41.rel           [ scene_41 ]
/tmp/_gbsbuild/obj/scene_42_collisions.rel
                                          [ scene_42_collisions ]
/tmp/_gbsbuild/obj/scene_42_init.rel      [ scene_42_init ]
/tmp/_gbsbuild/obj/scene_42_triggers.rel  [ scene_42_triggers ]
/tmp/_gbsbuild/obj/scene_42.rel           [ scene_42 ]
/tmp/_gbsbuild/obj/scene_43_collisions.rel
                                          [ scene_43_collisions ]
/tmp/_gbsbuild/obj/scene_43_init.rel      [ scene_43_init ]
/tmp/_gbsbuild/obj/scene_43_triggers.rel  [ scene_43_triggers ]
/tmp/_gbsbuild/obj/scene_43.rel           [ scene_43 ]
/tmp/_gbsbuild/obj/scene_44_collisions.rel
                                          [ scene_44_collisions ]
/tmp/_gbsbuild/obj/scene_44_init.rel      [ scene_44_init ]
/tmp/_gbsbuild/obj/scene_44_triggers.rel  [ scene_44_triggers ]
/tmp/_gbsbuild/obj/scene_44.rel           [ scene_44 ]
/tmp/_gbsbuild/obj/scene_5_collisions.rel
                                          [ scene_5_collisions ]
/tmp/_gbsbuild/obj/scene_5_init.rel       [ scene_5_init ]
/tmp/_gbsbuild/obj/scene_5.rel            [ scene_5 ]
/tmp/_gbsbuild/obj/scene_6_collisions.rel
                                          [ scene_6_collisions ]
/tmp/_gbsbuild/obj/scene_6_init.rel       [ scene_6_init ]
/tmp/_gbsbuild/obj/scene_6.rel            [ scene_6 ]
/tmp/_gbsbuild/obj/scene_7_collisions.rel
                                          [ scene_7_collisions ]
/tmp/_gbsbuild/obj/scene_7_init.rel       [ scene_7_init ]
/tmp/_gbsbuild/obj/scene_7.rel            [ scene_7 ]
/tmp/_gbsbuild/obj/scene_8_collisions.rel
                                          [ scene_8_collisions ]
/tmp/_gbsbuild/obj/scene_8_init.rel       [ scene_8_init ]
/tmp/_gbsbuild/obj/scene_8.rel            [ scene_8 ]
/tmp/_gbsbuild/obj/scene_9_collisions.rel
                                          [ scene_9_collisions ]
/tmp/_gbsbuild/obj/scene_9_init.rel       [ scene_9_init ]
/tmp/_gbsbuild/obj/scene_9.rel            [ scene_9 ]
/tmp/_gbsbuild/obj/script_engine_init.rel
                                          [  ]
/tmp/_gbsbuild/obj/script_input_0.rel     [ script_input_0 ]
/tmp/_gbsbuild/obj/script_input_1.rel     [ script_input_1 ]
/tmp/_gbsbuild/obj/script_input_10.rel    [ script_input_10 ]
/tmp/_gbsbuild/obj/script_input_11.rel    [ script_input_11 ]
/tmp/_gbsbuild/obj/script_input_12.rel    [ script_input_12 ]
/tmp/_gbsbuild/obj/script_input_2.rel     [ script_input_2 ]
/tmp/_gbsbuild/obj/script_input_3.rel     [ script_input_3 ]
/tmp/_gbsbuild/obj/script_input_4.rel     [ script_input_4 ]
/tmp/_gbsbuild/obj/script_input_5.rel     [ script_input_5 ]
/tmp/_gbsbuild/obj/script_input_6.rel     [ script_input_6 ]
/tmp/_gbsbuild/obj/script_input_7.rel     [ script_input_7 ]
/tmp/_gbsbuild/obj/script_input_8.rel     [ script_input_8 ]
/tmp/_gbsbuild/obj/script_input_9.rel     [ script_input_9 ]
/tmp/_gbsbuild/obj/script_timer_0.rel     [ script_timer_0 ]
/tmp/_gbsbuild/obj/script_timer_1.rel     [ script_timer_1 ]
/tmp/_gbsbuild/obj/script_timer_2.rel     [ script_timer_2 ]
/tmp/_gbsbuild/obj/script_timer_3.rel     [ script_timer_3 ]
/tmp/_gbsbuild/obj/sprite_blank_interactable_c_tileset.rel
                                          [ sprite_blank_interactable_c_tile ]
/tmp/_gbsbuild/obj/sprite_blank_interactable_c.rel
                                          [ sprite_blank_interactable_c ]
/tmp/_gbsbuild/obj/sprite_dhilly_saveselect_co_0_tileset.rel
                                          [ sprite_dhilly_saveselect_co_0_ti ]
/tmp/_gbsbuild/obj/sprite_dhilly_saveselect_co_0.rel
                                          [ sprite_dhilly_saveselect_co_0 ]
/tmp/_gbsbuild/obj/sprite_dhilly_saveselect_co_tileset.rel
                                          [ sprite_dhilly_saveselect_co_tile ]
/tmp/_gbsbuild/obj/sprite_dhilly_saveselect_co.rel
                                          [ sprite_dhilly_saveselect_co ]
/tmp/_gbsbuild/obj/sprite_dhilly_saveselect_tileset.rel
                                          [ sprite_dhilly_saveselect_tileset ]
/tmp/_gbsbuild/obj/sprite_dhilly_saveselect.rel
                                          [ sprite_dhilly_saveselect ]
/tmp/_gbsbuild/obj/sprite_highlight_options_co_tileset.rel
                                          [ sprite_highlight_options_co_tile ]
/tmp/_gbsbuild/obj/sprite_highlight_options_co.rel
                                          [ sprite_highlight_options_co ]
/tmp/_gbsbuild/obj/sprite_iceos_cursor_copy_.rel
                                          [ sprite_iceos_cursor_copy_ ]
/tmp/_gbsbuild/obj/sprite_iceosapp_ctf_copy_0_tileset.rel
                                          [ sprite_iceosapp_ctf_copy_0_tiles ]
/tmp/_gbsbuild/obj/sprite_iceosapp_ctf_copy_0.rel
                                          [ sprite_iceosapp_ctf_copy_0 ]
/tmp/_gbsbuild/obj/sprite_iceosapp_pltfrmr_cop_tileset.rel
                                          [ sprite_iceosapp_pltfrmr_cop_tile ]
/tmp/_gbsbuild/obj/sprite_iceosapp_pltfrmr_cop.rel
                                          [ sprite_iceosapp_pltfrmr_cop ]
/tmp/_gbsbuild/obj/sprite_iceosapp_settings_co_tileset.rel
                                          [ sprite_iceosapp_settings_co_tile ]
/tmp/_gbsbuild/obj/sprite_iceosapp_settings_co.rel
                                          [ sprite_iceosapp_settings_co ]
/tmp/_gbsbuild/obj/sprite_iceosapp_wveruner_co_tileset.rel
                                          [ sprite_iceosapp_wveruner_co_tile ]
/tmp/_gbsbuild/obj/sprite_iceosapp_wveruner_co.rel
                                          [ sprite_iceosapp_wveruner_co ]
/tmp/_gbsbuild/obj/sprite_len_city_dhilly_hous.rel
                                          [ sprite_len_city_dhilly_hous ]
/tmp/_gbsbuild/obj/sprite_square_cart_copy__tileset.rel
                                          [ sprite_square_cart_copy__tileset ]
/tmp/_gbsbuild/obj/sprite_square_cart_copy_.rel
                                          [ sprite_square_cart_copy_ ]
/tmp/_gbsbuild/obj/sprite_square_full_hitbox_c_1_tileset.rel
                                          [ sprite_square_full_hitbox_c_1_ti ]
/tmp/_gbsbuild/obj/sprite_square_full_hitbox_c_1.rel
                                          [ sprite_square_full_hitbox_c_1 ]
/tmp/_gbsbuild/obj/sprite_square_full_hitbox_c_2_tileset.rel
                                          [ sprite_square_full_hitbox_c_2_ti ]
/tmp/_gbsbuild/obj/sprite_square_full_hitbox_c_2.rel
                                          [ sprite_square_full_hitbox_c_2 ]
/tmp/_gbsbuild/obj/sprite_square_full_hitbox_c_3_tileset.rel
                                          [ sprite_square_full_hitbox_c_3_ti ]
/tmp/_gbsbuild/obj/sprite_square_full_hitbox_c_3.rel
                                          [ sprite_square_full_hitbox_c_3 ]
/tmp/_gbsbuild/obj/sprite_square_full_hitbox_c_tileset.rel
                                          [ sprite_square_full_hitbox_c_tile ]
/tmp/_gbsbuild/obj/sprite_square_full_hitbox_c.rel
                                          [ sprite_square_full_hitbox_c ]
/tmp/_gbsbuild/obj/sprite_square_platforming_c_tileset.rel
                                          [ sprite_square_platforming_c_tile ]
/tmp/_gbsbuild/obj/sprite_square_platforming_c.rel
                                          [ sprite_square_platforming_c ]
/tmp/_gbsbuild/obj/sprite_static_copy_tileset.rel
                                          [ sprite_static_copy_tileset ]
/tmp/_gbsbuild/obj/sprite_static_copy.rel
                                          [ sprite_static_copy ]
/tmp/_gbsbuild/obj/spritesheet_none.rel   [ spritesheet_none ]
/tmp/_gbsbuild/obj/trigger_0_interact.rel
                                          [ trigger_0_interact ]
/tmp/_gbsbuild/obj/trigger_1_interact.rel
                                          [ trigger_1_interact ]
/tmp/_gbsbuild/obj/trigger_10_interact.rel
                                          [ trigger_10_interact ]
/tmp/_gbsbuild/obj/trigger_11_interact.rel
                                          [ trigger_11_interact ]
/tmp/_gbsbuild/obj/trigger_12_interact.rel
                                          [ trigger_12_interact ]
/tmp/_gbsbuild/obj/trigger_13_interact.rel
                                          [ trigger_13_interact ]
/tmp/_gbsbuild/obj/trigger_14_interact.rel
                                          [ trigger_14_interact ]
/tmp/_gbsbuild/obj/trigger_15_interact.rel
                                          [ trigger_15_interact ]
/tmp/_gbsbuild/obj/trigger_16_interact.rel
                                          [ trigger_16_interact ]
/tmp/_gbsbuild/obj/trigger_17_interact.rel
                                          [ trigger_17_interact ]
/tmp/_gbsbuild/obj/trigger_18_interact.rel
                                          [ trigger_18_interact ]
/tmp/_gbsbuild/obj/trigger_19_interact.rel
                                          [ trigger_19_interact ]
/tmp/_gbsbuild/obj/trigger_2_interact.rel
                                          [ trigger_2_interact ]
/tmp/_gbsbuild/obj/trigger_20_interact.rel
                                          [ trigger_20_interact ]
/tmp/_gbsbuild/obj/trigger_21_interact.rel
                                          [ trigger_21_interact ]
/tmp/_gbsbuild/obj/trigger_22_interact.rel
                                          [ trigger_22_interact ]
/tmp/_gbsbuild/obj/trigger_23_interact.rel
                                          [ trigger_23_interact ]
/tmp/_gbsbuild/obj/trigger_24_interact.rel
                                          [ trigger_24_interact ]
/tmp/_gbsbuild/obj/trigger_25_interact.rel
                                          [ trigger_25_interact ]
/tmp/_gbsbuild/obj/trigger_26_interact.rel
                                          [ trigger_26_interact ]
/tmp/_gbsbuild/obj/trigger_27_interact.rel
                                          [ trigger_27_interact ]
/tmp/_gbsbuild/obj/trigger_28_interact.rel
                                          [ trigger_28_interact ]
/tmp/_gbsbuild/obj/trigger_29_interact.rel
                                          [ trigger_29_interact ]
/tmp/_gbsbuild/obj/trigger_30_interact.rel
                                          [ trigger_30_interact ]
/tmp/_gbsbuild/obj/trigger_31_interact.rel
                                          [ trigger_31_interact ]
/tmp/_gbsbuild/obj/trigger_32_interact.rel
                                          [ trigger_32_interact ]
/tmp/_gbsbuild/obj/trigger_33_interact.rel
                                          [ trigger_33_interact ]
/tmp/_gbsbuild/obj/trigger_34_interact.rel
                                          [ trigger_34_interact ]
/tmp/_gbsbuild/obj/trigger_35_interact.rel
                                          [ trigger_35_interact ]
/tmp/_gbsbuild/obj/trigger_36_interact.rel
                                          [ trigger_36_interact ]
/tmp/_gbsbuild/obj/trigger_37_interact.rel
                                          [ trigger_37_interact ]
/tmp/_gbsbuild/obj/trigger_38_interact.rel
                                          [ trigger_38_interact ]
/tmp/_gbsbuild/obj/trigger_39_interact.rel
                                          [ trigger_39_interact ]
/tmp/_gbsbuild/obj/trigger_4_interact.rel
                                          [ trigger_4_interact ]
/tmp/_gbsbuild/obj/trigger_5_interact.rel
                                          [ trigger_5_interact ]
/tmp/_gbsbuild/obj/trigger_6_interact.rel
                                          [ trigger_6_interact ]
/tmp/_gbsbuild/obj/trigger_7_interact.rel
                                          [ trigger_7_interact ]
/tmp/_gbsbuild/obj/trigger_8_interact.rel
                                          [ trigger_8_interact ]
/tmp/_gbsbuild/obj/trigger_9_interact.rel
                                          [ trigger_9_interact ]
/tmp/_gbsbuild/obj/main.rel               [ main ]
/tmp/_gbsbuild/obj/adventure.rel          [ adventure ]
/tmp/_gbsbuild/obj/logo.rel               [ logo ]
/tmp/_gbsbuild/obj/platform.rel           [ platform ]
/tmp/_gbsbuild/obj/pointnclick.rel        [ pointnclick ]
/tmp/_gbsbuild/obj/shmup.rel              [ shmup ]
/tmp/_gbsbuild/obj/states_ptrs.rel        [  ]
/tmp/_gbsbuild/obj/topdown.rel            [ topdown ]


Libraries Linked                          [ object file ]

/tmp/_gbstools/gbdk/lib/gb/gb.lib         [ fill_rect_wi.o ]
/tmp/_gbstools/gbdk/lib/sm83/sm83.lib     [ rand.o ]
lib/hUGEDriver.lib                        [ hUGEDriver.o ]
/tmp/_gbstools/gbdk/lib/gb/gb.lib         [ sfr.o ]
/tmp/_gbstools/gbdk/lib/gb/gb.lib         [ get_data.o ]
/tmp/_gbstools/gbdk/lib/gb/gb.lib         [ get_tile.o ]
/tmp/_gbstools/gbdk/lib/gb/gb.lib         [ cgb_palettes.o ]
/tmp/_gbstools/gbdk/lib/gb/gb.lib         [ metasprites_hide_spr.o ]
/tmp/_gbstools/gbdk/lib/sm83/sm83.lib     [ mul.o ]
/tmp/_gbstools/gbdk/lib/gb/gb.lib         [ set_tile.o ]
/tmp/_gbstools/gbdk/lib/sm83/sm83.lib     [ abs.o ]
/tmp/_gbstools/gbdk/lib/gb/gb.lib         [ set_wi_t.o ]
/tmp/_gbstools/gbdk/lib/gb/gb.lib         [ set_data.o ]
/tmp/_gbstools/gbdk/lib/sm83/sm83.lib     [ reverse.o ]
/tmp/_gbstools/gbdk/lib/gb/gb.lib         [ far_ptr.o ]
/tmp/_gbstools/gbdk/lib/gb/gb.lib         [ sgb.o ]
/tmp/_gbstools/gbdk/lib/gb/gb.lib         [ lcd.o ]
/tmp/_gbstools/gbdk/lib/gb/gb.lib         [ fill_rect.o ]
/tmp/_gbstools/gbdk/lib/gb/gb.lib         [ pad_ex.o ]
/tmp/_gbstools/gbdk/lib/gb/gb.lib         [ cpy_data.o ]
/tmp/_gbstools/gbdk/lib/gb/gb.lib         [ fill_rect_bk.o ]
/tmp/_gbstools/gbdk/lib/gb/gb.lib         [ metasprites.o ]
/tmp/_gbstools/gbdk/lib/sm83/sm83.lib     [ __sdcc_call_hl.o ]
/tmp/_gbstools/gbdk/lib/sm83/sm83.lib     [ memcpy.o ]
/tmp/_gbstools/gbdk/lib/sm83/sm83.lib     [ _memset.o ]
/tmp/_gbstools/gbdk/lib/gb/gb.lib         [ set_xy_t.o ]
/tmp/_gbstools/gbdk/lib/gb/gb.lib         [ ___sdcc_bcall_ehl.o ]
/tmp/_gbstools/gbdk/lib/gb/gb.lib         [ cgb.o ]
/tmp/_gbstools/gbdk/lib/sm83/sm83.lib     [ div.o ]
/tmp/_gbstools/gbdk/lib/gb/gb.lib         [ set_bk_t.o ]

ASxxxx Linker V03.00/V05.40 + sdld,  page 98.

User Base Address Definitions

_DATA=0xC0A0
_CODE=0x0200
ASxxxx Linker V03.00/V05.40 + sdld,  page 99.

User Global Definitions

.STACK=0xDF00
_shadow_OAM=0xC000
.refresh_OAM=0xFF80
__start_save=28

