ASxxxx Linker V03.00/V05.40 + sdld,  page 1.
Hexadecimal  [32-Bits]

Area                                    Addr        Size        Decimal Bytes (Attributes)
--------------------------------        ----        ----        ------- ----- ------------
.  .ABS.                            00000000    00000000 =           0. bytes (ABS,CON)

      Value  Global                              Global Defined In Module
      -----  --------------------------------   ------------------------
     00000000  .__.ABS.                           
     00000000  _rRAMG                             
     00000000  l__BASE                         
     00000000  l__BSS                          
     00000000  l__CABS                         
     00000000  l__CODE_0                       
     00000000  l__CRASH_HEADER                 
     00000000  l__CRASH_SCRATCH                
     00000000  l__DABS                         
     00000000  l__HEADER                       
     00000000  l__HEADER_LCD                   
     00000000  l__HEADER_SIO                   
     00000000  l__HEADER_TIMER                 
     00000000  l__HEAP                         
     00000000  l__HEAP_END                     
     00000000  l__HRAM                         
     00000000  l__LIT                          
     00000000  s__CABS                         
     00000000  s__CRASH_HEADER                 
     00000000  s__CRASH_HEADER0                
     00000000  s__CRASH_HEADER1                
     00000000  s__CRASH_SCRATCH                
     00000000  s__CRASH_SCRATCH2               
     00000000  s__DABS                         
     00000000  s__HEADER                       
     00000000  s__HEADER0                      
     00000000  s__HEADER1                      
     00000000  s__HEADER10                     
     00000000  s__HEADER11                     
     00000000  s__HEADER2                      
     00000000  s__HEADER3                      
     00000000  s__HEADER4                      
     00000000  s__HEADER5                      
     00000000  s__HEADER6                      
     00000000  s__HEADER7                      
     00000000  s__HEADER8                      
     00000000  s__HEADER9                      
     00000000  s__HEADER_LCD                   
     00000000  s__HEADER_LCD0                  
     00000000  s__HEADER_SIO                   
     00000000  s__HEADER_SIO0                  
     00000000  s__HEADER_TIMER                 
     00000000  s__HEADER_TIMER0                
     00000000  s__HEADERa                      
     00000000  s__HEADERb                      
     00000000  s__HEADERc                      
     00000000  s__HEADERd                      
     00000000  s__HEADERe                      
     00000000  s__HEADERf                      
     00000000  s__HRAM                         
ASxxxx Linker V03.00/V05.40 + sdld,  page 2.
Hexadecimal  [32-Bits]

Area                                    Addr        Size        Decimal Bytes (Attributes)
--------------------------------        ----        ----        ------- ----- ------------
.  .ABS.                            00000000    00000000 =           0. bytes (ABS,CON)

      Value  Global                              Global Defined In Module
      -----  --------------------------------   ------------------------
     00000000  s__HRAM12                       
     00000001  ___bank_SGB_border_chr             border
     00000001  ___bank_SGB_border_map             border
     00000001  ___bank_SGB_border_pal             border
     00000001  ___bank_VM_ACTOR                   vm_actor
     00000001  ___bank_VM_SGB                     vm_sgb
     00000001  b_ui_draw_frame                    ui
     00000001  b_ui_draw_text_buffer_char         ui
     00000001  b_ui_init                          ui
     00000001  b_ui_load_tiles                    ui
     00000001  b_ui_run_menu                      ui
     00000001  b_ui_run_modal                     ui
     00000001  b_ui_set_start_tile                ui
     00000001  b_vm_actor_activate                vm_actor
     00000001  b_vm_actor_begin_update            vm_actor
     00000001  b_vm_actor_deactivate              vm_actor
     00000001  b_vm_actor_emote                   vm_actor
     00000001  b_vm_actor_get_angle               vm_actor
     00000001  b_vm_actor_get_anim_frame          vm_actor
     00000001  b_vm_actor_get_dir                 vm_actor
     00000001  b_vm_actor_get_pos                 vm_actor
     00000001  b_vm_actor_move_cancel             vm_actor
     00000001  b_vm_actor_move_to                 vm_actor
     00000001  b_vm_actor_replace_tile            vm_actor
     00000001  b_vm_actor_set_anim                vm_actor
     00000001  b_vm_actor_set_anim_frame          vm_actor
     00000001  b_vm_actor_set_anim_set            vm_actor
     00000001  b_vm_actor_set_anim_tick           vm_actor
     00000001  b_vm_actor_set_bounds              vm_actor
     00000001  b_vm_actor_set_dir                 vm_actor
     00000001  b_vm_actor_set_flags               vm_actor
     00000001  b_vm_actor_set_move_speed          vm_actor
     00000001  b_vm_actor_set_pos                 vm_actor
     00000001  b_vm_actor_set_spritesheet         vm_actor
     00000001  b_vm_actor_set_spritesheet_by_re   vm_actor
     00000001  b_vm_actor_terminate_update        vm_actor
     00000001  l__GSFINAL                      
     00000001  l__HEADER0                      
     00000001  l__HEADER5                      
     00000001  l__HEADERa                      
     00000001  l__HEADERb                      
     00000001  l__HEADERc                      
     00000001  l__HEADERe                      
     00000001  l__HEADERf                      
     00000002  ___bank_VM_MAIN                    vm
     00000002  ___bank_bg_title_copy_0_tileset    bg_title_copy_0_tileset
     00000002  ___bank_bg_title_tileset           bg_title_tileset
     00000002  ___bank_scene_3_init               scene_3_init
     00000002  b_platform_init                    platform
     00000002  b_platform_update                  platform
     00000002  b_script_detach_hthread            vm
ASxxxx Linker V03.00/V05.40 + sdld,  page 3.
Hexadecimal  [32-Bits]

Area                                    Addr        Size        Decimal Bytes (Attributes)
--------------------------------        ----        ----        ------- ----- ------------
.  .ABS.                            00000000    00000000 =           0. bytes (ABS,CON)

      Value  Global                              Global Defined In Module
      -----  --------------------------------   ------------------------
     00000002  b_script_execute                   vm
     00000002  b_script_runner_init               vm
     00000002  b_script_terminate                 vm
     00000002  b_vm_call                          vm
     00000002  b_vm_call_far                      vm
     00000002  b_vm_get_indirect                  vm
     00000002  b_vm_get_int16                     vm
     00000002  b_vm_get_int8                      vm
     00000002  b_vm_get_tlocal                    vm
     00000002  b_vm_get_uint8                     vm
     00000002  b_vm_idle                          vm
     00000002  b_vm_if                            vm
     00000002  b_vm_if_const                      vm
     00000002  b_vm_init_rng                      vm
     00000002  b_vm_invoke                        vm
     00000002  b_vm_join                          vm
     00000002  b_vm_jump                          vm
     00000002  b_vm_lock                          vm
     00000002  b_vm_loop                          vm
     00000002  b_vm_memcpy                        vm
     00000002  b_vm_memset                        vm
     00000002  b_vm_poll_loaded                   vm
     00000002  b_vm_pop                           vm
     00000002  b_vm_push                          vm
     00000002  b_vm_push_reference                vm
     00000002  b_vm_push_value                    vm
     00000002  b_vm_push_value_ind                vm
     00000002  b_vm_raise                         vm
     00000002  b_vm_rand                          vm
     00000002  b_vm_reserve                       vm
     00000002  b_vm_ret                           vm
     00000002  b_vm_ret_far                       vm
     00000002  b_vm_set                           vm
     00000002  b_vm_set_const                     vm
     00000002  b_vm_set_const_int16               vm
     00000002  b_vm_set_const_int8                vm
     00000002  b_vm_set_indirect                  vm
     00000002  b_vm_set_int16                     vm
     00000002  b_vm_set_int8                      vm
     00000002  b_vm_set_uint8                     vm
     00000002  b_vm_terminate                     vm
     00000002  b_vm_test_terminate                vm
     00000002  b_vm_unlock                        vm
     00000002  b_wait_frames                      vm
     00000002  l__HEADER10                     
     00000002  l__HEADER6                      
     00000002  l__HEADERd                      
     00000003  ___bank_ACTOR                      actor
     00000003  ___bank_VM_UI                      vm_ui
     00000003  ___bank_font_gbs_mono              font_gbs_mono
     00000003  ___bank_script_engine_init         
ASxxxx Linker V03.00/V05.40 + sdld,  page 4.
Hexadecimal  [32-Bits]

Area                                    Addr        Size        Decimal Bytes (Attributes)
--------------------------------        ----        ----        ------- ----- ------------
.  .ABS.                            00000000    00000000 =           0. bytes (ABS,CON)

      Value  Global                              Global Defined In Module
      -----  --------------------------------   ------------------------
     00000003  b_activate_actor                   actor
     00000003  b_activate_actors_in_col           actor
     00000003  b_activate_actors_in_row           actor
     00000003  b_actor_at_tile                    actor
     00000003  b_actor_get_frame_offset           actor
     00000003  b_actor_in_front_of_player         actor
     00000003  b_actor_overlapping_bb             actor
     00000003  b_actor_overlapping_player         actor
     00000003  b_actor_set_anim_idle              actor
     00000003  b_actor_set_anim_moving            actor
     00000003  b_actor_set_dir                    actor
     00000003  b_actor_set_frame_offset           actor
     00000003  b_actor_set_frames                 actor
     00000003  b_actors_handle_player_collision   actor
     00000003  b_actors_init                      actor
     00000003  b_check_collision_in_direction     actor
     00000003  b_deactivate_actor                 actor
     00000003  b_do_load_palette                  data_manager
     00000003  b_gbprinter_detect                 gbprinter
     00000003  b_gbprinter_print_overlay          gbprinter
     00000003  b_load_background                  data_manager
     00000003  b_load_bkg_tileset                 data_manager
     00000003  b_load_bounds                      data_manager
     00000003  b_load_emote                       data_manager
     00000003  b_load_init                        data_manager
     00000003  b_load_player                      data_manager
     00000003  b_load_scene                       data_manager
     00000003  b_load_sprite                      data_manager
     00000003  b_player_init                      actor
     00000003  b_shmup_init                       shmup
     00000003  b_shmup_update                     shmup
     00000003  b_vm_choice                        vm_ui
     00000003  b_vm_display_text                  vm_ui
     00000003  b_vm_overlay_clear                 vm_ui
     00000003  b_vm_overlay_move_to               vm_ui
     00000003  b_vm_overlay_scroll                vm_ui
     00000003  b_vm_overlay_set_map               vm_ui
     00000003  b_vm_overlay_set_scroll            vm_ui
     00000003  b_vm_overlay_set_submap            vm_ui
     00000003  b_vm_overlay_set_submap_ex         vm_ui
     00000003  b_vm_overlay_setpos                vm_ui
     00000003  b_vm_overlay_show                  vm_ui
     00000003  b_vm_overlay_wait                  vm_ui
     00000003  b_vm_set_font                      vm_ui
     00000003  b_vm_set_text_sound                vm_ui
     00000003  b_vm_switch_text_layer             vm_ui
     00000003  l__HEADER9                      
     00000003  l__HEADER_LCD0                  
     00000003  l__HRAM12                       
     00000004  ___bank_VM_CAMERA                  vm_camera
     00000004  ___bank_VM_GAMEBOY                 vm_gameboy
ASxxxx Linker V03.00/V05.40 + sdld,  page 5.
Hexadecimal  [32-Bits]

Area                                    Addr        Size        Decimal Bytes (Attributes)
--------------------------------        ----        ----        ------- ----- ------------
.  .ABS.                            00000000    00000000 =           0. bytes (ABS,CON)

      Value  Global                              Global Defined In Module
      -----  --------------------------------   ------------------------
     00000004  ___bank_VM_PALETTE                 vm_palette
     00000004  ___bank_VM_SIO                     vm_sio
     00000004  ___bank_bg_title_copy__tileset     bg_title_copy__tileset
     00000004  __start_save                    
     00000004  b___HandleCrash_banked             
     00000004  b_adventure_init                   adventure
     00000004  b_adventure_update                 adventure
     00000004  b_atan2                            math_atan2
     00000004  b_camera_shake_frames              vm_camera
     00000004  b_core_reset                       core
     00000004  b_core_run                         core
     00000004  b_data_clear                       load_save
     00000004  b_data_init                        load_save
     00000004  b_data_load                        load_save
     00000004  b_data_peek                        load_save
     00000004  b_data_save                        load_save
     00000004  b_pointnclick_init                 pointnclick
     00000004  b_pointnclick_update               pointnclick
     00000004  b_projectile_launch                projectiles
     00000004  b_projectiles_init                 projectiles
     00000004  b_scroll_init                      scroll
     00000004  b_scroll_rect                      
     00000004  b_scroll_repaint                   scroll
     00000004  b_scroll_reset                     scroll
     00000004  b_scroll_update                    scroll
     00000004  b_topdown_init                     topdown
     00000004  b_topdown_update                   topdown
     00000004  b_trigger_activate_at              trigger
     00000004  b_trigger_activate_at_intersecti   trigger
     00000004  b_trigger_at_intersection          trigger
     00000004  b_trigger_at_tile                  trigger
     00000004  b_trigger_interact                 trigger
     00000004  b_trigger_reset                    trigger
     00000004  b_vm_camera_move_to                vm_camera
     00000004  b_vm_camera_set_pos                vm_camera
     00000004  b_vm_context_prepare               vm_gameboy
     00000004  b_vm_fade                          vm_gameboy
     00000004  b_vm_get_tile_xy                   vm_gameboy
     00000004  b_vm_input_attach                  vm_gameboy
     00000004  b_vm_input_detach                  vm_gameboy
     00000004  b_vm_input_get                     vm_gameboy
     00000004  b_vm_input_wait                    vm_gameboy
     00000004  b_vm_load_palette                  vm_palette
     00000004  b_vm_load_tiles                    vm_gameboy
     00000004  b_vm_load_tileset                  vm_gameboy
     00000004  b_vm_poll                          vm_gameboy
     00000004  b_vm_replace_tile                  vm_gameboy
     00000004  b_vm_replace_tile_xy               vm_gameboy
     00000004  b_vm_rumble                        vm_gameboy
     00000004  b_vm_set_sprite_mode               vm_gameboy
     00000004  b_vm_set_sprites_visible           vm_gameboy
ASxxxx Linker V03.00/V05.40 + sdld,  page 6.
Hexadecimal  [32-Bits]

Area                                    Addr        Size        Decimal Bytes (Attributes)
--------------------------------        ----        ----        ------- ----- ------------
.  .ABS.                            00000000    00000000 =           0. bytes (ABS,CON)

      Value  Global                              Global Defined In Module
      -----  --------------------------------   ------------------------
     00000004  b_vm_sio_exchange                  vm_sio
     00000004  b_vm_sio_set_mode                  vm_sio
     00000004  b_vm_timer_prepare                 vm_gameboy
     00000004  b_vm_timer_reset                   vm_gameboy
     00000004  b_vm_timer_set                     vm_gameboy
     00000004  b_vm_timer_stop                    vm_gameboy
     00000004  l__CRASH_HEADER1                
     00000004  l__HEADER_SIO0                  
     00000004  l__HEADER_TIMER0                
     00000005  ___bank_VM_GBPRINTER               vm_gbprinter
     00000005  ___bank_VM_LOAD_SAVE               vm_load_save
     00000005  ___bank_VM_MATH                    vm_math
     00000005  ___bank_VM_MUSIC                   vm_music
     00000005  ___bank_VM_PROJECTILE              vm_projectiles
     00000005  ___bank_VM_RTC                     vm_rtc
     00000005  ___bank_VM_SCENE                   vm_scene
     00000005  ___bank_bg_title                   bg_title
     00000005  ___bank_bg_title_copy_             bg_title_copy_
     00000005  ___bank_bg_title_copy_0            bg_title_copy_0
     00000005  ___bank_bg_title_copy_0_tilemap    bg_title_copy_0_tilemap
     00000005  ___bank_bg_title_copy_0_tilemap_   bg_title_copy_0_tilemap_attr
     00000005  ___bank_bg_title_copy__tilemap     bg_title_copy__tilemap
     00000005  ___bank_bg_title_tilemap           bg_title_tilemap
     00000005  ___bank_bg_title_tilemap_attr      bg_title_tilemap_attr
     00000005  ___bank_bootstrap_script           
     00000005  ___bank_cursor_image               cursor_image
     00000005  ___bank_frame_image                frame_image
     00000005  ___bank_palette_0                  palette_0
     00000005  ___bank_palette_1                  palette_1
     00000005  ___bank_palette_2                  palette_2
     00000005  ___bank_palette_3                  palette_3
     00000005  ___bank_palette_4                  palette_4
     00000005  ___bank_scene_1                    scene_1
     00000005  ___bank_scene_1_collisions         scene_1_collisions
     00000005  ___bank_scene_1_init               scene_1_init
     00000005  ___bank_scene_2                    scene_2
     00000005  ___bank_scene_2_actors             scene_2_actors
     00000005  ___bank_scene_2_collisions         scene_2_collisions
     00000005  ___bank_scene_2_init               scene_2_init
     00000005  ___bank_scene_2_sprites            scene_2_sprites
     00000005  ___bank_scene_3                    scene_3
     00000005  ___bank_scene_3_collisions         scene_3_collisions
     00000005  ___bank_script_input_0             script_input_0
     00000005  ___bank_script_input_1             script_input_1
     00000005  ___bank_script_input_2             script_input_2
     00000005  ___bank_sprite_actor_animated      sprite_actor_animated
     00000005  ___bank_sprite_actor_animated_ti   sprite_actor_animated_tilese
     00000005  ___bank_sprite_dhilly_saveselect   sprite_dhilly_saveselect
     00000005  ___bank_sprite_dhilly_saveselect   sprite_dhilly_saveselect_til
     00000005  ___bank_spritesheet_none           spritesheet_none
     00000005  b_CGBZeroPalette                   palette
ASxxxx Linker V03.00/V05.40 + sdld,  page 7.
Hexadecimal  [32-Bits]

Area                                    Addr        Size        Decimal Bytes (Attributes)
--------------------------------        ----        ----        ------- ----- ------------
.  .ABS.                            00000000    00000000 =           0. bytes (ABS,CON)

      Value  Global                              Global Defined In Module
      -----  --------------------------------   ------------------------
     00000005  b_SGBTransferPalettes              palette
     00000005  b_SIO_init                         sio
     00000005  b_camera_init                      camera
     00000005  b_camera_reset                     camera
     00000005  b_erase_flash                      
     00000005  b_events_init                      events
     00000005  b_fade_applypalettechange          fade_manager
     00000005  b_fade_in                          fade_manager
     00000005  b_fade_in_modal                    fade_manager
     00000005  b_fade_init                        fade_manager
     00000005  b_fade_out                         fade_manager
     00000005  b_fade_out_modal                   fade_manager
     00000005  b_fade_setspeed                    fade_manager
     00000005  b_fade_update                      fade_manager
     00000005  b_input_init                       input
     00000005  b_itoa_fmt                         vm_ui_a
     00000005  b_logo_init                        logo
     00000005  b_logo_update                      logo
     00000005  b_music_events_poll                music_manager
     00000005  b_music_init_driver                music_manager
     00000005  b_music_init_events                music_manager
     00000005  b_palette_init                     palette
     00000005  b_parallax_init                    parallax
     00000005  b_remove_LCD_ISRs                  interrupts
     00000005  b_restore_sram                     flasher
     00000005  b_restore_sram_bank                flasher
     00000005  b_save_sram                        flasher
     00000005  b_save_sram_banks                  
     00000005  b_set_sgb_border                   sgb_border
     00000005  b_timers_init                      events
     00000005  b_vm_cos_scale                     vm_math
     00000005  b_vm_music_mute                    vm_music
     00000005  b_vm_music_play                    vm_music
     00000005  b_vm_music_routine                 vm_music
     00000005  b_vm_music_setpos                  vm_music
     00000005  b_vm_music_stop                    vm_music
     00000005  b_vm_print_detect                  vm_gbprinter
     00000005  b_vm_print_overlay                 vm_gbprinter
     00000005  b_vm_projectile_launch             vm_projectiles
     00000005  b_vm_projectile_load_type          vm_projectiles
     00000005  b_vm_rtc_get                       vm_rtc
     00000005  b_vm_rtc_latch                     vm_rtc
     00000005  b_vm_rtc_set                       vm_rtc
     00000005  b_vm_rtc_start                     vm_rtc
     00000005  b_vm_save_clear                    vm_load_save
     00000005  b_vm_save_peek                     vm_load_save
     00000005  b_vm_scene_pop                     vm_scene
     00000005  b_vm_scene_pop_all                 vm_scene
     00000005  b_vm_scene_push                    vm_scene
     00000005  b_vm_scene_stack_reset             vm_scene
     00000005  b_vm_sfx_play                      vm_music
ASxxxx Linker V03.00/V05.40 + sdld,  page 8.
Hexadecimal  [32-Bits]

Area                                    Addr        Size        Decimal Bytes (Attributes)
--------------------------------        ----        ----        ------- ----- ------------
.  .ABS.                            00000000    00000000 =           0. bytes (ABS,CON)

      Value  Global                              Global Defined In Module
      -----  --------------------------------   ------------------------
     00000005  b_vm_sin_scale                     vm_math
     00000005  b_vm_sound_mastervol               vm_music
     00000005  l__CRASH_HEADER0                
     00000005  l__HEADER1                      
     00000006  l__HEADER8                      
     00000007  l__HEADER2                      
     00000008  l__HEADER3                      
     0000001A  l__INITIALIZED                  
     0000001A  l__INITIALIZER                  
     00000027  l__GSINIT                       
     00000030  l__HEADER7                      
     00000060  l__HEADER4                      
     00000080  ___size_SGB_border_pal             border
     000000AB  l__HEADER11                     
     000001CB  l__CRASH_SCRATCH2               
     00000200  s__CODE                         
     00000700  ___size_SGB_border_map             border
     00000ECB  l__CODE                         
     000010CB  s__HOME                         
     00001800  ___size_SGB_border_chr             border
     00001992  l__DATA                         
     00002000  _rROMB0                            
     00002497  l__CODE_5                       
     00002B07  l__HOME                         
     00003000  _rROMB1                            
     00003BD2  s__BASE                         
     00003BD2  s__CODE_0                       
     00003BD2  s__INITIALIZER                  
     00003BD2  s__LIT                          
     00003BEC  s__GSINIT                       
     00003C13  s__GSFINAL                      
     00003FFE  l__CODE_3                       
     00004000  _RTC_SELECT_REG                    vm_rtc
     00004000  _rRAMB                             
     00004000  l__CODE_1                       
     00004000  l__CODE_2                       
     00004000  l__CODE_4                       
     00006000  _RTC_LATCH_REG                     vm_rtc
     00008000  __VRAM                             
     00008000  __VRAM8000                         
     00008800  __VRAM8800                         
     00009000  __VRAM9000                         
     00009800  __SCRN0                            
     00009C00  __SCRN1                            
     0000A000  _RTC_VALUE_REG                     vm_rtc
     0000A000  __SRAM                             
     0000C000  __RAM                              
     0000C000  _shadow_OAM                     
     0000C0A0  s__DATA                         
     0000D000  __RAMBANK                          
     0000DA32  s__BSS                          
ASxxxx Linker V03.00/V05.40 + sdld,  page 9.
Hexadecimal  [32-Bits]

Area                                    Addr        Size        Decimal Bytes (Attributes)
--------------------------------        ----        ----        ------- ----- ------------
.  .ABS.                            00000000    00000000 =           0. bytes (ABS,CON)

      Value  Global                              Global Defined In Module
      -----  --------------------------------   ------------------------
     0000DA32  s__INITIALIZED                  
     0000DA4C  s__HEAP                         
     0000DA4C  s__HEAP_END                     
     0000DF00  .STACK                          
     0000DF00  _shadow_OAM2                       absolute
     0000DFA0  _BkgPalette                        absolute
     0000DFE0  _vwf_tile_data                     absolute
     0000FE00  __OAMRAM                           
     0000FF00  _P1_REG                            
     0000FF00  __IO                               
     0000FF01  _SB_REG                            
     0000FF02  _SC_REG                            
     0000FF04  _DIV_REG                           
     0000FF05  _TIMA_REG                          
     0000FF06  _TMA_REG                           
     0000FF07  _TAC_REG                           
     0000FF0F  _IF_REG                            
     0000FF10  _NR10_REG                          
     0000FF11  _NR11_REG                          
     0000FF12  _NR12_REG                          
     0000FF13  _NR13_REG                          
     0000FF14  _NR14_REG                          
     0000FF16  _NR21_REG                          
     0000FF17  _NR22_REG                          
     0000FF18  _NR23_REG                          
     0000FF19  _NR24_REG                          
     0000FF1A  _NR30_REG                          
     0000FF1B  _NR31_REG                          
     0000FF1C  _NR32_REG                          
     0000FF1D  _NR33_REG                          
     0000FF1E  _NR34_REG                          
     0000FF20  _NR41_REG                          
     0000FF21  _NR42_REG                          
     0000FF22  _NR43_REG                          
     0000FF23  _NR44_REG                          
     0000FF24  _NR50_REG                          
     0000FF25  _NR51_REG                          
     0000FF26  _NR52_REG                          
     0000FF30  _AUD3WAVE                          
     0000FF30  _PCM_SAMPLE                        
     0000FF30  __AUD3WAVERAM                      
     0000FF40  _LCDC_REG                          
     0000FF41  _STAT_REG                          
     0000FF42  _SCY_REG                           
     0000FF43  _SCX_REG                           
     0000FF44  _LY_REG                            
     0000FF45  _LYC_REG                           
     0000FF46  _DMA_REG                           
     0000FF47  _BGP_REG                           
     0000FF48  _OBP0_REG                          
     0000FF49  _OBP1_REG                          
ASxxxx Linker V03.00/V05.40 + sdld,  page 10.
Hexadecimal  [32-Bits]

Area                                    Addr        Size        Decimal Bytes (Attributes)
--------------------------------        ----        ----        ------- ----- ------------
.  .ABS.                            00000000    00000000 =           0. bytes (ABS,CON)

      Value  Global                              Global Defined In Module
      -----  --------------------------------   ------------------------
     0000FF4A  _WY_REG                            
     0000FF4B  _WX_REG                            
     0000FF4D  _KEY1_REG                          
     0000FF4F  _VBK_REG                           
     0000FF51  _HDMA1_REG                         
     0000FF52  _HDMA2_REG                         
     0000FF53  _HDMA3_REG                         
     0000FF54  _HDMA4_REG                         
     0000FF55  _HDMA5_REG                         
     0000FF56  _RP_REG                            
     0000FF68  _BCPS_REG                          
     0000FF69  _BCPD_REG                          
     0000FF6A  _OCPS_REG                          
     0000FF6B  _OCPD_REG                          
     0000FF70  _SVBK_REG                          
     0000FF76  _PCM12_REG                         
     0000FF77  _PCM34_REG                         
     0000FF80  .refresh_OAM                    
     0000FF80  __HRAM                             
     0000FFFF  _IE_REG                            
     00014000  s__CODE_1                       
     00024000  s__CODE_2                       
     00034000  s__CODE_3                       
     00044000  s__CODE_4                       
     00054000  s__CODE_5                       
ASxxxx Linker V03.00/V05.40 + sdld,  page 11.
Hexadecimal  [32-Bits]

Area                                    Addr        Size        Decimal Bytes (Attributes)
--------------------------------        ----        ----        ------- ----- ------------
_CODE                               00000200    00000ECB =        3787. bytes (REL,CON)

      Value  Global                              Global Defined In Module
      -----  --------------------------------   ------------------------
     00000200  ___HandleCrash                     
     0000020A  _SIO_send_byte                     
     0000021D  _SIO_receive                       
     0000022E  _GetWinAddr                        
     00000236  _GetBkgAddr                        
     00000244  _state_init                        
     00000249  _state_update                      
     0000026B  _ui_time_masks                     
     00000273  _ui_print_shift_char               
     000002F6  _ui_draw_frame_row                 
     000002FF  .ui_draw_frame_row                 
     00000328  _script_cmds                       vm_instructions
     00000560  _save_signature                    game_signature
     00000564  _start_scene_x                     
     00000566  _start_scene_y                     
     00000568  _start_scene_dir                   
     00000569  _start_scene                       
     0000056C  _start_player_move_speed           
     0000056D  _start_player_anim_tick            
     0000056E  _ui_fonts                          
     00000571  _core_reset_hook                   main
     00000579  _main                              main
     00000581  _state_start_fns                   
     00000593  _state_update_fns                  
     000005A5  _hUGE_init                         hUGEDriver_obj
     000005A7  hUGE_init                          hUGEDriver_obj
     000005FD  _hUGE_mute_channel                 hUGEDriver_obj
     000005FF  hUGE_mute_channel                  hUGEDriver_obj
     0000084D  _hUGE_set_position                 hUGEDriver_obj
     0000084F  hUGE_set_position                  hUGEDriver_obj
     00000A14  _hUGE_dosound                      hUGEDriver_obj
     00000A14  hUGE_dosound                       hUGEDriver_obj
     00000D40  _get_vram_byte                     
     00000D48  _get_win_tile_xy                   
     00000D50  _get_bkg_tile_xy                   
     00000D77  _set_sprite_palette                CGB
     00000D7C  _set_bkg_palette                   CGB
     00000D7F  .set_palette                       CGB
     00000D9E  _set_sprite_palette_entry          CGB
     00000DA3  _set_bkg_palette_entry             CGB
     00000DA6  .set_palette_entry                 CGB
     00000DC2  _hide_sprites_range                Metasprites
     00000DF1  __mulsuchar                        mul
     00000DF4  __muluschar                        mul
     00000DFD  __mulschar                         mul
     00000E05  __mulint                           mul
     00000E24  __muluchar                         mul
     00000E36  _set_vram_byte                     
     00000E3F  _set_win_tile_xy                   
     00000E47  _set_bkg_tile_xy                   
ASxxxx Linker V03.00/V05.40 + sdld,  page 12.
Hexadecimal  [32-Bits]

Area                                    Addr        Size        Decimal Bytes (Attributes)
--------------------------------        ----        ----        ------- ----- ------------
_CODE                               00000200    00000ECB =        3787. bytes (REL,CON)

      Value  Global                              Global Defined In Module
      -----  --------------------------------   ------------------------
     00000E71  .sgb_check                         
     00000E71  _sgb_check                         
     00000EB9  _sgb_transfer                      
     00000EBE  .sgb_transfer                      
     00000EFF  .copy_vram                         
     00000F05  _get_data                          
     00000F05  _set_data                          
     00000F05  _vmemcpy                           
     00000F53  ___move_metasprite                 Metasprites
     00000F90  ___memcpy                          
     00000F90  _memcpy                            
     00000FC2  _cpu_slow                          CGB
     00000FDD  _cpu_fast                          CGB
     00000FE4  __divsuchar                        divmod
     00000FEA  __modsuchar                        divmod
     00000FF3  __divuschar                        divmod
     00000FFC  __moduschar                        divmod
     00001008  __divschar                         divmod
     0000100D  __modschar                         divmod
     00001014  __divsint                          divmod
     0000101D  __modsint                          divmod
     00001029  __divuchar                         divmod
     0000102E  __moduchar                         divmod
     00001035  __divuint                          divmod
     0000103E  __moduint                          divmod
     0000104A  .div8                              divmod
     0000104A  .mod8                              divmod
     00001052  .div16                             divmod
     00001052  .mod16                             divmod
     00001088  .divu8                             divmod
     00001088  .modu8                             divmod
     0000108B  .divu16                            divmod
     0000108B  .modu16                            divmod

ASxxxx Linker V03.00/V05.40 + sdld,  page 13.
Hexadecimal  [32-Bits]

Area                                    Addr        Size        Decimal Bytes (Attributes)
--------------------------------        ----        ----        ------- ----- ------------
_HEADER0                            00000000    00000001 =           1. bytes (ABS,CON)

      Value  Global                              Global Defined In Module
      -----  --------------------------------   ------------------------
     00000020  .call_hl                           Runtime

ASxxxx Linker V03.00/V05.40 + sdld,  page 14.
Hexadecimal  [32-Bits]

Area                                    Addr        Size        Decimal Bytes (Attributes)
--------------------------------        ----        ----        ------- ----- ------------
_HEADER1                            00000000    00000005 =           5. bytes (ABS,CON)

      Value  Global                              Global Defined In Module
      -----  --------------------------------   ------------------------
     00000028  .MemsetSmall                       Runtime

ASxxxx Linker V03.00/V05.40 + sdld,  page 15.
Hexadecimal  [32-Bits]

Area                                    Addr        Size        Decimal Bytes (Attributes)
--------------------------------        ----        ----        ------- ----- ------------
_HEADER2                            00000000    00000007 =           7. bytes (ABS,CON)

      Value  Global                              Global Defined In Module
      -----  --------------------------------   ------------------------
     00000030  .MemcpySmall                       Runtime

ASxxxx Linker V03.00/V05.40 + sdld,  page 16.
Hexadecimal  [32-Bits]

Area                                    Addr        Size        Decimal Bytes (Attributes)
--------------------------------        ----        ----        ------- ----- ------------
_HEADER3                            00000000    00000008 =           8. bytes (ABS,CON)

      Value  Global                              Global Defined In Module
      -----  --------------------------------   ------------------------
ASxxxx Linker V03.00/V05.40 + sdld,  page 17.
Hexadecimal  [32-Bits]

Area                                    Addr        Size        Decimal Bytes (Attributes)
--------------------------------        ----        ----        ------- ----- ------------
_HEADER4                            00000000    00000060 =          96. bytes (ABS,CON)

      Value  Global                              Global Defined In Module
      -----  --------------------------------   ------------------------
     00000080  .int                               Runtime
     0000008F  _wait_int_handler                  Runtime
     0000009C  __standard_VBL_handler             Runtime
     000000AB  _refresh_OAM                       Runtime
     000000CC  _set_interrupts                    Runtime

ASxxxx Linker V03.00/V05.40 + sdld,  page 18.
Hexadecimal  [32-Bits]

Area                                    Addr        Size        Decimal Bytes (Attributes)
--------------------------------        ----        ----        ------- ----- ------------
_HEADER5                            00000000    00000001 =           1. bytes (ABS,CON)

      Value  Global                              Global Defined In Module
      -----  --------------------------------   ------------------------
ASxxxx Linker V03.00/V05.40 + sdld,  page 19.
Hexadecimal  [32-Bits]

Area                                    Addr        Size        Decimal Bytes (Attributes)
--------------------------------        ----        ----        ------- ----- ------------
_HEADER6                            00000000    00000002 =           2. bytes (ABS,CON)

      Value  Global                              Global Defined In Module
      -----  --------------------------------   ------------------------
ASxxxx Linker V03.00/V05.40 + sdld,  page 20.
Hexadecimal  [32-Bits]

Area                                    Addr        Size        Decimal Bytes (Attributes)
--------------------------------        ----        ----        ------- ----- ------------
_HEADER7                            00000000    00000030 =          48. bytes (ABS,CON)

      Value  Global                              Global Defined In Module
      -----  --------------------------------   ------------------------
ASxxxx Linker V03.00/V05.40 + sdld,  page 21.
Hexadecimal  [32-Bits]

Area                                    Addr        Size        Decimal Bytes (Attributes)
--------------------------------        ----        ----        ------- ----- ------------
_HEADER8                            00000000    00000006 =           6. bytes (ABS,CON)

      Value  Global                              Global Defined In Module
      -----  --------------------------------   ------------------------
ASxxxx Linker V03.00/V05.40 + sdld,  page 22.
Hexadecimal  [32-Bits]

Area                                    Addr        Size        Decimal Bytes (Attributes)
--------------------------------        ----        ----        ------- ----- ------------
_HEADER9                            00000000    00000003 =           3. bytes (ABS,CON)

      Value  Global                              Global Defined In Module
      -----  --------------------------------   ------------------------
ASxxxx Linker V03.00/V05.40 + sdld,  page 23.
Hexadecimal  [32-Bits]

Area                                    Addr        Size        Decimal Bytes (Attributes)
--------------------------------        ----        ----        ------- ----- ------------
_HEADERa                            00000000    00000001 =           1. bytes (ABS,CON)

      Value  Global                              Global Defined In Module
      -----  --------------------------------   ------------------------
ASxxxx Linker V03.00/V05.40 + sdld,  page 24.
Hexadecimal  [32-Bits]

Area                                    Addr        Size        Decimal Bytes (Attributes)
--------------------------------        ----        ----        ------- ----- ------------
_HEADERb                            00000000    00000001 =           1. bytes (ABS,CON)

      Value  Global                              Global Defined In Module
      -----  --------------------------------   ------------------------
ASxxxx Linker V03.00/V05.40 + sdld,  page 25.
Hexadecimal  [32-Bits]

Area                                    Addr        Size        Decimal Bytes (Attributes)
--------------------------------        ----        ----        ------- ----- ------------
_HEADERc                            00000000    00000001 =           1. bytes (ABS,CON)

      Value  Global                              Global Defined In Module
      -----  --------------------------------   ------------------------
ASxxxx Linker V03.00/V05.40 + sdld,  page 26.
Hexadecimal  [32-Bits]

Area                                    Addr        Size        Decimal Bytes (Attributes)
--------------------------------        ----        ----        ------- ----- ------------
_HEADERd                            00000000    00000002 =           2. bytes (ABS,CON)

      Value  Global                              Global Defined In Module
      -----  --------------------------------   ------------------------
ASxxxx Linker V03.00/V05.40 + sdld,  page 27.
Hexadecimal  [32-Bits]

Area                                    Addr        Size        Decimal Bytes (Attributes)
--------------------------------        ----        ----        ------- ----- ------------
_HEADERe                            00000000    00000001 =           1. bytes (ABS,CON)

      Value  Global                              Global Defined In Module
      -----  --------------------------------   ------------------------
ASxxxx Linker V03.00/V05.40 + sdld,  page 28.
Hexadecimal  [32-Bits]

Area                                    Addr        Size        Decimal Bytes (Attributes)
--------------------------------        ----        ----        ------- ----- ------------
_HEADERf                            00000000    00000001 =           1. bytes (ABS,CON)

      Value  Global                              Global Defined In Module
      -----  --------------------------------   ------------------------
ASxxxx Linker V03.00/V05.40 + sdld,  page 29.
Hexadecimal  [32-Bits]

Area                                    Addr        Size        Decimal Bytes (Attributes)
--------------------------------        ----        ----        ------- ----- ------------
_HEADER10                           00000000    00000002 =           2. bytes (ABS,CON)

      Value  Global                              Global Defined In Module
      -----  --------------------------------   ------------------------
ASxxxx Linker V03.00/V05.40 + sdld,  page 30.
Hexadecimal  [32-Bits]

Area                                    Addr        Size        Decimal Bytes (Attributes)
--------------------------------        ----        ----        ------- ----- ------------
_HEADER11                           00000000    000000AB =         171. bytes (ABS,CON)

      Value  Global                              Global Defined In Module
      -----  --------------------------------   ------------------------
     00000150  .reset                             Runtime
     00000150  _reset                             Runtime
     00000157  .code_start                        Runtime
     000001B9  _exit                              Runtime
     000001BD  .wait_vbl_done                     Runtime
     000001BD  _vsync                             Runtime
     000001BD  _wait_vbl_done                     Runtime
     000001CD  .remove_VBL                        Runtime
     000001CD  _remove_VBL                        Runtime
     000001D0  .remove_int                        Runtime
     000001ED  .add_VBL                           Runtime
     000001ED  _add_VBL                           Runtime
     000001F0  .add_int                           Runtime

ASxxxx Linker V03.00/V05.40 + sdld,  page 31.
Hexadecimal  [32-Bits]

Area                                    Addr        Size        Decimal Bytes (Attributes)
--------------------------------        ----        ----        ------- ----- ------------
_HOME                               000010CB    00002B07 =       11015. bytes (REL,CON)

      Value  Global                              Global Defined In Module
      -----  --------------------------------   ------------------------
     000010CB  .memset_simple                     Runtime
     000010D4  .memcpy_simple                     Runtime
     000010F1  .display_off                       Runtime
     000010F1  _display_off                       Runtime
     00001109  _actors_update                     actor
     00001508  _SetBankedBkgData                  bankdata
     00001524  _SetBankedSpriteData               bankdata
     00001540  _SetBankedBkgTiles                 bankdata
     0000155C  _SetBankedWinTiles                 bankdata
     00001578  _ReadBankedFarPtr                  bankdata
     0000159A  _ReadBankedUWORD                   bankdata
     000015B4  _MemcpyBanked                      bankdata
     000015D6  _MemcpyVRAMBanked                  bankdata
     00001605  _IndexOfFarPtr                     bankdata
     0000168A  _camera_update                     camera
     000017BD  _load_animations                   data_manager
     00001816  _events_update                     events
     000018E9  _timers_update                     events
     00001972  _input_update                      input
     00001998  .sio_ISR                           
     000019F2  .timer_ISR                         
     00001A07  _simple_LCD_isr                    interrupts
     00001A86  _fullscreen_LCD_isr                interrupts
     00001AB2  _VBL_isr                           interrupts
     00001AFC  _isqrt                             math
     00001B59  _sine_wave                         math
     00001C59  _dir_lookup                        math
     00001C61  _dir_angle_lookup                  math
     00001C65  _hUGETrackerRoutine                music_manager
     00001C8C  _music_events_update               music_manager
     00001D0E  _music_play_isr                    music_manager
     00001DAF  _parallax_LCD_isr                  parallax
     00001DEC  _projectiles_update                projectiles
     0000226D  _projectiles_render                projectiles
     000023C2  _scroll_load_pending_row           scroll
     00002448  _scroll_load_row                   scroll
     000024BD  _scroll_load_col                   scroll
     00002526  _scroll_load_pending_col           scroll
     000025AE  _set_bkg_submap                    
     000025F1  _set_xy_win_submap                 
     0000261E  .set_xy_win_submap                 
     00002627  .set_xy_bkg_submap                 
     00002636  .set_xy_submap                     
     00002680  _sfx_play_isr                      sfx_player
     00002759  _on_SIO_receive                    sio
     0000279A  _SIO_update                        sio
     00002801  _ui_update                         ui
     00002939  _vm_sgb_transfer                   vm_sgb
     00002986  _vm_load_text                      vm_ui
     00002BDC  _vm_switch                         vm
ASxxxx Linker V03.00/V05.40 + sdld,  page 32.
Hexadecimal  [32-Bits]

Area                                    Addr        Size        Decimal Bytes (Attributes)
--------------------------------        ----        ----        ------- ----- ------------
_HOME                               000010CB    00002B07 =       11015. bytes (REL,CON)

      Value  Global                              Global Defined In Module
      -----  --------------------------------   ------------------------
     00002D0D  _vm_beginthread                    vm
     00002E31  _vm_rpn                            vm
     0000360A  _vm_get_far                        vm
     00003678  _vm_call_native                    vm
     0000368B  _VM_STEP                           vm
     000036F5  _script_runner_update              vm
     0000385A  _fill_win_rect                     
     0000386C  _rand                              
     0000386C  _randw                             
     00003897  _initrand                          
     00003899  .initrand                          
     000038A2  _get_bkg_data                      
     000038A2  _get_win_data                      
     000038EF  _get_sprite_data                   
     00003922  _abs                               abs
     00003931  _set_win_tiles                     
     00003945  _set_tile_data                     
     0000394A  _set_bkg_data                      
     0000394A  _set_win_data                      
     00003952  _set_sprite_data                   
     00003982  _reverse                           reverse
     000039B6  ___call__banked                    far_ptr
     000039D3  _to_far_ptr                        far_ptr
     00003A09  .add_LCD                           
     00003A09  _add_LCD                           
     00003A0F  .remove_LCD                        
     00003A0F  _remove_LCD                        
     00003A15  .fill_rect_wtt                     
     00003A1E  .fill_rect_btt                     
     00003A6B  _joypad_init                       
     00003AB9  .joypad_ex                         
     00003AB9  _joypad_ex                         
     00003B04  _fill_bkg_rect                     
     00003B16  ___sdcc_call_hl                    call_hl
     00003B17  _memset                            memset
     00003B4A  .set_xy_wtt                        SetTileMap
     00003B53  .set_xy_btt                        SetTileMap
     00003B62  .set_xy_tt                         SetTileMap
     00003BA4  ___sdcc_bcall_ehl                  
     00003BBE  _set_bkg_tiles                     
ASxxxx Linker V03.00/V05.40 + sdld,  page 33.
Hexadecimal  [32-Bits]

Area                                    Addr        Size        Decimal Bytes (Attributes)
--------------------------------        ----        ----        ------- ----- ------------
_INITIALIZER                        00003BD2    0000001A =          26. bytes (REL,CON)

      Value  Global                              Global Defined In Module
      -----  --------------------------------   ------------------------
ASxxxx Linker V03.00/V05.40 + sdld,  page 34.
Hexadecimal  [32-Bits]

Area                                    Addr        Size        Decimal Bytes (Attributes)
--------------------------------        ----        ----        ------- ----- ------------
_GSINIT                             00003BEC    00000027 =          39. bytes (REL,CON)

      Value  Global                              Global Defined In Module
      -----  --------------------------------   ------------------------
     00003BEC  gsinit                             Runtime

ASxxxx Linker V03.00/V05.40 + sdld,  page 35.
Hexadecimal  [32-Bits]

Area                                    Addr        Size        Decimal Bytes (Attributes)
--------------------------------        ----        ----        ------- ----- ------------
_GSFINAL                            00003C13    00000001 =           1. bytes (REL,CON)

      Value  Global                              Global Defined In Module
      -----  --------------------------------   ------------------------
ASxxxx Linker V03.00/V05.40 + sdld,  page 36.
Hexadecimal  [32-Bits]

Area                                    Addr        Size        Decimal Bytes (Attributes)
--------------------------------        ----        ----        ------- ----- ------------
_DATA                               0000C0A0    00001992 =        6546. bytes (REL,CON)

      Value  Global                              Global Defined In Module
      -----  --------------------------------   ------------------------
     0000C0A0  __cpu                              Runtime
     0000C0A1  __is_GBA                           Runtime
     0000C0A2  .mode                              Runtime
     0000C0A3  .sys_time                          Runtime
     0000C0A3  _sys_time                          Runtime
     0000C0A5  .int_0x40                          Runtime
     0000C0B1  _actors                            actor
     0000C4F5  _actors_active_head                actor
     0000C4F7  _actors_active_tail                actor
     0000C4F9  _actors_inactive_head              actor
     0000C4FB  _screen_x                          actor
     0000C4FC  _screen_y                          actor
     0000C4FD  _invalid                           actor
     0000C4FF  _player_moving                     actor
     0000C500  _player_iframes                    actor
     0000C501  _player_collision_actor            actor
     0000C503  _emote_actor                       actor
     0000C505  _emote_timer                       actor
     0000C506  _allocated_sprite_tiles            actor
     0000C507  _allocated_hardware_sprites        actor
     0000C513  _camera_x                          camera
     0000C515  _camera_y                          camera
     0000C517  _camera_offset_x                   camera
     0000C518  _camera_offset_y                   camera
     0000C519  _camera_deadzone_x                 camera
     0000C51A  _camera_deadzone_y                 camera
     0000C51B  _camera_settings                   camera
     0000C51F  _current_scene                     data_manager
     0000C522  _image_bank                        data_manager
     0000C523  _image_ptr                         data_manager
     0000C525  _image_attr_bank                   data_manager
     0000C526  _image_attr_ptr                    data_manager
     0000C528  _collision_bank                    data_manager
     0000C529  _collision_ptr                     data_manager
     0000C52B  _image_tile_width                  data_manager
     0000C52C  _image_tile_height                 data_manager
     0000C52D  _image_width                       data_manager
     0000C52F  _image_height                      data_manager
     0000C531  _sprites_len                       data_manager
     0000C532  _actors_len                        data_manager
     0000C533  _projectiles_len                   data_manager
     0000C534  _player_sprite_len                 data_manager
     0000C535  _scene_type                        data_manager
     0000C536  _scene_LCD_type                    data_manager
     0000C537  _scene_stack                       data_manager
     0000C577  _scene_stack_ptr                   data_manager
     0000C579  _scene_sprites_base_tiles          data_manager
     0000C5B9  _input_events                      events
     0000C5E1  _input_slots                       events
     0000C5E9  _timer_events                      events
ASxxxx Linker V03.00/V05.40 + sdld,  page 37.
Hexadecimal  [32-Bits]

Area                                    Addr        Size        Decimal Bytes (Attributes)
--------------------------------        ----        ----        ------- ----- ------------
_DATA                               0000C0A0    00001992 =        6546. bytes (REL,CON)

      Value  Global                              Global Defined In Module
      -----  --------------------------------   ------------------------
     0000C5FD  _timer_values                      events
     0000C605  _fade_running                      fade_manager
     0000C606  _fade_frames_per_step              fade_manager
     0000C607  _fade_timer                        fade_manager
     0000C60F  _joypads                           input
     0000C614  _frame_joy                         input
     0000C615  _last_joy                          input
     0000C616  _recent_joy                        input
     0000C617  _SIO_status                        
     0000C618  _link_byte_sent                    
     0000C619  _link_next_mode                    
     0000C61A  _save_blob_size                    load_save
     0000C61C  _routine_queue                     music_manager
     0000C620  _routine_queue_head                music_manager
     0000C621  _routine_queue_tail                music_manager
     0000C622  _music_events                      music_manager
     0000C636  _music_current_track_bank          music_manager
     0000C637  _music_mute_mask                   music_manager
     0000C638  _music_effective_mute              music_manager
     0000C639  _music_next_track                  music_manager
     0000C63B  _music_current_track               music_manager
     0000C63D  _music_play_isr_counter            music_manager
     0000C63E  _music_play_isr_pause              music_manager
     0000C63F  _music_global_mute_mask            music_manager
     0000C640  _music_sfx_priority                music_manager
     0000C641  _DMG_palette                       palette
     0000C644  _SprPalette                        palette
     0000C684  _parallax_rows                     parallax
     0000C696  _parallax_row                      parallax
     0000C698  _projectiles                       projectiles
     0000C751  _projectile_defs                   projectiles
     0000C7C4  _projectiles_active_head           projectiles
     0000C7C6  _projectiles_inactive_head         projectiles
     0000C7CD  _scroll_x                          scroll
     0000C7CF  _scroll_y                          scroll
     0000C7D1  _draw_scroll_x                     scroll
     0000C7D3  _draw_scroll_y                     scroll
     0000C7D5  _scroll_x_max                      scroll
     0000C7D7  _scroll_y_max                      scroll
     0000C7D9  _scroll_offset_x                   scroll
     0000C7DA  _scroll_offset_y                   scroll
     0000C7DB  _pending_h_x                       scroll
     0000C7DC  _pending_h_y                       scroll
     0000C7DD  _pending_h_i                       scroll
     0000C7DE  _pending_w_x                       scroll
     0000C7DF  _pending_w_y                       scroll
     0000C7E0  _pending_w_i                       scroll
     0000C7E1  _current_row                       scroll
     0000C7E3  _new_row                           scroll
     0000C7E5  _current_col                       scroll
     0000C7E7  _new_col                           scroll
ASxxxx Linker V03.00/V05.40 + sdld,  page 38.
Hexadecimal  [32-Bits]

Area                                    Addr        Size        Decimal Bytes (Attributes)
--------------------------------        ----        ----        ------- ----- ------------
_DATA                               0000C0A0    00001992 =        6546. bytes (REL,CON)

      Value  Global                              Global Defined In Module
      -----  --------------------------------   ------------------------
     0000C7E9  .image_tile_width                  
     0000C7EA  _sfx_play_bank                     sfx_player
     0000C7EB  _sfx_play_sample                   sfx_player
     0000C7ED  _sfx_frame_skip                    sfx_player
     0000C7EE  _link_operation_mode               sio
     0000C7EF  _link_packet                       sio
     0000C80F  _link_packet_len                   sio
     0000C810  _link_packet_ptr                   sio
     0000C812  _link_packet_received              sio
     0000C813  _link_packet_snd_len               sio
     0000C814  _link_packet_snd_ptr               sio
     0000C816  _link_packet_sent                  sio
     0000C817  __is_CGB                           system
     0000C818  __is_SGB                           system
     0000C819  __current_ram_bank                 system
     0000C81A  _triggers                          trigger
     0000C912  _last_trigger_tx                   trigger
     0000C913  _last_trigger_ty                   trigger
     0000C914  _last_trigger                      trigger
     0000C915  _win_pos_x                         ui
     0000C916  _win_dest_pos_x                    ui
     0000C917  _win_pos_y                         ui
     0000C918  _win_dest_pos_y                    ui
     0000C919  _win_speed                         ui
     0000C91A  _text_drawn                        ui
     0000C91B  _current_text_speed                ui
     0000C91C  _text_wait                         ui
     0000C91D  _text_options                      ui
     0000C91E  _text_in_speed                     ui
     0000C91F  _text_out_speed                    ui
     0000C920  _text_draw_speed                   ui
     0000C921  _text_ff_joypad                    ui
     0000C922  _text_ff                           ui
     0000C923  _text_bkg_fill                     ui
     0000C924  _ui_text_data                      ui
     0000CA2E  _vwf_current_mask                  ui
     0000CA2F  _vwf_current_rotate                ui
     0000CA30  _vwf_inverse_map                   ui
     0000CA31  _vwf_direction                     ui
     0000CA32  _vwf_current_font_desc             ui
     0000CA3A  _vwf_current_font_bank             ui
     0000CA3B  _vwf_current_font_idx              ui
     0000CA3C  _text_render_base_addr             ui
     0000CA3E  _text_scroll_addr                  ui
     0000CA40  _text_scroll_width                 ui
     0000CA41  _text_scroll_height                ui
     0000CA42  _text_scroll_fill                  ui
     0000CA43  _text_sound_mask                   ui
     0000CA44  _text_sound_bank                   ui
     0000CA45  _text_sound_data                   ui
     0000CA47  _overlay_priority                  ui
ASxxxx Linker V03.00/V05.40 + sdld,  page 39.
Hexadecimal  [32-Bits]

Area                                    Addr        Size        Decimal Bytes (Attributes)
--------------------------------        ----        ----        ------- ----- ------------
_DATA                               0000C0A0    00001992 =        6546. bytes (REL,CON)

      Value  Global                              Global Defined In Module
      -----  --------------------------------   ------------------------
     0000CA48  _text_palette                      ui
     0000CA4F  __itoa_fmt_len                     vm_ui_a
     0000CA50  .itoa_fmt_buf                      vm_ui_a
     0000CA53  _CTXS                              vm
     0000CB83  _first_ctx                         vm
     0000CB85  _free_ctxs                         vm
     0000CB87  _old_executing_ctx                 vm
     0000CB89  _executing_ctx                     vm
     0000CB8B  _vm_lock_state                     vm
     0000CB8C  _vm_loaded_state                   vm
     0000CB8D  _vm_exception_code                 vm
     0000CB8E  _vm_exception_params_length        vm
     0000CB8F  _vm_exception_params_bank          vm
     0000CB90  _vm_exception_params_offset        vm
     0000CB93  _script_memory                     vm
     0000D999  _grounded                          platform
     0000D99A  _on_slope                          platform
     0000D99B  _slope_y                           platform
     0000D99C  _on_ladder                         platform
     0000D99D  _pl_vel_x                          platform
     0000D99F  _pl_vel_y                          platform
     0000D9A1  _plat_min_vel                      platform
     0000D9A3  _plat_walk_vel                     platform
     0000D9A5  _plat_climb_vel                    platform
     0000D9A7  _plat_run_vel                      platform
     0000D9A9  _plat_walk_acc                     platform
     0000D9AB  _plat_run_acc                      platform
     0000D9AD  _plat_dec                          platform
     0000D9AF  _plat_jump_vel                     platform
     0000D9B1  _plat_grav                         platform
     0000D9B3  _plat_hold_grav                    platform
     0000D9B5  _plat_max_fall_vel                 platform
     0000D9B7  _shooter_reached_end               shmup
     0000D9B8  _shooter_dest                      shmup
     0000D9BA  _shooter_direction                 shmup
     0000D9BB  _topdown_grid                      topdown
     0000D9BC  ___rand_seed                       
     0000D9DA  _hUGE_current_wave                 hUGEDriver_obj
     0000D9DA  hUGE_current_wave                  hUGEDriver_obj
     0000D9DB  _hUGE_mute_mask                    hUGEDriver_obj
     0000DA22  ___call_banked_addr                far_ptr
     0000DA22  ___call_banked_ptr                 far_ptr
     0000DA24  ___call_banked_bank                far_ptr
     0000DA26  .int_0x48                          
     0000DA2E  ___current_metasprite              Metasprites
     0000DA30  ___current_base_tile               Metasprites
     0000DA31  ___current_base_prop               Metasprites

ASxxxx Linker V03.00/V05.40 + sdld,  page 40.
Hexadecimal  [32-Bits]

Area                                    Addr        Size        Decimal Bytes (Attributes)
--------------------------------        ----        ----        ------- ----- ------------
_INITIALIZED                        0000DA32    0000001A =          26. bytes (REL,CON)

      Value  Global                              Global Defined In Module
      -----  --------------------------------   ------------------------
     0000DA32  _fade_style                        fade_manager
     0000DA33  _game_time                         game_time
     0000DA34  _PRN_PKT_START                     gbprinter
     0000DA42  _hide_sprites                      interrupts
     0000DA43  _show_actors_on_overlay            interrupts
     0000DA44  _overlay_cut_scanline              interrupts
     0000DA45  __submap_tile_offset               
     0000DA46  _triggers_len                      trigger
     0000DA47  _exchange_state                    vm_sio
     0000DA48  _last_hit_trigger                  pointnclick
     0000DA49  _shooter_scroll_speed              shmup
     0000DA4A  ___render_shadow_OAM               Metasprites
     0000DA4B  __map_tile_offset                  SetTileMap

ASxxxx Linker V03.00/V05.40 + sdld,  page 41.
Hexadecimal  [32-Bits]

Area                                    Addr        Size        Decimal Bytes (Attributes)
--------------------------------        ----        ----        ------- ----- ------------
_HRAM12                             00000000    00000003 =           3. bytes (ABS,CON)

      Value  Global                              Global Defined In Module
      -----  --------------------------------   ------------------------
     0000FF90  __current_bank                     Runtime
     0000FF92  __shadow_OAM_base                  Runtime

ASxxxx Linker V03.00/V05.40 + sdld,  page 42.
Hexadecimal  [32-Bits]

Area                                    Addr        Size        Decimal Bytes (Attributes)
--------------------------------        ----        ----        ------- ----- ------------
_CODE_3                             00034000    00003FFE =       16382. bytes (REL,CON)

      Value  Global                              Global Defined In Module
      -----  --------------------------------   ------------------------
     00034000  ___func_ACTOR                      actor
     00034000  _actors_init                       actor
     0003403A  _emote_offsets                     actor
     00034049  _emote_metasprite                  actor
     00034055  _player_init                       actor
     0003406A  _deactivate_actor                  actor
     000341CB  _activate_actor                    actor
     0003430A  _activate_actors_in_row            actor
     00034401  _activate_actors_in_col            actor
     00034552  _actor_set_frames                  actor
     000345A8  _actor_set_frame_offset            actor
     000345E3  _actor_get_frame_offset            actor
     000345F5  _actor_set_anim_idle               actor
     00034623  _actor_set_anim_moving             actor
     00034654  _actor_set_dir                     actor
     000346B9  _actor_at_tile                     actor
     0003478D  _actor_in_front_of_player          actor
     00034841  _actor_overlapping_player          actor
     00034ADA  _actor_overlapping_bb              actor
     00034CF9  _actors_handle_player_collision    actor
     00034D85  _check_collision_in_direction      actor
     000355A3  _load_init                         data_manager
     000355B6  _spritesheet_none_far              data_manager
     000355B9  _load_bkg_tileset                  data_manager
     00035696  _load_background                   data_manager
     0003575C  _load_sprite                       data_manager
     00035832  _load_bounds                       data_manager
     0003584F  _do_load_palette                   data_manager
     000358D4  _load_scene                        data_manager
     00035F5F  _load_player                       data_manager
     00035FA8  _load_emote                        data_manager
     00035FC1  _printer_send_receive              gbprinter
     00035FF7  _printer_send_byte                 gbprinter
     0003600A  _printer_send_command              gbprinter
     0003602D  _printer_print_tile                gbprinter
     000360BE  _printer_wait                      gbprinter
     000360F0  _gbprinter_detect                  gbprinter
     0003610A  _gbprinter_print_overlay           gbprinter
     000362D7  ___func_VM_UI                      vm_ui
     000362D7  _vm_display_text                   vm_ui
     00036345  _vm_switch_text_layer              vm_ui
     0003635F  _vm_overlay_setpos                 vm_ui
     00036379  _vm_overlay_wait                   vm_ui
     00036409  _vm_overlay_move_to                vm_ui
     0003644D  _vm_overlay_set_scroll             vm_ui
     00036486  _vm_overlay_clear                  vm_ui
     00036558  _vm_overlay_show                   vm_ui
     000365A6  _vm_choice                         vm_ui
     000366C1  _vm_set_font                       vm_ui
     000366F0  _vm_overlay_scroll                 vm_ui
ASxxxx Linker V03.00/V05.40 + sdld,  page 43.
Hexadecimal  [32-Bits]

Area                                    Addr        Size        Decimal Bytes (Attributes)
--------------------------------        ----        ----        ------- ----- ------------
_CODE_3                             00034000    00003FFE =       16382. bytes (REL,CON)

      Value  Global                              Global Defined In Module
      -----  --------------------------------   ------------------------
     00036751  _vm_overlay_set_submap             vm_ui
     000367BD  _vm_overlay_set_submap_ex          vm_ui
     000368BE  _vm_overlay_set_map                vm_ui
     00036A1D  _vm_set_text_sound                 vm_ui
     00036A36  ___func_font_gbs_mono              font_gbs_mono
     000377E6  _font_gbs_mono                     font_gbs_mono
     000377EE  _script_engine_init                
     00037836  _shmup_init                        shmup
     000378D3  _shmup_update                      shmup

ASxxxx Linker V03.00/V05.40 + sdld,  page 44.
Hexadecimal  [32-Bits]

Area                                    Addr        Size        Decimal Bytes (Attributes)
--------------------------------        ----        ----        ------- ----- ------------
_CODE_5                             00054000    00002497 =        9367. bytes (REL,CON)

      Value  Global                              Global Defined In Module
      -----  --------------------------------   ------------------------
     00054000  _bootstrap_script                  
     0005400B  _camera_init                       camera
     00054029  _camera_reset                      camera
     00054039  _events_init                       events
     00054079  _timers_init                       events
     000540B9  _CGBFadeToWhiteStep                fade_manager
     000540F2  _CGBFadeToBlackStep                fade_manager
     0005412D  _ApplyPaletteChangeColor           fade_manager
     0005416A  _fade_speeds                       fade_manager
     00054171  _DMGFadeToWhiteStep                fade_manager
     00054192  _DMGFadeToBlackStep                fade_manager
     000541B5  _ApplyPaletteChangeDMG             fade_manager
     0005420B  _fade_init                         fade_manager
     0005422D  _fade_in                           fade_manager
     00054257  _fade_out                          fade_manager
     00054280  _fade_update                       fade_manager
     000542D5  _fade_applypalettechange           fade_manager
     000542E9  _fade_setspeed                     fade_manager
     000542F9  _fade_in_modal                     fade_manager
     00054313  _fade_out_modal                    fade_manager
     00054395  _save_sram_banks                   
     0005441D  _erase_flash                       
     00054433  _restore_sram_bank                 flasher
     00054469  _restore_sram                      flasher
     0005447F  _save_sram                         flasher
     000544AB  _input_init                        input
     000544D6  _remove_LCD_ISRs                   interrupts
     000544F1  _music_init_driver                 music_manager
     0005454D  _music_init_events                 music_manager
     00054589  _music_events_poll                 music_manager
     000545B1  _music_pause                       music_manager
     000545D3  _palette_init                      palette
     0005460A  _CGBZeroPalette                    palette
     0005461F  _SGBTransferPalettes               palette
     00054697  _parallax_init                     parallax
     000546B7  _set_sgb_border                    sgb_border
     000548A1  _SIO_init                          sio
     000548CA  ___func_VM_GBPRINTER               vm_gbprinter
     000548CA  _vm_print_detect                   vm_gbprinter
     00054919  _vm_print_overlay                  vm_gbprinter
     0005496E  ___func_VM_LOAD_SAVE               vm_load_save
     0005496E  _vm_save_clear                     vm_load_save
     0005497D  _vm_save_peek                      vm_load_save
     000549FF  ___func_VM_MATH                    vm_math
     000549FF  _vm_sin_scale                      vm_math
     00054A9B  _vm_cos_scale                      vm_math
     00054B39  ___func_VM_MUSIC                   vm_music
     00054B39  _vm_music_play                     vm_music
     00054B86  _vm_music_stop                     vm_music
     00054BA8  _vm_music_mute                     vm_music
ASxxxx Linker V03.00/V05.40 + sdld,  page 45.
Hexadecimal  [32-Bits]

Area                                    Addr        Size        Decimal Bytes (Attributes)
--------------------------------        ----        ----        ------- ----- ------------
_CODE_5                             00054000    00002497 =        9367. bytes (REL,CON)

      Value  Global                              Global Defined In Module
      -----  --------------------------------   ------------------------
     00054BE6  _vm_music_routine                  vm_music
     00054C0D  _vm_music_setpos                   vm_music
     00054C14  _vm_sound_mastervol                vm_music
     00054C1A  _vm_sfx_play                       vm_music
     00054C8D  ___func_VM_PROJECTILE              vm_projectiles
     00054C8D  _vm_projectile_launch              vm_projectiles
     00054CCE  _vm_projectile_load_type           vm_projectiles
     00054D60  ___func_VM_RTC                     vm_rtc
     00054D60  _vm_rtc_latch                      vm_rtc
     00054D68  _vm_rtc_get                        vm_rtc
     00054DCF  _vm_rtc_set                        vm_rtc
     00054E2D  _vm_rtc_start                      vm_rtc
     00054E50  ___func_VM_SCENE                   vm_scene
     00054E50  _vm_scene_push                     vm_scene
     00054EC6  _vm_scene_pop                      vm_scene
     00054ED4  _vm_scene_pop_all                  vm_scene
     00054EDF  _vm_scene_stack_reset              vm_scene
     00054EE8  _itoa_fmt                          vm_ui_a
     00054F21  .utoa_fmt                          vm_ui_a
     00054FCB  ___func_bg_title_copy__tilemap     bg_title_copy__tilemap
     00054FCB  _bg_title_copy__tilemap            bg_title_copy__tilemap
     00055133  ___func_bg_title_copy_             bg_title_copy_
     00055133  _bg_title_copy_                    bg_title_copy_
     00055141  ___func_bg_title_copy_0_tilemap_   bg_title_copy_0_tilemap_attr
     00055141  _bg_title_copy_0_tilemap_attr      bg_title_copy_0_tilemap_attr
     000552A9  ___func_bg_title_copy_0_tilemap    bg_title_copy_0_tilemap
     000552A9  _bg_title_copy_0_tilemap           bg_title_copy_0_tilemap
     00055411  ___func_bg_title_copy_0            bg_title_copy_0
[...]
     000463B8  _vm_set_sprite_mode                vm_gameboy
ASxxxx Linker V03.00/V05.40 + sdld,  page 48.
Hexadecimal  [32-Bits]

Area                                    Addr        Size        Decimal Bytes (Attributes)
--------------------------------        ----        ----        ------- ----- ------------
_CODE_4                             00044000    00004000 =       16384. bytes (REL,CON)

      Value  Global                              Global Defined In Module
      -----  --------------------------------   ------------------------
     000463CC  _vm_replace_tile_xy                vm_gameboy
     000465AC  _vm_rumble                         vm_gameboy
     000465CC  _vm_load_tiles                     vm_gameboy
     000465E1  _vm_load_tileset                   vm_gameboy
     000466B2  ___func_VM_PALETTE                 vm_palette
     000466B2  _vm_load_palette                   vm_palette
     000468A9  ___func_VM_SIO                     vm_sio
     000468A9  _vm_sio_set_mode                   vm_sio
     000468BB  _vm_sio_exchange                   vm_sio
     00046B9D  ___func_bg_title_copy__tileset     bg_title_copy__tileset
     00046B9D  _bg_title_copy__tileset            bg_title_copy__tileset
     00046EFF  _adventure_init                    adventure
     00046F14  _adventure_update                  adventure
     000475CB  _pointnclick_init                  pointnclick
     00047604  _pointnclick_update                pointnclick
     0004793F  _topdown_init                      topdown
     000479D6  _topdown_update                    topdown

ASxxxx Linker V03.00/V05.40 + sdld,  page 49.
Hexadecimal  [32-Bits]

Area                                    Addr        Size        Decimal Bytes (Attributes)
--------------------------------        ----        ----        ------- ----- ------------
_CRASH_HEADER0                      00000000    00000005 =           5. bytes (ABS,CON)

      Value  Global                              Global Defined In Module
      -----  --------------------------------   ------------------------
ASxxxx Linker V03.00/V05.40 + sdld,  page 50.
Hexadecimal  [32-Bits]

Area                                    Addr        Size        Decimal Bytes (Attributes)
--------------------------------        ----        ----        ------- ----- ------------
_CRASH_HEADER1                      00000000    00000004 =           4. bytes (ABS,CON)

      Value  Global                              Global Defined In Module
      -----  --------------------------------   ------------------------
ASxxxx Linker V03.00/V05.40 + sdld,  page 51.
Hexadecimal  [32-Bits]

Area                                    Addr        Size        Decimal Bytes (Attributes)
--------------------------------        ----        ----        ------- ----- ------------
_CRASH_SCRATCH2                     00000000    000001CB =         459. bytes (ABS,CON)

      Value  Global                              Global Defined In Module
      -----  --------------------------------   ------------------------
ASxxxx Linker V03.00/V05.40 + sdld,  page 52.
Hexadecimal  [32-Bits]

Area                                    Addr        Size        Decimal Bytes (Attributes)
--------------------------------        ----        ----        ------- ----- ------------
_HEADER_SIO0                        00000000    00000004 =           4. bytes (ABS,CON)

      Value  Global                              Global Defined In Module
      -----  --------------------------------   ------------------------
ASxxxx Linker V03.00/V05.40 + sdld,  page 53.
Hexadecimal  [32-Bits]

Area                                    Addr        Size        Decimal Bytes (Attributes)
--------------------------------        ----        ----        ------- ----- ------------
_HEADER_TIMER0                      00000000    00000004 =           4. bytes (ABS,CON)

      Value  Global                              Global Defined In Module
      -----  --------------------------------   ------------------------
ASxxxx Linker V03.00/V05.40 + sdld,  page 54.
Hexadecimal  [32-Bits]

Area                                    Addr        Size        Decimal Bytes (Attributes)
--------------------------------        ----        ----        ------- ----- ------------
_CODE_1                             00014000    00004000 =       16384. bytes (REL,CON)

      Value  Global                              Global Defined In Module
      -----  --------------------------------   ------------------------
     00014000  _ui_swap_tiles                     
     0001404A  _ui_print_make_mask_lr             
     00014066  _ui_print_make_mask_rl             
     00014082  _ui_init                           ui
     00014153  _ui_load_tiles                     ui
     000141AA  _ui_draw_frame                     ui
     00014244  _ui_print_reset                    ui
     00014295  _ui_set_start_tile                 ui
     000142C1  _ui_print_render                   ui
     00014558  _ui_draw_text_buffer_char          ui
     00014A3C  _ui_run_menu                       ui
     00014C25  _ui_run_modal                      ui
     00014CDF  ___func_VM_ACTOR                   vm_actor
     00014CDF  _vm_actor_move_to                  vm_actor
     0001567B  _vm_actor_move_cancel              vm_actor
     000156B1  _vm_actor_activate                 vm_actor
     00015702  _vm_actor_deactivate               vm_actor
     00015753  _vm_actor_begin_update             vm_actor
     000157DA  _vm_actor_terminate_update         vm_actor
     00015821  _vm_actor_set_dir                  vm_actor
     0001586A  _vm_actor_set_anim                 vm_actor
     000158F8  _vm_actor_set_pos                  vm_actor
     00015972  _vm_actor_get_pos                  vm_actor
     000159E1  _vm_actor_get_dir                  vm_actor
     00015A5B  _vm_actor_get_angle                vm_actor
     00015ADC  _vm_actor_emote                    vm_actor
     00015BA0  _vm_actor_set_bounds               vm_actor
     00015BFE  _vm_actor_set_spritesheet          vm_actor
     00015CC8  _vm_actor_replace_tile             vm_actor
     00015D33  _vm_actor_set_anim_tick            vm_actor
     00015D71  _vm_actor_set_move_speed           vm_actor
     00015DAF  _vm_actor_set_anim_frame           vm_actor
     00015DF3  _vm_actor_get_anim_frame           vm_actor
     00015E3D  _vm_actor_set_anim_set             vm_actor
     00015EC5  _vm_actor_set_spritesheet_by_ref   vm_actor
     00015FD2  _vm_actor_set_flags                vm_actor
     00016080  _SGB_border_chr                    border
     00016080  ___func_SGB_border_chr             border
     00016080  ___func_SGB_border_map             border
     00016080  ___func_SGB_border_pal             border
     00016080  ___func_VM_SGB                     vm_sgb
     00017880  _SGB_border_map                    border
     00017F80  _SGB_border_pal                    border

ASxxxx Linker V03.00/V05.40 + sdld,  page 55.
Hexadecimal  [32-Bits]

Area                                    Addr        Size        Decimal Bytes (Attributes)
--------------------------------        ----        ----        ------- ----- ------------
_CODE_2                             00024000    00004000 =       16384. bytes (REL,CON)

      Value  Global                              Global Defined In Module
      -----  --------------------------------   ------------------------
     00024000  ___func_VM_MAIN                    vm
     00024000  _vm_call                           vm
     00024042  _vm_ret                            vm
     000240A2  _vm_call_far                       vm
     00024121  _vm_ret_far                        vm
     00024199  _vm_push                           vm
     000241C4  _vm_pop                            vm
     000241FF  _vm_loop                           vm
     0002428A  _vm_jump                           vm
     00024296  _wait_frames                       vm
     0002430C  _vm_invoke                         vm
     00024439  _vm_join                           vm
     0002449B  _vm_terminate                      vm
     000244C8  _vm_if                             vm
     0002460D  _vm_if_const                       vm
     00024722  _vm_push_value                     vm
     00024774  _vm_push_value_ind                 vm
     000247E9  _vm_push_reference                 vm
     00024840  _vm_reserve                        vm
     0002486E  _vm_set                            vm
     000248CF  _vm_set_const                      vm
     000248FB  _vm_get_tlocal                     vm
     00024988  _vm_test_terminate                 vm
     00024993  _vm_idle                           vm
     0002499F  _vm_get_uint8                      vm
     000249D2  _vm_get_int8                       vm
     00024A06  _vm_get_int16                      vm
     00024A48  _vm_set_uint8                      vm
     00024A74  _vm_set_int8                       vm
     00024AA0  _vm_set_int16                      vm
     00024ADF  _vm_set_const_int8                 vm
     00024AE8  _vm_set_const_int16                vm
     00024AF4  _vm_init_rng                       vm
     00024B20  _vm_rand                           vm
     00024BA5  _vm_lock                           vm
     00024BB4  _vm_unlock                         vm
     00024BC7  _vm_raise                          vm
     00024C09  _vm_set_indirect                   vm
     00024C84  _vm_get_indirect                   vm
     00024CFF  _vm_poll_loaded                    vm
     00024D2F  _vm_memset                         vm
     00024D69  _vm_memcpy                         vm
     00024DE6  _script_runner_init                vm
     00024E9D  _script_execute                    vm
     00025003  _script_terminate                  vm
     00025068  _script_detach_hthread             vm
     000250A4  ___func_bg_title_copy_0_tileset    bg_title_copy_0_tileset
     000250A4  _bg_title_copy_0_tileset           bg_title_copy_0_tileset
     000252F6  ___func_bg_title_tileset           bg_title_tileset
     000252F6  _bg_title_tileset                  bg_title_tileset
ASxxxx Linker V03.00/V05.40 + sdld,  page 56.
Hexadecimal  [32-Bits]

Area                                    Addr        Size        Decimal Bytes (Attributes)
--------------------------------        ----        ----        ------- ----- ------------
_CODE_2                             00024000    00004000 =       16384. bytes (REL,CON)

      Value  Global                              Global Defined In Module
      -----  --------------------------------   ------------------------
     00026978  _scene_3_init                      scene_3_init
     0002698E  _platform_init                     platform
     00026B08  _platform_update                   platform

ASxxxx Linker V03.00/V05.40 + sdld,  page 57.
Hexadecimal  [32-Bits]

Area                                    Addr        Size        Decimal Bytes (Attributes)
--------------------------------        ----        ----        ------- ----- ------------
_HEADER_LCD0                        00000000    00000003 =           3. bytes (ABS,CON)

      Value  Global                              Global Defined In Module
      -----  --------------------------------   ------------------------
ASxxxx Linker V03.00/V05.40 + sdld,  page 58.

Files Linked                              [ module(s) ]

/tmp/_gbstools/gbdk/lib/gb/crt0.o         [ Runtime ]
/tmp/_gbsbuild/obj/absolute.rel           [ absolute ]
/tmp/_gbsbuild/obj/actor.rel              [ actor ]
/tmp/_gbsbuild/obj/bankdata.rel           [ bankdata ]
/tmp/_gbsbuild/obj/bootstrap.rel          [  ]
/tmp/_gbsbuild/obj/camera.rel             [ camera ]
/tmp/_gbsbuild/obj/core.rel               [ core ]
/tmp/_gbsbuild/obj/crash_handler.rel      [  ]
/tmp/_gbsbuild/obj/data_manager.rel       [ data_manager ]
/tmp/_gbsbuild/obj/events.rel             [ events ]
/tmp/_gbsbuild/obj/fade_manager.rel       [ fade_manager ]
/tmp/_gbsbuild/obj/flasher_s.rel          [  ]
/tmp/_gbsbuild/obj/flasher.rel            [ flasher ]
/tmp/_gbsbuild/obj/game_time.rel          [ game_time ]
/tmp/_gbsbuild/obj/gbprinter.rel          [ gbprinter ]
/tmp/_gbsbuild/obj/input.rel              [ input ]
/tmp/_gbsbuild/obj/interrupt_sio.rel      [  ]
/tmp/_gbsbuild/obj/interrupt_timer.rel    [  ]
/tmp/_gbsbuild/obj/interrupts.rel         [ interrupts ]
/tmp/_gbsbuild/obj/load_save.rel          [ load_save ]
/tmp/_gbsbuild/obj/math_atan2.rel         [ math_atan2 ]
/tmp/_gbsbuild/obj/math.rel               [ math ]
/tmp/_gbsbuild/obj/music_manager.rel      [ music_manager ]
/tmp/_gbsbuild/obj/palette.rel            [ palette ]
/tmp/_gbsbuild/obj/parallax.rel           [ parallax ]
/tmp/_gbsbuild/obj/projectiles.rel        [ projectiles ]
/tmp/_gbsbuild/obj/scroll_a.rel           [  ]
/tmp/_gbsbuild/obj/scroll.rel             [ scroll ]
/tmp/_gbsbuild/obj/set_tile_submap.rel    [  ]
/tmp/_gbsbuild/obj/sfx_player.rel         [ sfx_player ]
/tmp/_gbsbuild/obj/sgb_border.rel         [ sgb_border ]
/tmp/_gbsbuild/obj/sio.rel                [ sio ]
/tmp/_gbsbuild/obj/states_caller.rel      [  ]
/tmp/_gbsbuild/obj/system.rel             [ system ]
/tmp/_gbsbuild/obj/trigger.rel            [ trigger ]
/tmp/_gbsbuild/obj/ui_a.rel               [  ]
/tmp/_gbsbuild/obj/ui.rel                 [ ui ]
/tmp/_gbsbuild/obj/vm_actor.rel           [ vm_actor ]
/tmp/_gbsbuild/obj/vm_camera.rel          [ vm_camera ]
/tmp/_gbsbuild/obj/vm_gameboy.rel         [ vm_gameboy ]
/tmp/_gbsbuild/obj/vm_gbprinter.rel       [ vm_gbprinter ]
/tmp/_gbsbuild/obj/vm_instructions.rel    [ vm_instructions ]
/tmp/_gbsbuild/obj/vm_load_save.rel       [ vm_load_save ]
/tmp/_gbsbuild/obj/vm_math.rel            [ vm_math ]
/tmp/_gbsbuild/obj/vm_music.rel           [ vm_music ]
/tmp/_gbsbuild/obj/vm_palette.rel         [ vm_palette ]
/tmp/_gbsbuild/obj/vm_projectiles.rel     [ vm_projectiles ]
/tmp/_gbsbuild/obj/vm_rtc.rel             [ vm_rtc ]
/tmp/_gbsbuild/obj/vm_scene.rel           [ vm_scene ]
/tmp/_gbsbuild/obj/vm_sgb.rel             [ vm_sgb ]
/tmp/_gbsbuild/obj/vm_sio.rel             [ vm_sio ]
/tmp/_gbsbuild/obj/vm_ui_a.rel            [ vm_ui_a ]
/tmp/_gbsbuild/obj/vm_ui.rel              [ vm_ui ]
/tmp/_gbsbuild/obj/vm.rel                 [ vm ]
/tmp/_gbsbuild/obj/bg_title_copy__tilemap.rel
                                          [ bg_title_copy__tilemap ]
/tmp/_gbsbuild/obj/bg_title_copy__tileset.rel
                                          [ bg_title_copy__tileset ]
/tmp/_gbsbuild/obj/bg_title_copy_.rel     [ bg_title_copy_ ]
/tmp/_gbsbuild/obj/bg_title_copy_0_tilemap_attr.rel
                                          [ bg_title_copy_0_tilemap_attr ]
/tmp/_gbsbuild/obj/bg_title_copy_0_tilemap.rel
                                          [ bg_title_copy_0_tilemap ]
/tmp/_gbsbuild/obj/bg_title_copy_0_tileset.rel
                                          [ bg_title_copy_0_tileset ]
/tmp/_gbsbuild/obj/bg_title_copy_0.rel    [ bg_title_copy_0 ]
/tmp/_gbsbuild/obj/bg_title_tilemap_attr.rel
                                          [ bg_title_tilemap_attr ]
/tmp/_gbsbuild/obj/bg_title_tilemap.rel   [ bg_title_tilemap ]
/tmp/_gbsbuild/obj/bg_title_tileset.rel   [ bg_title_tileset ]
/tmp/_gbsbuild/obj/bg_title.rel           [ bg_title ]
/tmp/_gbsbuild/obj/border.rel             [ border ]
/tmp/_gbsbuild/obj/cursor_image.rel       [ cursor_image ]
/tmp/_gbsbuild/obj/font_gbs_mono.rel      [ font_gbs_mono ]
/tmp/_gbsbuild/obj/frame_image.rel        [ frame_image ]
/tmp/_gbsbuild/obj/game_signature.rel     [ game_signature ]
/tmp/_gbsbuild/obj/palette_0.rel          [ palette_0 ]
/tmp/_gbsbuild/obj/palette_1.rel          [ palette_1 ]
/tmp/_gbsbuild/obj/palette_2.rel          [ palette_2 ]
/tmp/_gbsbuild/obj/palette_3.rel          [ palette_3 ]
/tmp/_gbsbuild/obj/palette_4.rel          [ palette_4 ]
/tmp/_gbsbuild/obj/scene_1_collisions.rel
                                          [ scene_1_collisions ]
/tmp/_gbsbuild/obj/scene_1_init.rel       [ scene_1_init ]
/tmp/_gbsbuild/obj/scene_1.rel            [ scene_1 ]
/tmp/_gbsbuild/obj/scene_2_actors.rel     [ scene_2_actors ]
/tmp/_gbsbuild/obj/scene_2_collisions.rel
                                          [ scene_2_collisions ]
/tmp/_gbsbuild/obj/scene_2_init.rel       [ scene_2_init ]
/tmp/_gbsbuild/obj/scene_2_sprites.rel    [ scene_2_sprites ]
/tmp/_gbsbuild/obj/scene_2.rel            [ scene_2 ]
/tmp/_gbsbuild/obj/scene_3_collisions.rel
                                          [ scene_3_collisions ]
/tmp/_gbsbuild/obj/scene_3_init.rel       [ scene_3_init ]
/tmp/_gbsbuild/obj/scene_3.rel            [ scene_3 ]
/tmp/_gbsbuild/obj/script_engine_init.rel
                                          [  ]
/tmp/_gbsbuild/obj/script_input_0.rel     [ script_input_0 ]
/tmp/_gbsbuild/obj/script_input_1.rel     [ script_input_1 ]
/tmp/_gbsbuild/obj/script_input_2.rel     [ script_input_2 ]
/tmp/_gbsbuild/obj/sprite_actor_animated_tileset.rel
                                          [ sprite_actor_animated_tileset ]
/tmp/_gbsbuild/obj/sprite_actor_animated.rel
                                          [ sprite_actor_animated ]
/tmp/_gbsbuild/obj/sprite_dhilly_saveselect_tileset.rel
                                          [ sprite_dhilly_saveselect_tileset ]
/tmp/_gbsbuild/obj/sprite_dhilly_saveselect.rel
                                          [ sprite_dhilly_saveselect ]
/tmp/_gbsbuild/obj/spritesheet_none.rel   [ spritesheet_none ]
/tmp/_gbsbuild/obj/main.rel               [ main ]
/tmp/_gbsbuild/obj/adventure.rel          [ adventure ]
/tmp/_gbsbuild/obj/logo.rel               [ logo ]
/tmp/_gbsbuild/obj/platform.rel           [ platform ]
/tmp/_gbsbuild/obj/pointnclick.rel        [ pointnclick ]
/tmp/_gbsbuild/obj/shmup.rel              [ shmup ]
/tmp/_gbsbuild/obj/states_ptrs.rel        [  ]
/tmp/_gbsbuild/obj/topdown.rel            [ topdown ]


Libraries Linked                          [ object file ]

/tmp/_gbstools/gbdk/lib/gb/gb.lib         [ fill_rect_wi.o ]
/tmp/_gbstools/gbdk/lib/sm83/sm83.lib     [ rand.o ]
lib/hUGEDriver.lib                        [ hUGEDriver.o ]
/tmp/_gbstools/gbdk/lib/gb/gb.lib         [ sfr.o ]
/tmp/_gbstools/gbdk/lib/gb/gb.lib         [ get_data.o ]
/tmp/_gbstools/gbdk/lib/gb/gb.lib         [ get_tile.o ]
/tmp/_gbstools/gbdk/lib/gb/gb.lib         [ cgb_palettes.o ]
/tmp/_gbstools/gbdk/lib/gb/gb.lib         [ metasprites_hide_spr.o ]
/tmp/_gbstools/gbdk/lib/sm83/sm83.lib     [ mul.o ]
/tmp/_gbstools/gbdk/lib/gb/gb.lib         [ set_tile.o ]
/tmp/_gbstools/gbdk/lib/sm83/sm83.lib     [ abs.o ]
/tmp/_gbstools/gbdk/lib/gb/gb.lib         [ set_wi_t.o ]
/tmp/_gbstools/gbdk/lib/gb/gb.lib         [ set_data.o ]
/tmp/_gbstools/gbdk/lib/sm83/sm83.lib     [ reverse.o ]
/tmp/_gbstools/gbdk/lib/gb/gb.lib         [ far_ptr.o ]
/tmp/_gbstools/gbdk/lib/gb/gb.lib         [ sgb.o ]
/tmp/_gbstools/gbdk/lib/gb/gb.lib         [ lcd.o ]
/tmp/_gbstools/gbdk/lib/gb/gb.lib         [ fill_rect.o ]
/tmp/_gbstools/gbdk/lib/gb/gb.lib         [ pad_ex.o ]
/tmp/_gbstools/gbdk/lib/gb/gb.lib         [ cpy_data.o ]
/tmp/_gbstools/gbdk/lib/gb/gb.lib         [ fill_rect_bk.o ]
/tmp/_gbstools/gbdk/lib/gb/gb.lib         [ metasprites.o ]
/tmp/_gbstools/gbdk/lib/sm83/sm83.lib     [ __sdcc_call_hl.o ]
/tmp/_gbstools/gbdk/lib/sm83/sm83.lib     [ memcpy.o ]
/tmp/_gbstools/gbdk/lib/sm83/sm83.lib     [ _memset.o ]
/tmp/_gbstools/gbdk/lib/gb/gb.lib         [ set_xy_t.o ]
/tmp/_gbstools/gbdk/lib/gb/gb.lib         [ ___sdcc_bcall_ehl.o ]
/tmp/_gbstools/gbdk/lib/gb/gb.lib         [ cgb.o ]
/tmp/_gbstools/gbdk/lib/sm83/sm83.lib     [ div.o ]
/tmp/_gbstools/gbdk/lib/gb/gb.lib         [ set_bk_t.o ]

ASxxxx Linker V03.00/V05.40 + sdld,  page 59.

User Base Address Definitions

_DATA=0xC0A0
_CODE=0x0200
ASxxxx Linker V03.00/V05.40 + sdld,  page 60.

User Global Definitions

.STACK=0xDF00
_shadow_OAM=0xC000
.refresh_OAM=0xFF80
__start_save=4

