ASxxxx Linker V03.00/V05.40 + sdld,  page 1.
Hexadecimal  [32-Bits]

Area                                    Addr        Size        Decimal Bytes (Attributes)
--------------------------------        ----        ----        ------- ----- ------------
.  .ABS.                            00000000    00000000 =           0. bytes (ABS,CON)

      Value  Global                              Global Defined In Module
      -----  --------------------------------   ------------------------
     00000000  .__.ABS.                           
     00000000  _rRAMG                             
     00000000  l__BASE                         
     00000000  l__BSS                          
     00000000  l__CABS                         
     00000000  l__CODE_0                       
     00000000  l__CRASH_HEADER                 
     00000000  l__CRASH_SCRATCH                
     00000000  l__DABS                         
     00000000  l__HEADER                       
     00000000  l__HEADER_LCD                   
     00000000  l__HEADER_SIO                   
     00000000  l__HEADER_TIMER                 
     00000000  l__HEAP                         
     00000000  l__HEAP_END                     
     00000000  l__HRAM                         
     00000000  l__LIT                          
     00000000  s__CABS                         
     00000000  s__CRASH_HEADER                 
     00000000  s__CRASH_HEADER0                
     00000000  s__CRASH_HEADER1                
     00000000  s__CRASH_SCRATCH                
     00000000  s__CRASH_SCRATCH2               
     00000000  s__DABS                         
     00000000  s__HEADER                       
     00000000  s__HEADER0                      
     00000000  s__HEADER1                      
     00000000  s__HEADER10                     
     00000000  s__HEADER11                     
     00000000  s__HEADER2                      
     00000000  s__HEADER3                      
     00000000  s__HEADER4                      
     00000000  s__HEADER5                      
     00000000  s__HEADER6                      
     00000000  s__HEADER7                      
     00000000  s__HEADER8                      
     00000000  s__HEADER9                      
     00000000  s__HEADER_LCD                   
     00000000  s__HEADER_LCD0                  
     00000000  s__HEADER_SIO                   
     00000000  s__HEADER_SIO0                  
     00000000  s__HEADER_TIMER                 
     00000000  s__HEADER_TIMER0                
     00000000  s__HEADERa                      
     00000000  s__HEADERb                      
     00000000  s__HEADERc                      
     00000000  s__HEADERd                      
     00000000  s__HEADERe                      
     00000000  s__HEADERf                      
     00000000  s__HRAM                         
ASxxxx Linker V03.00/V05.40 + sdld,  page 2.
Hexadecimal  [32-Bits]

Area                                    Addr        Size        Decimal Bytes (Attributes)
--------------------------------        ----        ----        ------- ----- ------------
.  .ABS.                            00000000    00000000 =           0. bytes (ABS,CON)

      Value  Global                              Global Defined In Module
      -----  --------------------------------   ------------------------
     00000000  s__HRAM12                       
     00000001  ___bank_VM_SGB                     vm_sgb
     00000001  ___bank_bg_lencityopen_copy_0_ti   bg_lencityopen_copy_0_tilema
     00000001  ___bank_bg_lencityopen_tilemap_a   bg_lencityopen_tilemap_attr
     00000001  ___bank_scene_17_sprites           scene_17_sprites
     00000001  ___bank_sprite_pixelperfectvoti    sprite_pixelperfectvoti
     00000001  b_ui_draw_frame                    ui
     00000001  b_ui_draw_text_buffer_char         ui
     00000001  b_ui_init                          ui
     00000001  b_ui_load_tiles                    ui
     00000001  b_ui_run_menu                      ui
     00000001  b_ui_run_modal                     ui
     00000001  b_ui_set_start_tile                ui
     00000001  l__GSFINAL                      
     00000001  l__HEADER0                      
     00000001  l__HEADER5                      
     00000001  l__HEADERa                      
     00000001  l__HEADERb                      
     00000001  l__HEADERc                      
     00000001  l__HEADERe                      
     00000001  l__HEADERf                      
     00000002  ___bank_avatar_font_0              avatar_font_0
     00000002  ___bank_bg_controls_gb_copy__til   bg_controls_gb_copy__tileset
     00000002  ___bank_bg_lencityopen_tilemap     bg_lencityopen_tilemap
     00000002  ___bank_script_input_7             script_input_7
     00000002  l__HEADER10                     
     00000002  l__HEADER6                      
     00000002  l__HEADERd                      
     00000003  ___bank_bg_controls_gba_copy__ti   bg_controls_gba_copy__tilese
     00000003  ___bank_bg_lair_right_tilemap_at   bg_lair_right_tilemap_attr
     00000003  ___bank_scene_18_collisions        scene_18_collisions
     00000003  ___bank_scene_46_sprites           scene_46_sprites
     00000003  l__HEADER9                      
     00000003  l__HEADER_LCD0                  
     00000003  l__HRAM12                       
     00000004  ___bank_bg_controls_gba_copy_0_t   bg_controls_gba_copy_0_tiles
     00000004  ___bank_bg_lair_right_tilemap      bg_lair_right_tilemap
     00000004  ___bank_scene_15_triggers          scene_15_triggers
     00000004  ___bank_scene_34_collisions        scene_34_collisions
     00000004  l__CRASH_HEADER1                
     00000004  l__HEADER_SIO0                  
     00000004  l__HEADER_TIMER0                
     00000005  ___bank_bg_controls_gbc_copy__ti   bg_controls_gbc_copy__tilese
     00000005  ___bank_scene_19_triggers          scene_19_triggers
     00000005  ___bank_scene_58_collisions        scene_58_collisions
     00000005  ___bank_scene_65_collisions        scene_65_collisions
     00000005  l__CRASH_HEADER0                
     00000005  l__HEADER1                      
     00000006  ___bank_bg_controls_mobile_copy_   bg_controls_mobile_copy__til
     00000006  ___bank_bg_init_copy_1_tileset     bg_init_copy_1_tileset
     00000006  ___bank_scene_62_collisions        scene_62_collisions
ASxxxx Linker V03.00/V05.40 + sdld,  page 3.
Hexadecimal  [32-Bits]

Area                                    Addr        Size        Decimal Bytes (Attributes)
--------------------------------        ----        ----        ------- ----- ------------
.  .ABS.                            00000000    00000000 =           0. bytes (ABS,CON)

      Value  Global                              Global Defined In Module
      -----  --------------------------------   ------------------------
     00000006  b_remove_LCD_ISRs                  interrupts
     00000006  l__HEADER8                      
     00000007  ___bank_SGB_border_chr             border
     00000007  ___bank_SGB_border_map             border
     00000007  ___bank_SGB_border_pal             border
     00000007  ___bank_VM_PROJECTILE              vm_projectiles
     00000007  ___bank_bg_controls_mobile_copy_   bg_controls_mobile_copy_0_ti
     00000007  ___bank_bg_lencityopen_copy__til   bg_lencityopen_copy__tilemap
     00000007  ___bank_scene_18_sprites           scene_18_sprites
     00000007  b_vm_projectile_launch             vm_projectiles
     00000007  b_vm_projectile_load_type          vm_projectiles
     00000007  l__HEADER2                      
     00000008  ___bank_VM_MAIN                    vm
     00000008  ___bank_actor_6_interact           actor_6_interact
     00000008  ___bank_bg_options_copy__tileset   bg_options_copy__tileset
     00000008  ___bank_bg_title_tileset           bg_title_tileset
     00000008  ___bank_scene_34_init              scene_34_init
     00000008  b_script_detach_hthread            vm
     00000008  b_script_execute                   vm
     00000008  b_script_runner_init               vm
     00000008  b_script_terminate                 vm
     00000008  b_vm_call                          vm
     00000008  b_vm_call_far                      vm
     00000008  b_vm_get_indirect                  vm
     00000008  b_vm_get_tlocal                    vm
     00000008  b_vm_idle                          vm
     00000008  b_vm_if                            vm
     00000008  b_vm_if_const                      vm
     00000008  b_vm_init_rng                      vm
     00000008  b_vm_invoke                        vm
     00000008  b_vm_join                          vm
     00000008  b_vm_jump                          vm
     00000008  b_vm_lock                          vm
     00000008  b_vm_loop                          vm
     00000008  b_vm_memcpy                        vm
     00000008  b_vm_memset                        vm
     00000008  b_vm_poll_loaded                   vm
     00000008  b_vm_pop                           vm
     00000008  b_vm_push                          vm
     00000008  b_vm_push_reference                vm
     00000008  b_vm_push_value                    vm
     00000008  b_vm_push_value_ind                vm
     00000008  b_vm_raise                         vm
     00000008  b_vm_rand                          vm
     00000008  b_vm_reserve                       vm
     00000008  b_vm_ret                           vm
     00000008  b_vm_ret_far                       vm
     00000008  b_vm_set                           vm
     00000008  b_vm_set_const                     vm
     00000008  b_vm_set_indirect                  vm
     00000008  b_vm_terminate                     vm
ASxxxx Linker V03.00/V05.40 + sdld,  page 4.
Hexadecimal  [32-Bits]

Area                                    Addr        Size        Decimal Bytes (Attributes)
--------------------------------        ----        ----        ------- ----- ------------
.  .ABS.                            00000000    00000000 =           0. bytes (ABS,CON)

      Value  Global                              Global Defined In Module
      -----  --------------------------------   ------------------------
     00000008  b_vm_test_terminate                vm
     00000008  b_vm_unlock                        vm
     00000008  b_wait_frames                      vm
     00000008  l__HEADER3                      
     00000009  ___bank_ACTOR                      actor
     00000009  ___bank_VM_ACTOR                   vm_actor
     00000009  ___bank_scene_10_init              scene_10_init
     00000009  b_activate_actor                   actor
     00000009  b_activate_actors_in_col           actor
     00000009  b_activate_actors_in_row           actor
     00000009  b_actor_at_tile                    actor
     00000009  b_actor_get_frame_offset           actor
     00000009  b_actor_in_front_of_player         actor
     00000009  b_actor_overlapping_bb             actor
     00000009  b_actor_overlapping_player         actor
     00000009  b_actor_set_anim_idle              actor
     00000009  b_actor_set_anim_moving            actor
     00000009  b_actor_set_dir                    actor
     00000009  b_actor_set_frame_offset           actor
     00000009  b_actor_set_frames                 actor
     00000009  b_actors_handle_player_collision   actor
     00000009  b_actors_init                      actor
     00000009  b_check_collision_in_direction     actor
     00000009  b_deactivate_actor                 actor
     00000009  b_platform_init                    platform
     00000009  b_platform_update                  platform
     00000009  b_player_init                      actor
     00000009  b_vm_actor_activate                vm_actor
     00000009  b_vm_actor_begin_update            vm_actor
     00000009  b_vm_actor_deactivate              vm_actor
     00000009  b_vm_actor_emote                   vm_actor
     00000009  b_vm_actor_get_angle               vm_actor
     00000009  b_vm_actor_get_anim_frame          vm_actor
     00000009  b_vm_actor_get_dir                 vm_actor
     00000009  b_vm_actor_get_pos                 vm_actor
     00000009  b_vm_actor_move_cancel             vm_actor
     00000009  b_vm_actor_move_to                 vm_actor
     00000009  b_vm_actor_replace_tile            vm_actor
     00000009  b_vm_actor_set_anim                vm_actor
     00000009  b_vm_actor_set_anim_frame          vm_actor
     00000009  b_vm_actor_set_anim_set            vm_actor
     00000009  b_vm_actor_set_anim_tick           vm_actor
     00000009  b_vm_actor_set_bounds              vm_actor
     00000009  b_vm_actor_set_dir                 vm_actor
     00000009  b_vm_actor_set_flags               vm_actor
     00000009  b_vm_actor_set_move_speed          vm_actor
     00000009  b_vm_actor_set_pos                 vm_actor
     00000009  b_vm_actor_set_spritesheet         vm_actor
     00000009  b_vm_actor_set_spritesheet_by_re   vm_actor
     00000009  b_vm_actor_terminate_update        vm_actor
     0000000A  ___bank_bg_cave_ladder_copy_       bg_cave_ladder_copy_
ASxxxx Linker V03.00/V05.40 + sdld,  page 5.
Hexadecimal  [32-Bits]

Area                                    Addr        Size        Decimal Bytes (Attributes)
--------------------------------        ----        ----        ------- ----- ------------
.  .ABS.                            00000000    00000000 =           0. bytes (ABS,CON)

      Value  Global                              Global Defined In Module
      -----  --------------------------------   ------------------------
     0000000A  ___bank_bg_lencityopen_copy_0_ti   bg_lencityopen_copy_0_tilema
     0000000A  ___bank_bg_pixil_frame_0_31_tile   bg_pixil_frame_0_31_tilemap_
     0000000A  ___bank_bg_title_copy__tileset     bg_title_copy__tileset
     0000000A  ___bank_font_gbs_variable_width    font_gbs_variable_width
     0000000A  ___bank_scene_52_collisions        scene_52_collisions
     0000000A  ___bank_scene_53_collisions        scene_53_collisions
     0000000B  ___bank_bg_cave_ladder_copy_0_ti   bg_cave_ladder_copy_0_tilema
     0000000B  ___bank_bg_dhilly_game_1_tileset   bg_dhilly_game_1_tileset
     0000000B  ___bank_bg_lencityopen_copy__til   bg_lencityopen_copy__tilemap
     0000000B  ___bank_bg_pixil_frame_0_31_tile   bg_pixil_frame_0_31_tilemap
     0000000B  ___bank_scene_20_triggers          scene_20_triggers
     0000000B  ___bank_scene_31_collisions        scene_31_collisions
     0000000B  ___bank_scene_47_collisions        scene_47_collisions
     0000000B  b_do_load_palette                  data_manager
     0000000B  b_load_background                  data_manager
     0000000B  b_load_bkg_tileset                 data_manager
     0000000B  b_load_bounds                      data_manager
     0000000B  b_load_emote                       data_manager
     0000000B  b_load_init                        data_manager
     0000000B  b_load_player                      data_manager
     0000000B  b_load_scene                       data_manager
     0000000B  b_load_sprite                      data_manager
     0000000C  ___bank_VM_UI                      vm_ui
     0000000C  ___bank_bg_fieldlazy_tilemap       bg_fieldlazy_tilemap
     0000000C  ___bank_bg_fieldlazy_tilemap_att   bg_fieldlazy_tilemap_attr
     0000000C  ___bank_bg_pixil_frame_0_31_tile   bg_pixil_frame_0_31_tileset
     0000000C  ___bank_bg_pixil_frame_23_0_tile   bg_pixil_frame_23_0_tilemap_
     0000000C  ___bank_scene_20_sprites           scene_20_sprites
     0000000C  ___bank_scene_49_collisions        scene_49_collisions
     0000000C  ___bank_scene_52_init              scene_52_init
     0000000C  b_scroll_init                      scroll
     0000000C  b_scroll_repaint                   scroll
     0000000C  b_scroll_reset                     scroll
     0000000C  b_scroll_update                    scroll
     0000000C  b_shmup_init                       shmup
     0000000C  b_shmup_update                     shmup
     0000000C  b_vm_choice                        vm_ui
     0000000C  b_vm_display_text                  vm_ui
     0000000C  b_vm_overlay_clear                 vm_ui
     0000000C  b_vm_overlay_move_to               vm_ui
     0000000C  b_vm_overlay_scroll                vm_ui
     0000000C  b_vm_overlay_set_map               vm_ui
     0000000C  b_vm_overlay_set_scroll            vm_ui
     0000000C  b_vm_overlay_set_submap            vm_ui
     0000000C  b_vm_overlay_set_submap_ex         vm_ui
     0000000C  b_vm_overlay_setpos                vm_ui
     0000000C  b_vm_overlay_show                  vm_ui
     0000000C  b_vm_overlay_wait                  vm_ui
     0000000C  b_vm_set_font                      vm_ui
     0000000C  b_vm_set_text_sound                vm_ui
     0000000C  b_vm_switch_text_layer             vm_ui
ASxxxx Linker V03.00/V05.40 + sdld,  page 6.
Hexadecimal  [32-Bits]

Area                                    Addr        Size        Decimal Bytes (Attributes)
--------------------------------        ----        ----        ------- ----- ------------
.  .ABS.                            00000000    00000000 =           0. bytes (ABS,CON)

      Value  Global                              Global Defined In Module
      -----  --------------------------------   ------------------------
     0000000D  ___bank_VM_GAMEBOY                 vm_gameboy
     0000000D  ___bank_bg_intro_scenary_copy__t   bg_intro_scenary_copy__tilem
     0000000D  ___bank_bg_intro_scenary_copy__t   bg_intro_scenary_copy__tilem
     0000000D  ___bank_bg_pixil_frame_23_0_tile   bg_pixil_frame_23_0_tilemap
     0000000D  ___bank_bg_title_copy_2_tileset    bg_title_copy_2_tileset
     0000000D  ___bank_scene_17_collisions        scene_17_collisions
     0000000D  ___bank_scene_28_collisions        scene_28_collisions
     0000000D  ___bank_scene_3_sprites            scene_3_sprites
     0000000D  ___bank_scene_46_init              scene_46_init
     0000000D  b_adventure_init                   adventure
     0000000D  b_adventure_update                 adventure
     0000000D  b_topdown_init                     topdown
     0000000D  b_topdown_update                   topdown
     0000000D  b_vm_context_prepare               vm_gameboy
     0000000D  b_vm_fade                          vm_gameboy
     0000000D  b_vm_get_tile_xy                   vm_gameboy
     0000000D  b_vm_input_attach                  vm_gameboy
     0000000D  b_vm_input_detach                  vm_gameboy
     0000000D  b_vm_input_get                     vm_gameboy
     0000000D  b_vm_input_wait                    vm_gameboy
     0000000D  b_vm_load_tileset                  vm_gameboy
     0000000D  b_vm_poll                          vm_gameboy
     0000000D  b_vm_replace_tile                  vm_gameboy
     0000000D  b_vm_replace_tile_xy               vm_gameboy
     0000000D  b_vm_rumble                        vm_gameboy
     0000000D  b_vm_set_sprite_mode               vm_gameboy
     0000000D  b_vm_set_sprites_visible           vm_gameboy
     0000000D  b_vm_timer_prepare                 vm_gameboy
     0000000D  b_vm_timer_reset                   vm_gameboy
     0000000D  b_vm_timer_set                     vm_gameboy
     0000000D  b_vm_timer_stop                    vm_gameboy
     0000000E  ___bank_actor_43_interact          actor_43_interact
     0000000E  ___bank_bg_cave_ladder_copy_0_ti   bg_cave_ladder_copy_0_tilema
     0000000E  ___bank_bg_lair_left_3_tileset     bg_lair_left_3_tileset
     0000000E  ___bank_bg_pixil_frame_0_24_tile   bg_pixil_frame_0_24_tileset
     0000000E  ___bank_bg_pixil_frame_0_33_tile   bg_pixil_frame_0_33_tilemap
     0000000E  ___bank_bg_pixil_frame_0_33_tile   bg_pixil_frame_0_33_tilemap_
     0000000E  ___bank_scene_22_init              scene_22_init
     0000000E  ___bank_scene_50_collisions        scene_50_collisions
     0000000E  ___bank_scene_55_collisions        scene_55_collisions
     0000000E  ___bank_scene_57_collisions        scene_57_collisions
     0000000E  ___bank_trigger_1_interact         trigger_1_interact
     0000000E  b_SIO_init                         sio
     0000000E  b_projectile_launch                projectiles
     0000000E  b_projectiles_init                 projectiles
     0000000F  ___bank_VM_CAMERA                  vm_camera
     0000000F  ___bank_actor_19_interact          actor_19_interact
     0000000F  ___bank_bg_cave_ladder_copy__til   bg_cave_ladder_copy__tilemap
     0000000F  ___bank_bg_cave_ladder_copy__til   bg_cave_ladder_copy__tilemap
     0000000F  ___bank_bg_init_copy_0_tilemap     bg_init_copy_0_tilemap
     0000000F  ___bank_bg_init_copy_0_tilemap_a   bg_init_copy_0_tilemap_attr
ASxxxx Linker V03.00/V05.40 + sdld,  page 7.
Hexadecimal  [32-Bits]

Area                                    Addr        Size        Decimal Bytes (Attributes)
--------------------------------        ----        ----        ------- ----- ------------
.  .ABS.                            00000000    00000000 =           0. bytes (ABS,CON)

      Value  Global                              Global Defined In Module
      -----  --------------------------------   ------------------------
     0000000F  ___bank_bg_lencityopen_tileset     bg_lencityopen_tileset
     0000000F  ___bank_bg_pixil_frame_0_33_tile   bg_pixil_frame_0_33_tileset
     0000000F  ___bank_bg_shillycityopen_copy__   bg_shillycityopen_copy__tile
     0000000F  ___bank_scene_32_collisions        scene_32_collisions
     0000000F  ___bank_scene_33_sprites           scene_33_sprites
     0000000F  ___bank_scene_51_collisions        scene_51_collisions
     0000000F  ___bank_scene_56_collisions        scene_56_collisions
     0000000F  ___bank_scene_58_init              scene_58_init
     0000000F  ___bank_trigger_61_interact        trigger_61_interact
     0000000F  b_camera_shake_frames              vm_camera
     0000000F  b_core_reset                       core
     0000000F  b_core_run                         core
     0000000F  b_data_clear                       load_save
     0000000F  b_data_init                        load_save
     0000000F  b_data_load                        load_save
     0000000F  b_data_peek                        load_save
     0000000F  b_data_save                        load_save
     0000000F  b_vm_camera_move_to                vm_camera
     0000000F  b_vm_camera_set_pos                vm_camera
     00000010  ___bank_bg_controls_gb_copy_0_ti   bg_controls_gb_copy_0_tilema
     00000010  ___bank_bg_controls_gb_copy_0_ti   bg_controls_gb_copy_0_tilema
     00000010  ___bank_bg_init_copy__tilemap      bg_init_copy__tilemap
     00000010  ___bank_bg_init_copy__tilemap_at   bg_init_copy__tilemap_attr
     00000010  ___bank_bg_lair_right_5_tileset    bg_lair_right_5_tileset
     00000010  ___bank_bg_lencity_dhillybuildin   bg_lencity_dhillybuilding_f_
     00000010  ___bank_bg_pixil_frame_0_24_tile   bg_pixil_frame_0_24_tilemap_
     00000010  ___bank_bg_pixil_frame_0_30_tile   bg_pixil_frame_0_30_tilemap
     00000010  ___bank_bg_pixil_frame_0_30_tile   bg_pixil_frame_0_30_tilemap_
     00000010  ___bank_bg_pixil_frame_0_copy_co   bg_pixil_frame_0_copy_copy__
     00000010  ___bank_bg_pixil_frame_23_0_tile   bg_pixil_frame_23_0_tileset
     00000010  ___bank_scene_0_collisions         scene_0_collisions
     00000010  ___bank_scene_15_collisions        scene_15_collisions
     00000010  ___bank_scene_22_sprites           scene_22_sprites
     00000010  ___bank_scene_30_collisions        scene_30_collisions
     00000010  ___bank_script_input_3             script_input_3
     00000010  ___bank_script_input_6             script_input_6
     00000010  b___HandleCrash_banked             
     00000010  b_pointnclick_init                 pointnclick
     00000010  b_pointnclick_update               pointnclick
     00000010  b_trigger_activate_at              trigger
     00000010  b_trigger_activate_at_intersecti   trigger
     00000010  b_trigger_at_intersection          trigger
     00000010  b_trigger_at_tile                  trigger
     00000010  b_trigger_interact                 trigger
     00000010  b_trigger_reset                    trigger
     00000011  ___bank_VM_PALETTE                 vm_palette
     00000011  ___bank_VM_SIO                     vm_sio
     00000011  ___bank_actor_11_interact          actor_11_interact
     00000011  ___bank_bg_controls_gb_copy_0_ti   bg_controls_gb_copy_0_tilese
     00000011  ___bank_bg_iceos_login_2_copy__t   bg_iceos_login_2_copy__tiles
     00000011  ___bank_bg_lencity_yua_building_   bg_lencity_yua_building_tile
ASxxxx Linker V03.00/V05.40 + sdld,  page 8.
Hexadecimal  [32-Bits]

Area                                    Addr        Size        Decimal Bytes (Attributes)
--------------------------------        ----        ----        ------- ----- ------------
.  .ABS.                            00000000    00000000 =           0. bytes (ABS,CON)

      Value  Global                              Global Defined In Module
      -----  --------------------------------   ------------------------
     00000011  ___bank_bg_lencityopen_copy__til   bg_lencityopen_copy__tileset
     00000011  ___bank_bg_pixil_frame_0_23_tile   bg_pixil_frame_0_23_tileset
     00000011  ___bank_bg_pixil_frame_0_24_tile   bg_pixil_frame_0_24_tilemap
     00000011  ___bank_bg_samsam_copy_tileset     bg_samsam_copy_tileset
     00000011  ___bank_bg_shillycity_sara_house   bg_shillycity_sara_house_co_
     00000011  ___bank_bg_shillycityopen_copy_0   bg_shillycityopen_copy_0_til
     00000011  ___bank_bg_shillycityopen_copy_0   bg_shillycityopen_copy_0_til
     00000011  ___bank_bg_square_frozen_future_   bg_square_frozen_future_tile
     00000011  ___bank_bg_theatre_tilemap         bg_theatre_tilemap
     00000011  ___bank_bg_theatre_tilemap_attr    bg_theatre_tilemap_attr
     00000011  ___bank_bg_theatre_tileset         bg_theatre_tileset
     00000011  ___bank_bg_title_copy_0_tileset    bg_title_copy_0_tileset
     00000011  ___bank_scene_17_init              scene_17_init
     00000011  ___bank_scene_27_init              scene_27_init
     00000011  ___bank_scene_29_collisions        scene_29_collisions
     00000011  ___bank_scene_7_init               scene_7_init
     00000011  ___bank_sprite_pixelperfectvoti_   sprite_pixelperfectvoti_tile
     00000011  ___bank_trigger_81_interact        trigger_81_interact
     00000011  b_atan2                            math_atan2
     00000011  b_fade_applypalettechange          fade_manager
     00000011  b_fade_in                          fade_manager
     00000011  b_fade_in_modal                    fade_manager
     00000011  b_fade_init                        fade_manager
     00000011  b_fade_out                         fade_manager
     00000011  b_fade_out_modal                   fade_manager
     00000011  b_fade_setspeed                    fade_manager
     00000011  b_fade_update                      fade_manager
     00000011  b_gbprinter_detect                 gbprinter
     00000011  b_gbprinter_print_overlay          gbprinter
     00000011  b_vm_load_palette                  vm_palette
     00000011  b_vm_sio_exchange                  vm_sio
     00000011  b_vm_sio_set_mode                  vm_sio
     00000012  ___bank_actor_25_interact          actor_25_interact
     00000012  ___bank_bg_cinema_tilemap          bg_cinema_tilemap
     00000012  ___bank_bg_cinema_tilemap_attr     bg_cinema_tilemap_attr
     00000012  ___bank_bg_controls_gb_copy__til   bg_controls_gb_copy__tilemap
     00000012  ___bank_bg_controls_gb_copy__til   bg_controls_gb_copy__tilemap
     00000012  ___bank_bg_controls_gba_copy_0_t   bg_controls_gba_copy_0_tilem
     00000012  ___bank_bg_controls_gba_copy_0_t   bg_controls_gba_copy_0_tilem
     00000012  ___bank_bg_controls_gba_copy__ti   bg_controls_gba_copy__tilema
     00000012  ___bank_bg_controls_gba_copy__ti   bg_controls_gba_copy__tilema
     00000012  ___bank_bg_controls_gbc_copy__ti   bg_controls_gbc_copy__tilema
     00000012  ___bank_bg_controls_gbc_copy__ti   bg_controls_gbc_copy__tilema
     00000012  ___bank_bg_controls_mobile_copy_   bg_controls_mobile_copy_0_ti
     00000012  ___bank_bg_controls_mobile_copy_   bg_controls_mobile_copy_0_ti
     00000012  ___bank_bg_controls_mobile_copy_   bg_controls_mobile_copy__til
     00000012  ___bank_bg_controls_mobile_copy_   bg_controls_mobile_copy__til
     00000012  ___bank_bg_dhilly_game_1_tilemap   bg_dhilly_game_1_tilemap
     00000012  ___bank_bg_dhilly_game_1_tilemap   bg_dhilly_game_1_tilemap_att
     00000012  ___bank_bg_elevator_tilemap        bg_elevator_tilemap
     00000012  ___bank_bg_elevator_tilemap_attr   bg_elevator_tilemap_attr
ASxxxx Linker V03.00/V05.40 + sdld,  page 9.
Hexadecimal  [32-Bits]

Area                                    Addr        Size        Decimal Bytes (Attributes)
--------------------------------        ----        ----        ------- ----- ------------
.  .ABS.                            00000000    00000000 =           0. bytes (ABS,CON)

      Value  Global                              Global Defined In Module
      -----  --------------------------------   ------------------------
     00000012  ___bank_bg_iceos_desktop_copy__t   bg_iceos_desktop_copy__tilem
     00000012  ___bank_bg_iceos_desktop_copy__t   bg_iceos_desktop_copy__tiles
     00000012  ___bank_bg_lair_right_3_tileset    bg_lair_right_3_tileset
     00000012  ___bank_bg_lair_right_tileset      bg_lair_right_tileset
     00000012  ___bank_bg_lencity_trainstation_   bg_lencity_trainstation_cop_
     00000012  ___bank_bg_lencity_trainstation_   bg_lencity_trainstation_tile
     00000012  ___bank_bg_lencity_trainstation_   bg_lencity_trainstation_tile
     00000012  ___bank_bg_pixil_frame_0_30_tile   bg_pixil_frame_0_30_tileset
     00000012  ___bank_bg_shillycityopen_copy_0   bg_shillycityopen_copy_0_til
     00000012  ___bank_bg_square_frozen_future_   bg_square_frozen_future_tile
     00000012  ___bank_bg_square_frozen_future_   bg_square_frozen_future_tile
     00000012  ___bank_scene_19_collisions        scene_19_collisions
     00000012  ___bank_scene_20_collisions        scene_20_collisions
     00000012  ___bank_scene_27_collisions        scene_27_collisions
     00000012  ___bank_scene_34_sprites           scene_34_sprites
     00000012  ___bank_scene_35_collisions        scene_35_collisions
     00000012  ___bank_scene_45_collisions        scene_45_collisions
     00000012  ___bank_scene_46_collisions        scene_46_collisions
     00000012  ___bank_scene_48_collisions        scene_48_collisions
     00000012  ___bank_scene_54_init              scene_54_init
     00000012  ___bank_scene_63_collisions        scene_63_collisions
     00000012  ___bank_script_input_2             script_input_2
     00000012  b_set_sgb_border                   sgb_border
     00000013  ___bank_bg_iceos_desktop_copy__t   bg_iceos_desktop_copy__tilem
     00000013  ___bank_bg_iceos_login_2_copy__t   bg_iceos_login_2_copy__tilem
     00000013  ___bank_bg_iceos_login_2_copy__t   bg_iceos_login_2_copy__tilem
     00000013  ___bank_bg_iceos_login_copy__til   bg_iceos_login_copy__tilemap
     00000013  ___bank_bg_iceos_login_copy__til   bg_iceos_login_copy__tilemap
     00000013  ___bank_bg_iceos_platformer2_cop   bg_iceos_platformer2_copy__t
     00000013  ___bank_bg_iceos_platformer2_cop   bg_iceos_platformer2_copy__t
     00000013  ___bank_bg_iceos_platformer3_cop   bg_iceos_platformer3_copy__t
     00000013  ___bank_bg_iceos_platformer3_cop   bg_iceos_platformer3_copy__t
     00000013  ___bank_bg_iceos_platformer4_til   bg_iceos_platformer4_tilemap
     00000013  ___bank_bg_iceos_platformer4_til   bg_iceos_platformer4_tilemap
     00000013  ___bank_bg_init_copy_1_tilemap     bg_init_copy_1_tilemap
     00000013  ___bank_bg_init_copy_1_tilemap_a   bg_init_copy_1_tilemap_attr
     00000013  ___bank_bg_intro_weather_copy__t   bg_intro_weather_copy__tilem
     00000013  ___bank_bg_intro_weather_copy__t   bg_intro_weather_copy__tilem
     00000013  ___bank_bg_lair_hub_tilemap        bg_lair_hub_tilemap
     00000013  ___bank_bg_lair_hub_tilemap_attr   bg_lair_hub_tilemap_attr
     00000013  ___bank_bg_lair_left_2_copy__til   bg_lair_left_2_copy__tilemap
     00000013  ___bank_bg_lair_left_2_copy__til   bg_lair_left_2_copy__tilemap
     00000013  ___bank_bg_lair_left_2_tilemap     bg_lair_left_2_tilemap
     00000013  ___bank_bg_lair_left_2_tilemap_a   bg_lair_left_2_tilemap_attr
     00000013  ___bank_bg_lair_left_3_tilemap     bg_lair_left_3_tilemap
     00000013  ___bank_bg_lair_left_3_tilemap_a   bg_lair_left_3_tilemap_attr
     00000013  ___bank_bg_lair_right_2_copy__ti   bg_lair_right_2_copy__tilema
     00000013  ___bank_bg_lair_right_2_copy__ti   bg_lair_right_2_copy__tilema
     00000013  ___bank_bg_lair_right_2_tilemap    bg_lair_right_2_tilemap
     00000013  ___bank_bg_lair_right_2_tilemap_   bg_lair_right_2_tilemap_attr
     00000013  ___bank_bg_lair_right_3_copy__ti   bg_lair_right_3_copy__tilema
ASxxxx Linker V03.00/V05.40 + sdld,  page 10.
Hexadecimal  [32-Bits]

Area                                    Addr        Size        Decimal Bytes (Attributes)
--------------------------------        ----        ----        ------- ----- ------------
.  .ABS.                            00000000    00000000 =           0. bytes (ABS,CON)

      Value  Global                              Global Defined In Module
      -----  --------------------------------   ------------------------
     00000013  ___bank_bg_lair_right_3_copy__ti   bg_lair_right_3_copy__tilema
     00000013  ___bank_bg_lair_right_3_tilemap    bg_lair_right_3_tilemap
     00000013  ___bank_bg_lair_right_3_tilemap_   bg_lair_right_3_tilemap_attr
     00000013  ___bank_bg_lair_right_4_copy__ti   bg_lair_right_4_copy__tilema
     00000013  ___bank_bg_lair_right_4_copy__ti   bg_lair_right_4_copy__tilema
     00000013  ___bank_bg_lair_right_5_tilemap    bg_lair_right_5_tilemap
     00000013  ___bank_bg_lair_right_5_tilemap_   bg_lair_right_5_tilemap_attr
     00000013  ___bank_bg_lencity_dhillybuildin   bg_lencity_dhillybuilding_c_
     00000013  ___bank_bg_lencity_dhillybuildin   bg_lencity_dhillybuilding_c_
     00000013  ___bank_bg_lencity_dhillybuildin   bg_lencity_dhillybuilding_f_
     00000013  ___bank_bg_lencity_dhillybuildin   bg_lencity_dhillybuilding_f_
     00000013  ___bank_bg_lencity_trainstation_   bg_lencity_trainstation_cop_
     00000013  ___bank_bg_lencity_trainstation_   bg_lencity_trainstation_cop_
     00000013  ___bank_bg_lencity_yua_building_   bg_lencity_yua_building_tile
     00000013  ___bank_bg_lencity_yua_building_   bg_lencity_yua_building_tile
     00000013  ___bank_bg_options_copy__tilemap   bg_options_copy__tilemap
     00000013  ___bank_bg_options_copy__tilemap   bg_options_copy__tilemap_att
     00000013  ___bank_scene_36_sprites           scene_36_sprites
     00000013  ___bank_trigger_40_interact        trigger_40_interact
     00000014  ___bank_bg_iceos_platformer4_til   bg_iceos_platformer4_tileset
     00000014  ___bank_bg_pixil_frame_0_23_tile   bg_pixil_frame_0_23_tilemap
     00000014  ___bank_bg_pixil_frame_0_23_tile   bg_pixil_frame_0_23_tilemap_
     00000014  ___bank_bg_pixil_frame_0_copy_co   bg_pixil_frame_0_copy_copy__
     00000014  ___bank_bg_pixil_frame_0_copy_co   bg_pixil_frame_0_copy_copy__
     00000014  ___bank_bg_samsam_copy_tilemap     bg_samsam_copy_tilemap
     00000014  ___bank_bg_samsam_copy_tilemap_a   bg_samsam_copy_tilemap_attr
     00000014  ___bank_bg_shillycity_sara_house   bg_shillycity_sara_house_co_
     00000014  ___bank_bg_shillycity_sara_house   bg_shillycity_sara_house_co_
     00000014  ___bank_bg_shillycityopen_copy__   bg_shillycityopen_copy__tile
     00000014  ___bank_bg_shillycityopen_copy__   bg_shillycityopen_copy__tile
     00000014  ___bank_bg_title_copy_0_tilemap    bg_title_copy_0_tilemap
     00000014  ___bank_bg_title_copy_0_tilemap_   bg_title_copy_0_tilemap_attr
     00000014  ___bank_bg_title_copy_1_tilemap    bg_title_copy_1_tilemap
     00000014  ___bank_bg_title_copy_1_tilemap_   bg_title_copy_1_tilemap_attr
     00000014  ___bank_bg_title_copy_2_tilemap    bg_title_copy_2_tilemap
     00000014  ___bank_bg_title_copy_2_tilemap_   bg_title_copy_2_tilemap_attr
     00000014  ___bank_bg_title_copy__tilemap     bg_title_copy__tilemap
     00000014  ___bank_bg_title_copy__tilemap_a   bg_title_copy__tilemap_attr
     00000014  ___bank_bg_title_tilemap           bg_title_tilemap
     00000014  ___bank_bg_title_tilemap_attr      bg_title_tilemap_attr
     00000014  ___bank_scene_10_collisions        scene_10_collisions
     00000014  ___bank_scene_11_collisions        scene_11_collisions
     00000014  ___bank_scene_12_collisions        scene_12_collisions
     00000014  ___bank_scene_13_collisions        scene_13_collisions
     00000014  ___bank_scene_14_collisions        scene_14_collisions
     00000014  ___bank_scene_16_collisions        scene_16_collisions
     00000014  ___bank_scene_1_collisions         scene_1_collisions
     00000014  ___bank_scene_22_collisions        scene_22_collisions
     00000014  ___bank_scene_23_collisions        scene_23_collisions
     00000014  ___bank_scene_24_collisions        scene_24_collisions
     00000014  ___bank_scene_25_collisions        scene_25_collisions
ASxxxx Linker V03.00/V05.40 + sdld,  page 11.
Hexadecimal  [32-Bits]

Area                                    Addr        Size        Decimal Bytes (Attributes)
--------------------------------        ----        ----        ------- ----- ------------
.  .ABS.                            00000000    00000000 =           0. bytes (ABS,CON)

      Value  Global                              Global Defined In Module
      -----  --------------------------------   ------------------------
     00000014  ___bank_scene_26_collisions        scene_26_collisions
     00000014  ___bank_scene_2_collisions         scene_2_collisions
     00000014  ___bank_scene_33_collisions        scene_33_collisions
     00000014  ___bank_scene_36_collisions        scene_36_collisions
     00000014  ___bank_scene_37_collisions        scene_37_collisions
     00000014  ___bank_scene_38_collisions        scene_38_collisions
     00000014  ___bank_scene_39_collisions        scene_39_collisions
     00000014  ___bank_scene_3_collisions         scene_3_collisions
     00000014  ___bank_scene_40_collisions        scene_40_collisions
     00000014  ___bank_scene_41_collisions        scene_41_collisions
     00000014  ___bank_scene_42_collisions        scene_42_collisions
     00000014  ___bank_scene_43_collisions        scene_43_collisions
     00000014  ___bank_scene_44_collisions        scene_44_collisions
     00000014  ___bank_scene_45_sprites           scene_45_sprites
     00000014  ___bank_scene_4_collisions         scene_4_collisions
     00000015  ___bank_VM_GBPRINTER               vm_gbprinter
     00000015  ___bank_VM_MATH                    vm_math
     00000015  ___bank_VM_MUSIC                   vm_music
     00000015  ___bank_VM_RTC                     vm_rtc
     00000015  ___bank_actor_16_interact          actor_16_interact
     00000015  ___bank_actor_18_interact          actor_18_interact
     00000015  ___bank_bg_cave_ladder_copy_0_ti   bg_cave_ladder_copy_0_tilese
     00000015  ___bank_bg_cave_ladder_copy__til   bg_cave_ladder_copy__tileset
     00000015  ___bank_bg_cinema_tileset          bg_cinema_tileset
     00000015  ___bank_bg_elevator_tileset        bg_elevator_tileset
     00000015  ___bank_bg_fieldlazy_tileset       bg_fieldlazy_tileset
     00000015  ___bank_bg_iceos_platformer2_cop   bg_iceos_platformer2_copy__t
     00000015  ___bank_bg_iceos_platformer3_cop   bg_iceos_platformer3_copy__t
     00000015  ___bank_bg_lair_hub_tileset        bg_lair_hub_tileset
     00000015  ___bank_bg_lair_left_2_copy__til   bg_lair_left_2_copy__tileset
     00000015  ___bank_bg_lair_left_2_tileset     bg_lair_left_2_tileset
     00000015  ___bank_bg_lair_right_3_copy__ti   bg_lair_right_3_copy__tilese
     00000015  ___bank_bg_lair_right_4_copy__ti   bg_lair_right_4_copy__tilese
     00000015  ___bank_bg_lencity_dhillybuildin   bg_lencity_dhillybuilding_c_
     00000015  ___bank_bg_lencity_trainstation_   bg_lencity_trainstation_tile
     00000015  ___bank_bg_lencityopen_copy_0_ti   bg_lencityopen_copy_0_tilese
     00000015  ___bank_scene_14_init              scene_14_init
     00000015  ___bank_scene_23_init              scene_23_init
     00000015  ___bank_scene_26_init              scene_26_init
     00000015  ___bank_scene_2_actors             scene_2_actors
     00000015  ___bank_scene_37_actors            scene_37_actors
     00000015  ___bank_scene_39_actors            scene_39_actors
     00000015  ___bank_scene_45_init              scene_45_init
     00000015  ___bank_scene_52_actors            scene_52_actors
     00000015  ___bank_scene_53_actors            scene_53_actors
     00000015  ___bank_scene_54_collisions        scene_54_collisions
     00000015  ___bank_scene_59_collisions        scene_59_collisions
     00000015  ___bank_scene_5_collisions         scene_5_collisions
     00000015  ___bank_scene_60_collisions        scene_60_collisions
     00000015  ___bank_scene_61_collisions        scene_61_collisions
     00000015  ___bank_scene_64_collisions        scene_64_collisions
ASxxxx Linker V03.00/V05.40 + sdld,  page 12.
Hexadecimal  [32-Bits]

Area                                    Addr        Size        Decimal Bytes (Attributes)
--------------------------------        ----        ----        ------- ----- ------------
.  .ABS.                            00000000    00000000 =           0. bytes (ABS,CON)

      Value  Global                              Global Defined In Module
      -----  --------------------------------   ------------------------
     00000015  ___bank_scene_66_collisions        scene_66_collisions
     00000015  ___bank_scene_67_collisions        scene_67_collisions
     00000015  ___bank_scene_68_collisions        scene_68_collisions
     00000015  ___bank_scene_69_collisions        scene_69_collisions
     00000015  ___bank_scene_6_collisions         scene_6_collisions
     00000015  ___bank_scene_70_collisions        scene_70_collisions
     00000015  ___bank_scene_71_collisions        scene_71_collisions
     00000015  ___bank_scene_72_collisions        scene_72_collisions
     00000015  ___bank_scene_73_collisions        scene_73_collisions
     00000015  ___bank_scene_74_collisions        scene_74_collisions
     00000015  ___bank_scene_75_collisions        scene_75_collisions
     00000015  ___bank_scene_7_collisions         scene_7_collisions
     00000015  ___bank_scene_8_collisions         scene_8_collisions
     00000015  ___bank_scene_9_collisions         scene_9_collisions
     00000015  ___bank_sprite_dhilly_5_level_co   sprite_dhilly_5_level_copy__
     00000015  ___bank_sprite_highlight_options   sprite_highlight_options_co_
     00000015  ___bank_trigger_52_interact        trigger_52_interact
     00000015  ___bank_trigger_89_interact        trigger_89_interact
     00000015  b_CGBZeroPalette                   palette
     00000015  b_SGBTransferPalettes              palette
     00000015  b_erase_flash                      
     00000015  b_itoa_fmt                         vm_ui_a
     00000015  b_music_events_poll                music_manager
     00000015  b_music_init_driver                music_manager
     00000015  b_music_init_events                music_manager
     00000015  b_palette_init                     palette
     00000015  b_save_sram_banks                  
     00000015  b_vm_cos_scale                     vm_math
     00000015  b_vm_music_mute                    vm_music
     00000015  b_vm_music_play                    vm_music
     00000015  b_vm_music_routine                 vm_music
     00000015  b_vm_music_setpos                  vm_music
     00000015  b_vm_music_stop                    vm_music
     00000015  b_vm_print_detect                  vm_gbprinter
     00000015  b_vm_print_overlay                 vm_gbprinter
     00000015  b_vm_rtc_get                       vm_rtc
     00000015  b_vm_rtc_latch                     vm_rtc
     00000015  b_vm_rtc_set                       vm_rtc
     00000015  b_vm_rtc_start                     vm_rtc
     00000015  b_vm_sfx_play                      vm_music
     00000015  b_vm_sin_scale                     vm_math
     00000015  b_vm_sound_mastervol               vm_music
     00000016  ___bank_VM_LOAD_SAVE               vm_load_save
     00000016  ___bank_VM_SCENE                   vm_scene
     00000016  ___bank_actor_14_interact          actor_14_interact
     00000016  ___bank_actor_17_interact          actor_17_interact
     00000016  ___bank_actor_21_interact          actor_21_interact
     00000016  ___bank_actor_33_interact          actor_33_interact
     00000016  ___bank_actor_34_interact          actor_34_interact
     00000016  ___bank_actor_38_interact          actor_38_interact
     00000016  ___bank_actor_39_interact          actor_39_interact
ASxxxx Linker V03.00/V05.40 + sdld,  page 13.
Hexadecimal  [32-Bits]

Area                                    Addr        Size        Decimal Bytes (Attributes)
--------------------------------        ----        ----        ------- ----- ------------
.  .ABS.                            00000000    00000000 =           0. bytes (ABS,CON)

      Value  Global                              Global Defined In Module
      -----  --------------------------------   ------------------------
     00000016  ___bank_actor_41_interact          actor_41_interact
     00000016  ___bank_actor_42_interact          actor_42_interact
     00000016  ___bank_actor_46_interact          actor_46_interact
     00000016  ___bank_actor_47_interact          actor_47_interact
     00000016  ___bank_bg_init_copy_0_tileset     bg_init_copy_0_tileset
     00000016  ___bank_bg_intro_scenary_copy__t   bg_intro_scenary_copy__tiles
     00000016  ___bank_bg_intro_weather_copy__t   bg_intro_weather_copy__tiles
     00000016  ___bank_bg_lair_right_2_copy__ti   bg_lair_right_2_copy__tilese
     00000016  ___bank_bg_lair_right_2_tileset    bg_lair_right_2_tileset
     00000016  ___bank_emote_shock                emote_shock
     00000016  ___bank_frame_image                frame_image
     00000016  ___bank_palette_0                  palette_0
     00000016  ___bank_palette_1                  palette_1
     00000016  ___bank_palette_10                 palette_10
     00000016  ___bank_palette_11                 palette_11
     00000016  ___bank_palette_12                 palette_12
     00000016  ___bank_palette_13                 palette_13
     00000016  ___bank_palette_14                 palette_14
     00000016  ___bank_palette_15                 palette_15
     00000016  ___bank_palette_16                 palette_16
     00000016  ___bank_palette_17                 palette_17
     00000016  ___bank_palette_18                 palette_18
     00000016  ___bank_palette_19                 palette_19
     00000016  ___bank_palette_2                  palette_2
     00000016  ___bank_palette_20                 palette_20
     00000016  ___bank_palette_21                 palette_21
     00000016  ___bank_palette_22                 palette_22
     00000016  ___bank_palette_23                 palette_23
     00000016  ___bank_palette_24                 palette_24
     00000016  ___bank_palette_25                 palette_25
     00000016  ___bank_palette_26                 palette_26
     00000016  ___bank_palette_27                 palette_27
     00000016  ___bank_palette_28                 palette_28
     00000016  ___bank_palette_29                 palette_29
     00000016  ___bank_palette_3                  palette_3
     00000016  ___bank_palette_30                 palette_30
     00000016  ___bank_palette_31                 palette_31
     00000016  ___bank_palette_32                 palette_32
     00000016  ___bank_palette_33                 palette_33
     00000016  ___bank_palette_34                 palette_34
     00000016  ___bank_palette_35                 palette_35
     00000016  ___bank_palette_36                 palette_36
     00000016  ___bank_palette_37                 palette_37
     00000016  ___bank_palette_38                 palette_38
     00000016  ___bank_palette_39                 palette_39
     00000016  ___bank_palette_4                  palette_4
     00000016  ___bank_palette_40                 palette_40
     00000016  ___bank_palette_41                 palette_41
     00000016  ___bank_palette_42                 palette_42
     00000016  ___bank_palette_43                 palette_43
     00000016  ___bank_palette_44                 palette_44
ASxxxx Linker V03.00/V05.40 + sdld,  page 14.
Hexadecimal  [32-Bits]

Area                                    Addr        Size        Decimal Bytes (Attributes)
--------------------------------        ----        ----        ------- ----- ------------
.  .ABS.                            00000000    00000000 =           0. bytes (ABS,CON)

      Value  Global                              Global Defined In Module
      -----  --------------------------------   ------------------------
     00000016  ___bank_palette_45                 palette_45
     00000016  ___bank_palette_46                 palette_46
     00000016  ___bank_palette_47                 palette_47
     00000016  ___bank_palette_48                 palette_48
     00000016  ___bank_palette_49                 palette_49
     00000016  ___bank_palette_5                  palette_5
     00000016  ___bank_palette_50                 palette_50
     00000016  ___bank_palette_51                 palette_51
     00000016  ___bank_palette_52                 palette_52
     00000016  ___bank_palette_53                 palette_53
     00000016  ___bank_palette_54                 palette_54
     00000016  ___bank_palette_55                 palette_55
     00000016  ___bank_palette_6                  palette_6
     00000016  ___bank_palette_7                  palette_7
     00000016  ___bank_palette_8                  palette_8
     00000016  ___bank_palette_9                  palette_9
     00000016  ___bank_scene_0                    scene_0
     00000016  ___bank_scene_1                    scene_1
     00000016  ___bank_scene_10                   scene_10
     00000016  ___bank_scene_11                   scene_11
     00000016  ___bank_scene_11_init              scene_11_init
     00000016  ___bank_scene_12                   scene_12
     00000016  ___bank_scene_13                   scene_13
     00000016  ___bank_scene_14                   scene_14
     00000016  ___bank_scene_15                   scene_15
     00000016  ___bank_scene_16                   scene_16
     00000016  ___bank_scene_17                   scene_17
     00000016  ___bank_scene_17_actors            scene_17_actors
     00000016  ___bank_scene_18                   scene_18
     00000016  ___bank_scene_18_actors            scene_18_actors
     00000016  ___bank_scene_18_init              scene_18_init
     00000016  ___bank_scene_19                   scene_19
     00000016  ___bank_scene_19_init              scene_19_init
     00000016  ___bank_scene_1_init               scene_1_init
     00000016  ___bank_scene_2                    scene_2
     00000016  ___bank_scene_20                   scene_20
     00000016  ___bank_scene_22                   scene_22
     00000016  ___bank_scene_22_actors            scene_22_actors
     00000016  ___bank_scene_23                   scene_23
     00000016  ___bank_scene_24                   scene_24
     00000016  ___bank_scene_24_init              scene_24_init
     00000016  ___bank_scene_25                   scene_25
     00000016  ___bank_scene_25_init              scene_25_init
     00000016  ___bank_scene_26                   scene_26
     00000016  ___bank_scene_27                   scene_27
     00000016  ___bank_scene_28                   scene_28
     00000016  ___bank_scene_29                   scene_29
     00000016  ___bank_scene_2_init               scene_2_init
     00000016  ___bank_scene_3                    scene_3
     00000016  ___bank_scene_30                   scene_30
     00000016  ___bank_scene_31                   scene_31
ASxxxx Linker V03.00/V05.40 + sdld,  page 15.
Hexadecimal  [32-Bits]

Area                                    Addr        Size        Decimal Bytes (Attributes)
--------------------------------        ----        ----        ------- ----- ------------
.  .ABS.                            00000000    00000000 =           0. bytes (ABS,CON)

      Value  Global                              Global Defined In Module
      -----  --------------------------------   ------------------------
     00000016  ___bank_scene_32                   scene_32
     00000016  ___bank_scene_33                   scene_33
     00000016  ___bank_scene_33_actors            scene_33_actors
     00000016  ___bank_scene_34                   scene_34
     00000016  ___bank_scene_35                   scene_35
     00000016  ___bank_scene_36                   scene_36
     00000016  ___bank_scene_37                   scene_37
     00000016  ___bank_scene_38                   scene_38
     00000016  ___bank_scene_38_init              scene_38_init
     00000016  ___bank_scene_39                   scene_39
     00000016  ___bank_scene_3_init               scene_3_init
     00000016  ___bank_scene_4                    scene_4
     00000016  ___bank_scene_40                   scene_40
     00000016  ___bank_scene_41                   scene_41
     00000016  ___bank_scene_42                   scene_42
     00000016  ___bank_scene_43                   scene_43
     00000016  ___bank_scene_44                   scene_44
     00000016  ___bank_scene_45                   scene_45
     00000016  ___bank_scene_45_actors            scene_45_actors
     00000016  ___bank_scene_46                   scene_46
     00000016  ___bank_scene_46_actors            scene_46_actors
     00000016  ___bank_scene_46_p_hit1            scene_46_p_hit1
     00000016  ___bank_scene_47                   scene_47
     00000016  ___bank_scene_48                   scene_48
     00000016  ___bank_scene_48_p_hit1            scene_48_p_hit1
     00000016  ___bank_scene_49                   scene_49
     00000016  ___bank_scene_49_p_hit1            scene_49_p_hit1
     00000016  ___bank_scene_49_triggers          scene_49_triggers
     00000016  ___bank_scene_4_init               scene_4_init
     00000016  ___bank_scene_5                    scene_5
     00000016  ___bank_scene_50                   scene_50
     00000016  ___bank_scene_51                   scene_51
     00000016  ___bank_scene_52                   scene_52
     00000016  ___bank_scene_53                   scene_53
     00000016  ___bank_scene_54                   scene_54
     00000016  ___bank_scene_55                   scene_55
     00000016  ___bank_scene_56                   scene_56
     00000016  ___bank_scene_57                   scene_57
     00000016  ___bank_scene_58                   scene_58
     00000016  ___bank_scene_59                   scene_59
     00000016  ___bank_scene_5_init               scene_5_init
     00000016  ___bank_scene_6                    scene_6
     00000016  ___bank_scene_60                   scene_60
     00000016  ___bank_scene_61                   scene_61
     00000016  ___bank_scene_62                   scene_62
     00000016  ___bank_scene_63                   scene_63
     00000016  ___bank_scene_64                   scene_64
     00000016  ___bank_scene_64_init              scene_64_init
     00000016  ___bank_scene_65                   scene_65
     00000016  ___bank_scene_66                   scene_66
     00000016  ___bank_scene_67                   scene_67
ASxxxx Linker V03.00/V05.40 + sdld,  page 16.
Hexadecimal  [32-Bits]

Area                                    Addr        Size        Decimal Bytes (Attributes)
--------------------------------        ----        ----        ------- ----- ------------
.  .ABS.                            00000000    00000000 =           0. bytes (ABS,CON)

      Value  Global                              Global Defined In Module
      -----  --------------------------------   ------------------------
     00000016  ___bank_scene_68                   scene_68
     00000016  ___bank_scene_69                   scene_69
     00000016  ___bank_scene_69_init              scene_69_init
     00000016  ___bank_scene_6_init               scene_6_init
     00000016  ___bank_scene_7                    scene_7
     00000016  ___bank_scene_70                   scene_70
     00000016  ___bank_scene_71                   scene_71
     00000016  ___bank_scene_72                   scene_72
     00000016  ___bank_scene_73                   scene_73
     00000016  ___bank_scene_73_actors            scene_73_actors
     00000016  ___bank_scene_74                   scene_74
     00000016  ___bank_scene_74_init              scene_74_init
     00000016  ___bank_scene_75                   scene_75
     00000016  ___bank_scene_8                    scene_8
     00000016  ___bank_scene_8_init               scene_8_init
     00000016  ___bank_scene_9                    scene_9
     00000016  ___bank_scene_9_init               scene_9_init
     00000016  ___bank_script_engine_init         
     00000016  ___bank_script_input_1             script_input_1
     00000016  ___bank_script_input_4             script_input_4
     00000016  ___bank_script_input_5             script_input_5
     00000016  ___bank_script_timer_0             script_timer_0
     00000016  ___bank_script_timer_1             script_timer_1
     00000016  ___bank_script_timer_4             script_timer_4
     00000016  ___bank_script_timer_5             script_timer_5
     00000016  ___bank_sprite_blank_interactabl   sprite_blank_interactable_c_
     00000016  ___bank_sprite_blank_interactabl   sprite_blank_interactable_c_
     00000016  ___bank_sprite_blank_interactabl   sprite_blank_interactable_c_
     00000016  ___bank_sprite_car_tileset         sprite_car_tileset
     00000016  ___bank_sprite_cataa_tileset       sprite_cataa_tileset
     00000016  ___bank_sprite_dhilly_5_level_co   sprite_dhilly_5_level_copy_
     00000016  ___bank_sprite_dhilly_saveselect   sprite_dhilly_saveselect
     00000016  ___bank_sprite_highlight_options   sprite_highlight_options_co
     00000016  ___bank_sprite_iceosapp_ctf_copy   sprite_iceosapp_ctf_copy_0_t
     00000016  ___bank_sprite_iceosapp_wveruner   sprite_iceosapp_wveruner_co_
     00000016  ___bank_sprite_knife_down_copy__   sprite_knife_down_copy__tile
     00000016  ___bank_sprite_mzdesigns_tileset   sprite_mzdesigns_tileset
     00000016  ___bank_sprite_shapiro             sprite_shapiro
     00000016  ___bank_sprite_shapiro_tileset     sprite_shapiro_tileset
     00000016  ___bank_sprite_square_cart_copy_   sprite_square_cart_copy_
     00000016  ___bank_sprite_square_cart_copy_   sprite_square_cart_copy__til
     00000016  ___bank_sprite_square_full_hitbo   sprite_square_full_hitbox_c_
     00000016  ___bank_sprite_square_full_hitbo   sprite_square_full_hitbox_c_
     00000016  ___bank_sprite_square_full_hitbo   sprite_square_full_hitbox_c_
     00000016  ___bank_sprite_square_full_hitbo   sprite_square_full_hitbox_c_
     00000016  ___bank_sprite_square_full_hitbo   sprite_square_full_hitbox_c_
     00000016  ___bank_sprite_square_full_hitbo   sprite_square_full_hitbox_c_
     00000016  ___bank_sprite_static_copy_tiles   sprite_static_copy_tileset
     00000016  ___bank_trigger_0_interact         trigger_0_interact
     00000016  ___bank_trigger_12_interact        trigger_12_interact
     00000016  ___bank_trigger_13_interact        trigger_13_interact
ASxxxx Linker V03.00/V05.40 + sdld,  page 17.
Hexadecimal  [32-Bits]

Area                                    Addr        Size        Decimal Bytes (Attributes)
--------------------------------        ----        ----        ------- ----- ------------
.  .ABS.                            00000000    00000000 =           0. bytes (ABS,CON)

      Value  Global                              Global Defined In Module
      -----  --------------------------------   ------------------------
     00000016  ___bank_trigger_15_interact        trigger_15_interact
     00000016  ___bank_trigger_16_interact        trigger_16_interact
     00000016  ___bank_trigger_17_interact        trigger_17_interact
     00000016  ___bank_trigger_18_interact        trigger_18_interact
     00000016  ___bank_trigger_19_interact        trigger_19_interact
     00000016  ___bank_trigger_20_interact        trigger_20_interact
     00000016  ___bank_trigger_21_interact        trigger_21_interact
     00000016  ___bank_trigger_22_interact        trigger_22_interact
     00000016  ___bank_trigger_2_interact         trigger_2_interact
     00000016  ___bank_trigger_69_interact        trigger_69_interact
     00000016  ___bank_trigger_77_interact        trigger_77_interact
     00000016  ___bank_trigger_86_interact        trigger_86_interact
     00000016  ___bank_trigger_90_interact        trigger_90_interact
     00000016  b_events_init                      events
     00000016  b_restore_sram                     flasher
     00000016  b_restore_sram_bank                flasher
     00000016  b_save_sram                        flasher
     00000016  b_scroll_rect                      
     00000016  b_timers_init                      events
     00000016  b_vm_save_clear                    vm_load_save
     00000016  b_vm_save_peek                     vm_load_save
     00000016  b_vm_scene_pop                     vm_scene
     00000016  b_vm_scene_pop_all                 vm_scene
     00000016  b_vm_scene_push                    vm_scene
     00000016  b_vm_scene_stack_reset             vm_scene
     00000017  ___bank_actor_31_interact          actor_31_interact
     00000017  ___bank_actor_32_interact          actor_32_interact
     00000017  ___bank_actor_36_interact          actor_36_interact
     00000017  ___bank_actor_37_interact          actor_37_interact
     00000017  ___bank_bg_cave_ladder_copy_0      bg_cave_ladder_copy_0
     00000017  ___bank_bg_cinema                  bg_cinema
     00000017  ___bank_bg_controls_gb_copy_       bg_controls_gb_copy_
     00000017  ___bank_bg_controls_gb_copy_0      bg_controls_gb_copy_0
     00000017  ___bank_bg_controls_gba_copy_      bg_controls_gba_copy_
     00000017  ___bank_bg_controls_gba_copy_0     bg_controls_gba_copy_0
     00000017  ___bank_bg_controls_gbc_copy_      bg_controls_gbc_copy_
     00000017  ___bank_bg_controls_mobile_copy_   bg_controls_mobile_copy_
     00000017  ___bank_bg_controls_mobile_copy_   bg_controls_mobile_copy_0
     00000017  ___bank_bg_dhilly_game_1           bg_dhilly_game_1
     00000017  ___bank_bg_elevator                bg_elevator
     00000017  ___bank_bg_fieldlazy               bg_fieldlazy
     00000017  ___bank_bg_iceos_desktop_copy_     bg_iceos_desktop_copy_
     00000017  ___bank_bg_iceos_login_2_copy_     bg_iceos_login_2_copy_
     00000017  ___bank_bg_iceos_login_copy_       bg_iceos_login_copy_
     00000017  ___bank_bg_iceos_login_copy__til   bg_iceos_login_copy__tileset
     00000017  ___bank_bg_iceos_platformer2_cop   bg_iceos_platformer2_copy_
     00000017  ___bank_bg_iceos_platformer3_cop   bg_iceos_platformer3_copy_
     00000017  ___bank_bg_iceos_platformer4       bg_iceos_platformer4
     00000017  ___bank_bg_init_copy_              bg_init_copy_
     00000017  ___bank_bg_init_copy_0             bg_init_copy_0
     00000017  ___bank_bg_init_copy_1             bg_init_copy_1
ASxxxx Linker V03.00/V05.40 + sdld,  page 18.
Hexadecimal  [32-Bits]

Area                                    Addr        Size        Decimal Bytes (Attributes)
--------------------------------        ----        ----        ------- ----- ------------
.  .ABS.                            00000000    00000000 =           0. bytes (ABS,CON)

      Value  Global                              Global Defined In Module
      -----  --------------------------------   ------------------------
     00000017  ___bank_bg_init_copy__tileset      bg_init_copy__tileset
     00000017  ___bank_bg_intro_scenary_copy_     bg_intro_scenary_copy_
     00000017  ___bank_bg_intro_weather_copy_     bg_intro_weather_copy_
     00000017  ___bank_bg_lair_hub                bg_lair_hub
     00000017  ___bank_bg_lair_left_2             bg_lair_left_2
     00000017  ___bank_bg_lair_left_2_copy_       bg_lair_left_2_copy_
     00000017  ___bank_bg_lair_left_3             bg_lair_left_3
     00000017  ___bank_bg_lair_right              bg_lair_right
     00000017  ___bank_bg_lair_right_2            bg_lair_right_2
     00000017  ___bank_bg_lair_right_2_copy_      bg_lair_right_2_copy_
     00000017  ___bank_bg_lair_right_3            bg_lair_right_3
     00000017  ___bank_bg_lair_right_3_copy_      bg_lair_right_3_copy_
     00000017  ___bank_bg_lair_right_4_copy_      bg_lair_right_4_copy_
     00000017  ___bank_bg_lair_right_5            bg_lair_right_5
     00000017  ___bank_bg_lencity_dhillybuildin   bg_lencity_dhillybuilding_c
     00000017  ___bank_bg_lencity_dhillybuildin   bg_lencity_dhillybuilding_f
     00000017  ___bank_bg_lencity_trainstation    bg_lencity_trainstation
     00000017  ___bank_bg_lencity_trainstation_   bg_lencity_trainstation_cop
     00000017  ___bank_bg_lencity_yua_building    bg_lencity_yua_building
     00000017  ___bank_bg_lencityopen             bg_lencityopen
     00000017  ___bank_bg_lencityopen_copy_       bg_lencityopen_copy_
     00000017  ___bank_bg_lencityopen_copy_0      bg_lencityopen_copy_0
     00000017  ___bank_bg_options_copy_           bg_options_copy_
     00000017  ___bank_bg_pixil_frame_0_23        bg_pixil_frame_0_23
     00000017  ___bank_bg_pixil_frame_0_24        bg_pixil_frame_0_24
     00000017  ___bank_bg_pixil_frame_0_30        bg_pixil_frame_0_30
     00000017  ___bank_bg_pixil_frame_0_31        bg_pixil_frame_0_31
     00000017  ___bank_bg_pixil_frame_0_33        bg_pixil_frame_0_33
     00000017  ___bank_bg_pixil_frame_0_copy_co   bg_pixil_frame_0_copy_copy_
     00000017  ___bank_bg_pixil_frame_23_0        bg_pixil_frame_23_0
     00000017  ___bank_bg_samsam_copy             bg_samsam_copy
     00000017  ___bank_bg_shillycity_sara_house   bg_shillycity_sara_house_co
     00000017  ___bank_bg_shillycityopen_copy_    bg_shillycityopen_copy_
     00000017  ___bank_bg_shillycityopen_copy_0   bg_shillycityopen_copy_0
     00000017  ___bank_bg_square_frozen_future    bg_square_frozen_future
     00000017  ___bank_bg_theatre                 bg_theatre
     00000017  ___bank_bg_title                   bg_title
     00000017  ___bank_bg_title_copy_             bg_title_copy_
     00000017  ___bank_bg_title_copy_0            bg_title_copy_0
     00000017  ___bank_bg_title_copy_1            bg_title_copy_1
     00000017  ___bank_bg_title_copy_1_tileset    bg_title_copy_1_tileset
     00000017  ___bank_bg_title_copy_2            bg_title_copy_2
     00000017  ___bank_bootstrap_script           
     00000017  ___bank_cursor_image               cursor_image
     00000017  ___bank_scene_0_init               scene_0_init
     00000017  ___bank_scene_0_triggers           scene_0_triggers
     00000017  ___bank_scene_12_init              scene_12_init
     00000017  ___bank_scene_13_init              scene_13_init
     00000017  ___bank_scene_15_init              scene_15_init
     00000017  ___bank_scene_16_init              scene_16_init
     00000017  ___bank_scene_17_triggers          scene_17_triggers
ASxxxx Linker V03.00/V05.40 + sdld,  page 19.
Hexadecimal  [32-Bits]

Area                                    Addr        Size        Decimal Bytes (Attributes)
--------------------------------        ----        ----        ------- ----- ------------
.  .ABS.                            00000000    00000000 =           0. bytes (ABS,CON)

      Value  Global                              Global Defined In Module
      -----  --------------------------------   ------------------------
     00000017  ___bank_scene_18_triggers          scene_18_triggers
     00000017  ___bank_scene_19_actors            scene_19_actors
     00000017  ___bank_scene_20_actors            scene_20_actors
     00000017  ___bank_scene_20_init              scene_20_init
     00000017  ___bank_scene_27_triggers          scene_27_triggers
     00000017  ___bank_scene_28_init              scene_28_init
     00000017  ___bank_scene_28_triggers          scene_28_triggers
     00000017  ___bank_scene_29_init              scene_29_init
     00000017  ___bank_scene_29_triggers          scene_29_triggers
     00000017  ___bank_scene_30_init              scene_30_init
     00000017  ___bank_scene_30_triggers          scene_30_triggers
     00000017  ___bank_scene_31_init              scene_31_init
     00000017  ___bank_scene_31_triggers          scene_31_triggers
     00000017  ___bank_scene_32_init              scene_32_init
     00000017  ___bank_scene_32_triggers          scene_32_triggers
     00000017  ___bank_scene_33_init              scene_33_init
     00000017  ___bank_scene_33_triggers          scene_33_triggers
     00000017  ___bank_scene_34_actors            scene_34_actors
     00000017  ___bank_scene_34_triggers          scene_34_triggers
     00000017  ___bank_scene_35_init              scene_35_init
     00000017  ___bank_scene_35_triggers          scene_35_triggers
     00000017  ___bank_scene_36_actors            scene_36_actors
     00000017  ___bank_scene_36_init              scene_36_init
     00000017  ___bank_scene_37_init              scene_37_init
     00000017  ___bank_scene_37_sprites           scene_37_sprites
     00000017  ___bank_scene_39_init              scene_39_init
     00000017  ___bank_scene_39_sprites           scene_39_sprites
     00000017  ___bank_scene_3_actors             scene_3_actors
     00000017  ___bank_scene_40_init              scene_40_init
     00000017  ___bank_scene_40_triggers          scene_40_triggers
     00000017  ___bank_scene_41_init              scene_41_init
     00000017  ___bank_scene_41_triggers          scene_41_triggers
     00000017  ___bank_scene_42_init              scene_42_init
     00000017  ___bank_scene_42_triggers          scene_42_triggers
     00000017  ___bank_scene_43_init              scene_43_init
     00000017  ___bank_scene_43_triggers          scene_43_triggers
     00000017  ___bank_scene_44_init              scene_44_init
     00000017  ___bank_scene_44_triggers          scene_44_triggers
     00000017  ___bank_scene_45_triggers          scene_45_triggers
     00000017  ___bank_scene_46_projectiles       scene_46_projectiles
     00000017  ___bank_scene_46_triggers          scene_46_triggers
     00000017  ___bank_scene_47_init              scene_47_init
     00000017  ___bank_scene_48_actors            scene_48_actors
     00000017  ___bank_scene_48_init              scene_48_init
     00000017  ___bank_scene_48_projectiles       scene_48_projectiles
     00000017  ___bank_scene_48_sprites           scene_48_sprites
     00000017  ___bank_scene_48_triggers          scene_48_triggers
     00000017  ___bank_scene_49_actors            scene_49_actors
     00000017  ___bank_scene_49_init              scene_49_init
     00000017  ___bank_scene_49_projectiles       scene_49_projectiles
     00000017  ___bank_scene_49_sprites           scene_49_sprites
ASxxxx Linker V03.00/V05.40 + sdld,  page 20.
Hexadecimal  [32-Bits]

Area                                    Addr        Size        Decimal Bytes (Attributes)
--------------------------------        ----        ----        ------- ----- ------------
.  .ABS.                            00000000    00000000 =           0. bytes (ABS,CON)

      Value  Global                              Global Defined In Module
      -----  --------------------------------   ------------------------
     00000017  ___bank_scene_50_actors            scene_50_actors
     00000017  ___bank_scene_50_init              scene_50_init
     00000017  ___bank_scene_50_projectiles       scene_50_projectiles
     00000017  ___bank_scene_50_sprites           scene_50_sprites
     00000017  ___bank_scene_50_triggers          scene_50_triggers
     00000017  ___bank_scene_51_actors            scene_51_actors
     00000017  ___bank_scene_51_init              scene_51_init
     00000017  ___bank_scene_51_sprites           scene_51_sprites
     00000017  ___bank_scene_51_triggers          scene_51_triggers
     00000017  ___bank_scene_52_sprites           scene_52_sprites
     00000017  ___bank_scene_53_init              scene_53_init
     00000017  ___bank_scene_53_sprites           scene_53_sprites
     00000017  ___bank_scene_53_triggers          scene_53_triggers
     00000017  ___bank_scene_54_actors            scene_54_actors
     00000017  ___bank_scene_54_sprites           scene_54_sprites
     00000017  ___bank_scene_54_triggers          scene_54_triggers
     00000017  ___bank_scene_55_init              scene_55_init
     00000017  ___bank_scene_55_triggers          scene_55_triggers
     00000017  ___bank_scene_56_init              scene_56_init
     00000017  ___bank_scene_56_triggers          scene_56_triggers
     00000017  ___bank_scene_57_init              scene_57_init
     00000017  ___bank_scene_57_triggers          scene_57_triggers
     00000017  ___bank_scene_58_actors            scene_58_actors
     00000017  ___bank_scene_58_sprites           scene_58_sprites
     00000017  ___bank_scene_58_triggers          scene_58_triggers
     00000017  ___bank_scene_59_init              scene_59_init
     00000017  ___bank_scene_59_triggers          scene_59_triggers
     00000017  ___bank_scene_60_actors            scene_60_actors
     00000017  ___bank_scene_60_init              scene_60_init
     00000017  ___bank_scene_60_sprites           scene_60_sprites
     00000017  ___bank_scene_60_triggers          scene_60_triggers
     00000017  ___bank_scene_61_actors            scene_61_actors
     00000017  ___bank_scene_61_init              scene_61_init
     00000017  ___bank_scene_61_sprites           scene_61_sprites
     00000017  ___bank_scene_61_triggers          scene_61_triggers
     00000017  ___bank_scene_62_init              scene_62_init
     00000017  ___bank_scene_62_triggers          scene_62_triggers
     00000017  ___bank_scene_63_init              scene_63_init
     00000017  ___bank_scene_63_triggers          scene_63_triggers
     00000017  ___bank_scene_64_actors            scene_64_actors
     00000017  ___bank_scene_64_sprites           scene_64_sprites
     00000017  ___bank_scene_64_triggers          scene_64_triggers
     00000017  ___bank_scene_65_init              scene_65_init
     00000017  ___bank_scene_65_triggers          scene_65_triggers
     00000017  ___bank_scene_66_init              scene_66_init
     00000017  ___bank_scene_66_triggers          scene_66_triggers
     00000017  ___bank_scene_67_init              scene_67_init
     00000017  ___bank_scene_67_triggers          scene_67_triggers
     00000017  ___bank_scene_68_init              scene_68_init
     00000017  ___bank_scene_68_triggers          scene_68_triggers
     00000017  ___bank_scene_70_init              scene_70_init
ASxxxx Linker V03.00/V05.40 + sdld,  page 21.
Hexadecimal  [32-Bits]

Area                                    Addr        Size        Decimal Bytes (Attributes)
--------------------------------        ----        ----        ------- ----- ------------
.  .ABS.                            00000000    00000000 =           0. bytes (ABS,CON)

      Value  Global                              Global Defined In Module
      -----  --------------------------------   ------------------------
     00000017  ___bank_scene_70_triggers          scene_70_triggers
     00000017  ___bank_scene_71_actors            scene_71_actors
     00000017  ___bank_scene_71_init              scene_71_init
     00000017  ___bank_scene_71_sprites           scene_71_sprites
     00000017  ___bank_scene_71_triggers          scene_71_triggers
     00000017  ___bank_scene_72_init              scene_72_init
     00000017  ___bank_scene_72_triggers          scene_72_triggers
     00000017  ___bank_scene_73_init              scene_73_init
     00000017  ___bank_scene_73_sprites           scene_73_sprites
     00000017  ___bank_scene_75_init              scene_75_init
     00000017  ___bank_scene_75_triggers          scene_75_triggers
     00000017  ___bank_script_input_0             script_input_0
     00000017  ___bank_script_input_10            script_input_10
     00000017  ___bank_script_input_11            script_input_11
     00000017  ___bank_script_input_12            script_input_12
     00000017  ___bank_script_input_8             script_input_8
     00000017  ___bank_script_input_9             script_input_9
     00000017  ___bank_script_timer_2             script_timer_2
     00000017  ___bank_script_timer_3             script_timer_3
     00000017  ___bank_script_timer_6             script_timer_6
     00000017  ___bank_script_timer_7             script_timer_7
     00000017  ___bank_script_timer_8             script_timer_8
     00000017  ___bank_script_timer_9             script_timer_9
     00000017  ___bank_sprite_blank_interactabl   sprite_blank_interactable_c
     00000017  ___bank_sprite_car                 sprite_car
     00000017  ___bank_sprite_cataa               sprite_cataa
     00000017  ___bank_sprite_dhilly_saveselect   sprite_dhilly_saveselect_co
     00000017  ___bank_sprite_dhilly_saveselect   sprite_dhilly_saveselect_co_
     00000017  ___bank_sprite_dhilly_saveselect   sprite_dhilly_saveselect_co_
     00000017  ___bank_sprite_dhilly_saveselect   sprite_dhilly_saveselect_co_
     00000017  ___bank_sprite_dhilly_saveselect   sprite_dhilly_saveselect_til
     00000017  ___bank_sprite_iceos_cursor_copy   sprite_iceos_cursor_copy_
     00000017  ___bank_sprite_iceosapp_ctf_copy   sprite_iceosapp_ctf_copy_0
     00000017  ___bank_sprite_iceosapp_pltfrmr_   sprite_iceosapp_pltfrmr_cop
     00000017  ___bank_sprite_iceosapp_pltfrmr_   sprite_iceosapp_pltfrmr_cop_
     00000017  ___bank_sprite_iceosapp_settings   sprite_iceosapp_settings_co
     00000017  ___bank_sprite_iceosapp_settings   sprite_iceosapp_settings_co_
     00000017  ___bank_sprite_iceosapp_wveruner   sprite_iceosapp_wveruner_co
     00000017  ___bank_sprite_knife_down_copy_    sprite_knife_down_copy_
     00000017  ___bank_sprite_len_city_dhilly_h   sprite_len_city_dhilly_hous
     00000017  ___bank_sprite_mzdesigns           sprite_mzdesigns
     00000017  ___bank_sprite_square_full_hitbo   sprite_square_full_hitbox_c
     00000017  ___bank_sprite_square_full_hitbo   sprite_square_full_hitbox_c_
     00000017  ___bank_sprite_square_full_hitbo   sprite_square_full_hitbox_c_
     00000017  ___bank_sprite_square_full_hitbo   sprite_square_full_hitbox_c_
     00000017  ___bank_sprite_square_platformin   sprite_square_platforming_c
     00000017  ___bank_sprite_square_platformin   sprite_square_platforming_c_
     00000017  ___bank_sprite_static_copy         sprite_static_copy
     00000017  ___bank_spritesheet_none           spritesheet_none
     00000017  ___bank_trigger_10_interact        trigger_10_interact
[...]
/tmp/_gbsbuild/obj/script_input_3.rel     [ script_input_3 ]
/tmp/_gbsbuild/obj/script_input_4.rel     [ script_input_4 ]
/tmp/_gbsbuild/obj/script_input_5.rel     [ script_input_5 ]
/tmp/_gbsbuild/obj/script_input_6.rel     [ script_input_6 ]
/tmp/_gbsbuild/obj/script_input_7.rel     [ script_input_7 ]
/tmp/_gbsbuild/obj/script_input_8.rel     [ script_input_8 ]
/tmp/_gbsbuild/obj/script_input_9.rel     [ script_input_9 ]
/tmp/_gbsbuild/obj/script_timer_0.rel     [ script_timer_0 ]
/tmp/_gbsbuild/obj/script_timer_1.rel     [ script_timer_1 ]
/tmp/_gbsbuild/obj/script_timer_2.rel     [ script_timer_2 ]
/tmp/_gbsbuild/obj/script_timer_3.rel     [ script_timer_3 ]
/tmp/_gbsbuild/obj/script_timer_4.rel     [ script_timer_4 ]
/tmp/_gbsbuild/obj/script_timer_5.rel     [ script_timer_5 ]
/tmp/_gbsbuild/obj/script_timer_6.rel     [ script_timer_6 ]
/tmp/_gbsbuild/obj/script_timer_7.rel     [ script_timer_7 ]
/tmp/_gbsbuild/obj/script_timer_8.rel     [ script_timer_8 ]
/tmp/_gbsbuild/obj/script_timer_9.rel     [ script_timer_9 ]
/tmp/_gbsbuild/obj/sprite_blank_interactable_c_0_tileset.rel
                                          [ sprite_blank_interactable_c_0_ti ]
/tmp/_gbsbuild/obj/sprite_blank_interactable_c_0.rel
                                          [ sprite_blank_interactable_c_0 ]
/tmp/_gbsbuild/obj/sprite_blank_interactable_c_tileset.rel
                                          [ sprite_blank_interactable_c_tile ]
/tmp/_gbsbuild/obj/sprite_blank_interactable_c.rel
                                          [ sprite_blank_interactable_c ]
/tmp/_gbsbuild/obj/sprite_car_tileset.rel
                                          [ sprite_car_tileset ]
/tmp/_gbsbuild/obj/sprite_car.rel         [ sprite_car ]
/tmp/_gbsbuild/obj/sprite_cataa_tileset.rel
                                          [ sprite_cataa_tileset ]
/tmp/_gbsbuild/obj/sprite_cataa.rel       [ sprite_cataa ]
/tmp/_gbsbuild/obj/sprite_dhilly_5_level_copy__tileset.rel
                                          [ sprite_dhilly_5_level_copy__tile ]
/tmp/_gbsbuild/obj/sprite_dhilly_5_level_copy_.rel
                                          [ sprite_dhilly_5_level_copy_ ]
/tmp/_gbsbuild/obj/sprite_dhilly_saveselect_co_0_tileset.rel
                                          [ sprite_dhilly_saveselect_co_0_ti ]
/tmp/_gbsbuild/obj/sprite_dhilly_saveselect_co_0.rel
                                          [ sprite_dhilly_saveselect_co_0 ]
/tmp/_gbsbuild/obj/sprite_dhilly_saveselect_co_tileset.rel
                                          [ sprite_dhilly_saveselect_co_tile ]
/tmp/_gbsbuild/obj/sprite_dhilly_saveselect_co.rel
                                          [ sprite_dhilly_saveselect_co ]
/tmp/_gbsbuild/obj/sprite_dhilly_saveselect_tileset.rel
                                          [ sprite_dhilly_saveselect_tileset ]
/tmp/_gbsbuild/obj/sprite_dhilly_saveselect.rel
                                          [ sprite_dhilly_saveselect ]
/tmp/_gbsbuild/obj/sprite_highlight_options_co_tileset.rel
                                          [ sprite_highlight_options_co_tile ]
/tmp/_gbsbuild/obj/sprite_highlight_options_co.rel
                                          [ sprite_highlight_options_co ]
/tmp/_gbsbuild/obj/sprite_iceos_cursor_copy_.rel
                                          [ sprite_iceos_cursor_copy_ ]
/tmp/_gbsbuild/obj/sprite_iceosapp_ctf_copy_0_tileset.rel
                                          [ sprite_iceosapp_ctf_copy_0_tiles ]
/tmp/_gbsbuild/obj/sprite_iceosapp_ctf_copy_0.rel
                                          [ sprite_iceosapp_ctf_copy_0 ]
/tmp/_gbsbuild/obj/sprite_iceosapp_pltfrmr_cop_tileset.rel
                                          [ sprite_iceosapp_pltfrmr_cop_tile ]
/tmp/_gbsbuild/obj/sprite_iceosapp_pltfrmr_cop.rel
                                          [ sprite_iceosapp_pltfrmr_cop ]
/tmp/_gbsbuild/obj/sprite_iceosapp_settings_co_tileset.rel
                                          [ sprite_iceosapp_settings_co_tile ]
/tmp/_gbsbuild/obj/sprite_iceosapp_settings_co.rel
                                          [ sprite_iceosapp_settings_co ]
/tmp/_gbsbuild/obj/sprite_iceosapp_wveruner_co_tileset.rel
                                          [ sprite_iceosapp_wveruner_co_tile ]
/tmp/_gbsbuild/obj/sprite_iceosapp_wveruner_co.rel
                                          [ sprite_iceosapp_wveruner_co ]
/tmp/_gbsbuild/obj/sprite_knife_down_copy__tileset.rel
                                          [ sprite_knife_down_copy__tileset ]
/tmp/_gbsbuild/obj/sprite_knife_down_copy_.rel
                                          [ sprite_knife_down_copy_ ]
/tmp/_gbsbuild/obj/sprite_len_city_dhilly_hous.rel
                                          [ sprite_len_city_dhilly_hous ]
/tmp/_gbsbuild/obj/sprite_mzdesigns_tileset.rel
                                          [ sprite_mzdesigns_tileset ]
/tmp/_gbsbuild/obj/sprite_mzdesigns.rel   [ sprite_mzdesigns ]
/tmp/_gbsbuild/obj/sprite_pixelperfectvoti_tileset.rel
                                          [ sprite_pixelperfectvoti_tileset ]
/tmp/_gbsbuild/obj/sprite_pixelperfectvoti.rel
                                          [ sprite_pixelperfectvoti ]
/tmp/_gbsbuild/obj/sprite_shapiro_tileset.rel
                                          [ sprite_shapiro_tileset ]
/tmp/_gbsbuild/obj/sprite_shapiro.rel     [ sprite_shapiro ]
/tmp/_gbsbuild/obj/sprite_square_cart_copy__tileset.rel
                                          [ sprite_square_cart_copy__tileset ]
/tmp/_gbsbuild/obj/sprite_square_cart_copy_.rel
                                          [ sprite_square_cart_copy_ ]
/tmp/_gbsbuild/obj/sprite_square_full_hitbox_c_1_tileset.rel
                                          [ sprite_square_full_hitbox_c_1_ti ]
/tmp/_gbsbuild/obj/sprite_square_full_hitbox_c_1.rel
                                          [ sprite_square_full_hitbox_c_1 ]
/tmp/_gbsbuild/obj/sprite_square_full_hitbox_c_2_tileset.rel
                                          [ sprite_square_full_hitbox_c_2_ti ]
/tmp/_gbsbuild/obj/sprite_square_full_hitbox_c_2.rel
                                          [ sprite_square_full_hitbox_c_2 ]
/tmp/_gbsbuild/obj/sprite_square_full_hitbox_c_3_tileset.rel
                                          [ sprite_square_full_hitbox_c_3_ti ]
/tmp/_gbsbuild/obj/sprite_square_full_hitbox_c_3.rel
                                          [ sprite_square_full_hitbox_c_3 ]
/tmp/_gbsbuild/obj/sprite_square_full_hitbox_c_4_tileset.rel
                                          [ sprite_square_full_hitbox_c_4_ti ]
/tmp/_gbsbuild/obj/sprite_square_full_hitbox_c_4.rel
                                          [ sprite_square_full_hitbox_c_4 ]
/tmp/_gbsbuild/obj/sprite_square_full_hitbox_c_tileset.rel
                                          [ sprite_square_full_hitbox_c_tile ]
/tmp/_gbsbuild/obj/sprite_square_full_hitbox_c.rel
                                          [ sprite_square_full_hitbox_c ]
/tmp/_gbsbuild/obj/sprite_square_platforming_c_tileset.rel
                                          [ sprite_square_platforming_c_tile ]
/tmp/_gbsbuild/obj/sprite_square_platforming_c.rel
                                          [ sprite_square_platforming_c ]
/tmp/_gbsbuild/obj/sprite_static_copy_tileset.rel
                                          [ sprite_static_copy_tileset ]
/tmp/_gbsbuild/obj/sprite_static_copy.rel
                                          [ sprite_static_copy ]
/tmp/_gbsbuild/obj/spritesheet_none.rel   [ spritesheet_none ]
/tmp/_gbsbuild/obj/trigger_0_interact.rel
                                          [ trigger_0_interact ]
/tmp/_gbsbuild/obj/trigger_1_interact.rel
                                          [ trigger_1_interact ]
/tmp/_gbsbuild/obj/trigger_10_interact.rel
                                          [ trigger_10_interact ]
/tmp/_gbsbuild/obj/trigger_11_interact.rel
                                          [ trigger_11_interact ]
/tmp/_gbsbuild/obj/trigger_12_interact.rel
                                          [ trigger_12_interact ]
/tmp/_gbsbuild/obj/trigger_13_interact.rel
                                          [ trigger_13_interact ]
/tmp/_gbsbuild/obj/trigger_14_interact.rel
                                          [ trigger_14_interact ]
/tmp/_gbsbuild/obj/trigger_15_interact.rel
                                          [ trigger_15_interact ]
/tmp/_gbsbuild/obj/trigger_16_interact.rel
                                          [ trigger_16_interact ]
/tmp/_gbsbuild/obj/trigger_17_interact.rel
                                          [ trigger_17_interact ]
/tmp/_gbsbuild/obj/trigger_18_interact.rel
                                          [ trigger_18_interact ]
/tmp/_gbsbuild/obj/trigger_19_interact.rel
                                          [ trigger_19_interact ]
/tmp/_gbsbuild/obj/trigger_2_interact.rel
                                          [ trigger_2_interact ]
/tmp/_gbsbuild/obj/trigger_20_interact.rel
                                          [ trigger_20_interact ]
/tmp/_gbsbuild/obj/trigger_21_interact.rel
                                          [ trigger_21_interact ]
/tmp/_gbsbuild/obj/trigger_22_interact.rel
                                          [ trigger_22_interact ]
/tmp/_gbsbuild/obj/trigger_23_interact.rel
                                          [ trigger_23_interact ]
/tmp/_gbsbuild/obj/trigger_24_interact.rel
                                          [ trigger_24_interact ]
/tmp/_gbsbuild/obj/trigger_25_interact.rel
                                          [ trigger_25_interact ]
/tmp/_gbsbuild/obj/trigger_26_interact.rel
                                          [ trigger_26_interact ]
/tmp/_gbsbuild/obj/trigger_27_interact.rel
                                          [ trigger_27_interact ]
/tmp/_gbsbuild/obj/trigger_28_interact.rel
                                          [ trigger_28_interact ]
/tmp/_gbsbuild/obj/trigger_29_interact.rel
                                          [ trigger_29_interact ]
/tmp/_gbsbuild/obj/trigger_30_interact.rel
                                          [ trigger_30_interact ]
/tmp/_gbsbuild/obj/trigger_31_interact.rel
                                          [ trigger_31_interact ]
/tmp/_gbsbuild/obj/trigger_32_interact.rel
                                          [ trigger_32_interact ]
/tmp/_gbsbuild/obj/trigger_33_interact.rel
                                          [ trigger_33_interact ]
/tmp/_gbsbuild/obj/trigger_34_interact.rel
                                          [ trigger_34_interact ]
/tmp/_gbsbuild/obj/trigger_35_interact.rel
                                          [ trigger_35_interact ]
/tmp/_gbsbuild/obj/trigger_36_interact.rel
                                          [ trigger_36_interact ]
/tmp/_gbsbuild/obj/trigger_37_interact.rel
                                          [ trigger_37_interact ]
/tmp/_gbsbuild/obj/trigger_38_interact.rel
                                          [ trigger_38_interact ]
/tmp/_gbsbuild/obj/trigger_39_interact.rel
                                          [ trigger_39_interact ]
/tmp/_gbsbuild/obj/trigger_4_interact.rel
                                          [ trigger_4_interact ]
/tmp/_gbsbuild/obj/trigger_40_interact.rel
                                          [ trigger_40_interact ]
/tmp/_gbsbuild/obj/trigger_41_interact.rel
                                          [ trigger_41_interact ]
/tmp/_gbsbuild/obj/trigger_42_interact.rel
                                          [ trigger_42_interact ]
/tmp/_gbsbuild/obj/trigger_43_interact.rel
                                          [ trigger_43_interact ]
/tmp/_gbsbuild/obj/trigger_44_interact.rel
                                          [ trigger_44_interact ]
/tmp/_gbsbuild/obj/trigger_45_interact.rel
                                          [ trigger_45_interact ]
/tmp/_gbsbuild/obj/trigger_46_interact.rel
                                          [ trigger_46_interact ]
/tmp/_gbsbuild/obj/trigger_47_interact.rel
                                          [ trigger_47_interact ]
/tmp/_gbsbuild/obj/trigger_48_interact.rel
                                          [ trigger_48_interact ]
/tmp/_gbsbuild/obj/trigger_5_interact.rel
                                          [ trigger_5_interact ]
/tmp/_gbsbuild/obj/trigger_50_interact.rel
                                          [ trigger_50_interact ]
/tmp/_gbsbuild/obj/trigger_51_interact.rel
                                          [ trigger_51_interact ]
/tmp/_gbsbuild/obj/trigger_52_interact.rel
                                          [ trigger_52_interact ]
/tmp/_gbsbuild/obj/trigger_53_interact.rel
                                          [ trigger_53_interact ]
/tmp/_gbsbuild/obj/trigger_54_interact.rel
                                          [ trigger_54_interact ]
/tmp/_gbsbuild/obj/trigger_55_interact.rel
                                          [ trigger_55_interact ]
/tmp/_gbsbuild/obj/trigger_56_interact.rel
                                          [ trigger_56_interact ]
/tmp/_gbsbuild/obj/trigger_57_interact.rel
                                          [ trigger_57_interact ]
/tmp/_gbsbuild/obj/trigger_58_interact.rel
                                          [ trigger_58_interact ]
/tmp/_gbsbuild/obj/trigger_59_interact.rel
                                          [ trigger_59_interact ]
/tmp/_gbsbuild/obj/trigger_6_interact.rel
                                          [ trigger_6_interact ]
/tmp/_gbsbuild/obj/trigger_60_interact.rel
                                          [ trigger_60_interact ]
/tmp/_gbsbuild/obj/trigger_61_interact.rel
                                          [ trigger_61_interact ]
/tmp/_gbsbuild/obj/trigger_62_interact.rel
                                          [ trigger_62_interact ]
/tmp/_gbsbuild/obj/trigger_63_interact.rel
                                          [ trigger_63_interact ]
/tmp/_gbsbuild/obj/trigger_64_interact.rel
                                          [ trigger_64_interact ]
/tmp/_gbsbuild/obj/trigger_65_interact.rel
                                          [ trigger_65_interact ]
/tmp/_gbsbuild/obj/trigger_66_interact.rel
                                          [ trigger_66_interact ]
/tmp/_gbsbuild/obj/trigger_67_interact.rel
                                          [ trigger_67_interact ]
/tmp/_gbsbuild/obj/trigger_68_interact.rel
                                          [ trigger_68_interact ]
/tmp/_gbsbuild/obj/trigger_69_interact.rel
                                          [ trigger_69_interact ]
/tmp/_gbsbuild/obj/trigger_7_interact.rel
                                          [ trigger_7_interact ]
/tmp/_gbsbuild/obj/trigger_70_interact.rel
                                          [ trigger_70_interact ]
/tmp/_gbsbuild/obj/trigger_71_interact.rel
                                          [ trigger_71_interact ]
/tmp/_gbsbuild/obj/trigger_72_interact.rel
                                          [ trigger_72_interact ]
/tmp/_gbsbuild/obj/trigger_73_interact.rel
                                          [ trigger_73_interact ]
/tmp/_gbsbuild/obj/trigger_74_interact.rel
                                          [ trigger_74_interact ]
/tmp/_gbsbuild/obj/trigger_75_interact.rel
                                          [ trigger_75_interact ]
/tmp/_gbsbuild/obj/trigger_76_interact.rel
                                          [ trigger_76_interact ]
/tmp/_gbsbuild/obj/trigger_77_interact.rel
                                          [ trigger_77_interact ]
/tmp/_gbsbuild/obj/trigger_78_interact.rel
                                          [ trigger_78_interact ]
/tmp/_gbsbuild/obj/trigger_79_interact.rel
                                          [ trigger_79_interact ]
/tmp/_gbsbuild/obj/trigger_8_interact.rel
                                          [ trigger_8_interact ]
/tmp/_gbsbuild/obj/trigger_80_interact.rel
                                          [ trigger_80_interact ]
/tmp/_gbsbuild/obj/trigger_81_interact.rel
                                          [ trigger_81_interact ]
/tmp/_gbsbuild/obj/trigger_82_interact.rel
                                          [ trigger_82_interact ]
/tmp/_gbsbuild/obj/trigger_83_interact.rel
                                          [ trigger_83_interact ]
/tmp/_gbsbuild/obj/trigger_84_interact.rel
                                          [ trigger_84_interact ]
/tmp/_gbsbuild/obj/trigger_85_interact.rel
                                          [ trigger_85_interact ]
/tmp/_gbsbuild/obj/trigger_86_interact.rel
                                          [ trigger_86_interact ]
/tmp/_gbsbuild/obj/trigger_87_interact.rel
                                          [ trigger_87_interact ]
/tmp/_gbsbuild/obj/trigger_88_interact.rel
                                          [ trigger_88_interact ]
/tmp/_gbsbuild/obj/trigger_89_interact.rel
                                          [ trigger_89_interact ]
/tmp/_gbsbuild/obj/trigger_9_interact.rel
                                          [ trigger_9_interact ]
/tmp/_gbsbuild/obj/trigger_90_interact.rel
                                          [ trigger_90_interact ]
/tmp/_gbsbuild/obj/trigger_91_interact.rel
                                          [ trigger_91_interact ]
/tmp/_gbsbuild/obj/trigger_92_interact.rel
                                          [ trigger_92_interact ]
/tmp/_gbsbuild/obj/trigger_93_interact.rel
                                          [ trigger_93_interact ]
/tmp/_gbsbuild/obj/main.rel               [ main ]
/tmp/_gbsbuild/obj/adventure.rel          [ adventure ]
/tmp/_gbsbuild/obj/logo.rel               [ logo ]
/tmp/_gbsbuild/obj/platform.rel           [ platform ]
/tmp/_gbsbuild/obj/pointnclick.rel        [ pointnclick ]
/tmp/_gbsbuild/obj/shmup.rel              [ shmup ]
/tmp/_gbsbuild/obj/states_ptrs.rel        [  ]
/tmp/_gbsbuild/obj/topdown.rel            [ topdown ]


Libraries Linked                          [ object file ]

/tmp/_gbstools/gbdk/lib/gb/gb.lib         [ fill_rect_wi.o ]
/tmp/_gbstools/gbdk/lib/sm83/sm83.lib     [ rand.o ]
lib/hUGEDriver.lib                        [ hUGEDriver.o ]
/tmp/_gbstools/gbdk/lib/gb/gb.lib         [ sfr.o ]
/tmp/_gbstools/gbdk/lib/gb/gb.lib         [ get_data.o ]
/tmp/_gbstools/gbdk/lib/gb/gb.lib         [ get_tile.o ]
/tmp/_gbstools/gbdk/lib/gb/gb.lib         [ cgb_palettes.o ]
/tmp/_gbstools/gbdk/lib/gb/gb.lib         [ metasprites_hide_spr.o ]
/tmp/_gbstools/gbdk/lib/sm83/sm83.lib     [ mul.o ]
/tmp/_gbstools/gbdk/lib/gb/gb.lib         [ set_tile.o ]
/tmp/_gbstools/gbdk/lib/sm83/sm83.lib     [ abs.o ]
/tmp/_gbstools/gbdk/lib/gb/gb.lib         [ set_wi_t.o ]
/tmp/_gbstools/gbdk/lib/gb/gb.lib         [ set_data.o ]
/tmp/_gbstools/gbdk/lib/sm83/sm83.lib     [ reverse.o ]
/tmp/_gbstools/gbdk/lib/gb/gb.lib         [ far_ptr.o ]
/tmp/_gbstools/gbdk/lib/gb/gb.lib         [ sgb.o ]
/tmp/_gbstools/gbdk/lib/gb/gb.lib         [ lcd.o ]
/tmp/_gbstools/gbdk/lib/gb/gb.lib         [ fill_rect.o ]
/tmp/_gbstools/gbdk/lib/gb/gb.lib         [ pad_ex.o ]
/tmp/_gbstools/gbdk/lib/gb/gb.lib         [ cpy_data.o ]
/tmp/_gbstools/gbdk/lib/gb/gb.lib         [ fill_rect_bk.o ]
/tmp/_gbstools/gbdk/lib/gb/gb.lib         [ metasprites.o ]
/tmp/_gbstools/gbdk/lib/sm83/sm83.lib     [ __sdcc_call_hl.o ]
/tmp/_gbstools/gbdk/lib/sm83/sm83.lib     [ memcpy.o ]
/tmp/_gbstools/gbdk/lib/sm83/sm83.lib     [ _memset.o ]
/tmp/_gbstools/gbdk/lib/gb/gb.lib         [ set_xy_t.o ]
/tmp/_gbstools/gbdk/lib/gb/gb.lib         [ ___sdcc_bcall_ehl.o ]
/tmp/_gbstools/gbdk/lib/gb/gb.lib         [ cgb.o ]
/tmp/_gbstools/gbdk/lib/sm83/sm83.lib     [ div.o ]
/tmp/_gbstools/gbdk/lib/gb/gb.lib         [ set_bk_t.o ]

ASxxxx Linker V03.00/V05.40 + sdld,  page 130.

User Base Address Definitions

_DATA=0xC0A0
_CODE=0x0200
ASxxxx Linker V03.00/V05.40 + sdld,  page 131.

User Global Definitions

.STACK=0xDF00
_shadow_OAM=0xC000
.refresh_OAM=0xFF80
__start_save=28

